Component: ARM Compiler 5.06 update 7 (build 960) Tool: armlink [4d3601]

==============================================================================

Section Cross References

    main.o(i.SWJ_gpio_init) refers to stm32f10x_rcc.o(i.RCC_APB2PeriphClockCmd) for RCC_APB2PeriphClockCmd
    main.o(i.SWJ_gpio_init) refers to stm32f10x_gpio.o(i.GPIO_PinRemapConfig) for GPIO_PinRemapConfig
    main.o(i.main) refers to y_rcc.o(i.rcc_init) for rcc_init
    main.o(i.main) refers to y_timer.o(i.SysTick_Init) for SysTick_Init
    main.o(i.main) refers to main.o(i.SWJ_gpio_init) for SWJ_gpio_init
    main.o(i.main) refers to y_servo.o(i.servo_init) for servo_init
    main.o(i.main) refers to y_timer.o(i.TIM2_init) for TIM2_init
    main.o(i.main) refers to y_flash.o(i.spi_flash_init) for spi_flash_init
    main.o(i.main) refers to app_gpio.o(i.app_gpio_init) for app_gpio_init
    main.o(i.main) refers to app_uart.o(i.app_uart_init) for app_uart_init
    main.o(i.main) refers to app_ps2.o(i.app_ps2_init) for app_ps2_init
    main.o(i.main) refers to app_sensor.o(i.app_sensor_init) for app_sensor_init
    main.o(i.main) refers to main.o(i.others_init) for others_init
    main.o(i.main) refers to app_gpio.o(i.app_setup_start) for app_setup_start
    main.o(i.main) refers to y_kinematics.o(i.setup_kinematics) for setup_kinematics
    main.o(i.main) refers to y_global.o(i.kinematics_move) for kinematics_move
    main.o(i.main) refers to app_gpio.o(i.app_led_run) for app_led_run
    main.o(i.main) refers to app_uart.o(i.app_uart_run) for app_uart_run
    main.o(i.main) refers to app_ps2.o(i.app_ps2_run) for app_ps2_run
    main.o(i.main) refers to y_global.o(i.loop_action) for loop_action
    main.o(i.main) refers to app_sensor.o(i.app_sensor_run) for app_sensor_run
    main.o(i.main) refers to y_kinematics.o(.bss) for kinematics
    main.o(i.others_init) refers to y_flash.o(i.spi_flash_on) for spi_flash_on
    main.o(i.others_init) refers to y_delay.o(i.delay_ms) for delay_ms
    main.o(i.others_init) refers to y_flash.o(i.spi_flash_read) for spi_flash_read
    main.o(i.others_init) refers to y_global.o(i.set_servo) for set_servo
    main.o(i.others_init) refers to y_global.o(i.parse_cmd) for parse_cmd
    main.o(i.others_init) refers to y_global.o(.bss) for eeprom_info
    main.o(i.soft_reset) refers to printf6.o(i.__0printf$6) for __2printf
    app_gpio.o(i.app_gpio_init) refers to y_led.o(i.led_init) for led_init
    app_gpio.o(i.app_gpio_init) refers to y_beep.o(i.beep_init) for beep_init
    app_gpio.o(i.app_gpio_init) refers to stm32f10x_gpio.o(i.GPIO_SetBits) for GPIO_SetBits
    app_gpio.o(i.app_gpio_init) refers to stm32f10x_gpio.o(i.GPIO_ResetBits) for GPIO_ResetBits
    app_gpio.o(i.app_key_run) refers to y_key.o(.data) for key1_pressing
    app_gpio.o(i.app_led_run) refers to y_timer.o(i.millis) for millis
    app_gpio.o(i.app_led_run) refers to stm32f10x_gpio.o(i.GPIO_ReadOutputDataBit) for GPIO_ReadOutputDataBit
    app_gpio.o(i.app_led_run) refers to stm32f10x_gpio.o(i.GPIO_WriteBit) for GPIO_WriteBit
    app_gpio.o(i.app_led_run) refers to app_gpio.o(.data) for time_count
    app_gpio.o(i.app_setup_start) refers to stm32f10x_gpio.o(i.GPIO_SetBits) for GPIO_SetBits
    app_gpio.o(i.app_setup_start) refers to stm32f10x_gpio.o(i.GPIO_ResetBits) for GPIO_ResetBits
    app_gpio.o(i.app_setup_start) refers to y_delay.o(i.delay_ms) for delay_ms
    app_uart.o(i.app_uart_init) refers to y_usart.o(i.uart1_init) for uart1_init
    app_uart.o(i.app_uart_init) refers to y_usart.o(i.uart3_init) for uart3_init
    app_uart.o(i.app_uart_init) refers to printf6.o(i.__0printf$6) for __2printf
    app_uart.o(i.app_uart_run) refers to y_global.o(i.parse_cmd) for parse_cmd
    app_uart.o(i.app_uart_run) refers to y_global.o(i.parse_action) for parse_action
    app_uart.o(i.app_uart_run) refers to y_global.o(i.save_action) for save_action
    app_uart.o(i.app_uart_run) refers to y_usart.o(.data) for uart1_get_ok
    app_uart.o(i.app_uart_run) refers to y_usart.o(.bss) for uart_receive_buf
    app_ps2.o(i.app_ps2_init) refers to y_ps2.o(i.ps2_init) for ps2_init
    app_ps2.o(i.app_ps2_run) refers to y_timer.o(i.millis) for millis
    app_ps2.o(i.app_ps2_run) refers to y_ps2.o(i.ps2_write_read) for ps2_write_read
    app_ps2.o(i.app_ps2_run) refers to app_ps2.o(i.parse_psx_buf) for parse_psx_buf
    app_ps2.o(i.app_ps2_run) refers to app_ps2.o(.data) for systick_ms_bak
    app_ps2.o(i.app_ps2_run) refers to y_ps2.o(.bss) for psx_buf
    app_ps2.o(i.parse_psx_buf) refers to memseta.o(.text) for __aeabi_memclr
    app_ps2.o(i.parse_psx_buf) refers to strlen.o(.text) for strlen
    app_ps2.o(i.parse_psx_buf) refers to memcpya.o(.text) for __aeabi_memcpy
    app_ps2.o(i.parse_psx_buf) refers to y_global.o(i.str_contain_str) for str_contain_str
    app_ps2.o(i.parse_psx_buf) refers to stm32f10x_usart.o(i.USART_ITConfig) for USART_ITConfig
    app_ps2.o(i.parse_psx_buf) refers to strcpy.o(.text) for strcpy
[...]
    i.sensor_sr_ultrasonic_read              0x080056e0   Section        0  y_sensor.o(i.sensor_sr_ultrasonic_read)
    i.servo_inc_offset                       0x080057a4   Section        0  y_servo.o(i.servo_inc_offset)
    i.servo_init                             0x08005878   Section        0  y_servo.o(i.servo_init)
    i.servo_pin_set                          0x08005934   Section        0  y_servo.o(i.servo_pin_set)
    i.set_servo                              0x080059a0   Section        0  y_global.o(i.set_servo)
    i.setup_kinematics                       0x08005a60   Section        0  y_kinematics.o(i.setup_kinematics)
    i.sin                                    0x08005aa0   Section        0  sin.o(i.sin)
    i.soft_i2c_gpio_init                     0x08005b40   Section        0  y_soft_i2c.o(i.soft_i2c_gpio_init)
    i.soft_reset                             0x08005b74   Section        0  main.o(i.soft_reset)
    i.spi_flash_erase_sector                 0x08005bb8   Section        0  y_flash.o(i.spi_flash_erase_sector)
    i.spi_flash_init                         0x08005c04   Section        0  y_flash.o(i.spi_flash_init)
    i.spi_flash_on                           0x08005cb8   Section        0  y_flash.o(i.spi_flash_on)
    i.spi_flash_read                         0x08005d18   Section        0  y_flash.o(i.spi_flash_read)
    i.spi_flash_read_SR                      0x08005d70   Section        0  y_flash.o(i.spi_flash_read_SR)
    i.spi_flash_wait_busy                    0x08005da0   Section        0  y_flash.o(i.spi_flash_wait_busy)
    i.spi_flash_write_enable                 0x08005db4   Section        0  y_flash.o(i.spi_flash_write_enable)
    i.spi_flash_write_no_check               0x08005dd8   Section        0  y_flash.o(i.spi_flash_write_no_check)
    i.spi_flash_write_page                   0x08005e20   Section        0  y_flash.o(i.spi_flash_write_page)
    i.spi_set_speed                          0x08005e8c   Section        0  y_flash.o(i.spi_set_speed)
    i.spi_write_read                         0x08005eb0   Section        0  y_flash.o(i.spi_write_read)
    i.sqrt                                   0x08005f04   Section        0  sqrt.o(i.sqrt)
    i.str_contain_str                        0x08005f50   Section        0  y_global.o(i.str_contain_str)
    i.timer1_init                            0x08005f9c   Section        0  y_timer.o(i.timer1_init)
    i.uart1_init                             0x08005fcc   Section        0  y_usart.o(i.uart1_init)
    i.uart1_send_byte                        0x08006088   Section        0  y_usart.o(i.uart1_send_byte)
    i.uart1_send_str                         0x080060a8   Section        0  y_usart.o(i.uart1_send_str)
    i.uart3_init                             0x080060c0   Section        0  y_usart.o(i.uart3_init)
    i.uart3_send_byte                        0x08006194   Section        0  y_usart.o(i.uart3_send_byte)
    i.uart3_send_str                         0x080061b4   Section        0  y_usart.o(i.uart3_send_str)
    i.ultrasonic_sensor_init                 0x080061cc   Section        0  y_sensor.o(i.ultrasonic_sensor_init)
    i.ws2812b_busy_check                     0x0800620c   Section        0  y_ws2812b.o(i.ws2812b_busy_check)
    i.ws2812b_config_gpio_AF                 0x08006234   Section        0  y_ws2812b.o(i.ws2812b_config_gpio_AF)
    i.ws2812b_config_gpio_OUT                0x08006258   Section        0  y_ws2812b.o(i.ws2812b_config_gpio_OUT)
    i.ws2812b_delay                          0x0800627c   Section        0  y_ws2812b.o(i.ws2812b_delay)
    i.ws2812b_fill                           0x08006288   Section        0  y_ws2812b.o(i.ws2812b_fill)
    i.ws2812b_init                           0x080062b0   Section        0  y_ws2812b.o(i.ws2812b_init)
    i.ws2812b_reset                          0x0800637c   Section        0  y_ws2812b.o(i.ws2812b_reset)
    i.ws2812b_show                           0x080063a4   Section        0  y_ws2812b.o(i.ws2812b_show)
    i.ws2812b_test                           0x08006420   Section        0  y_ws2812b.o(i.ws2812b_test)
    i.ws2812b_write_24bit                    0x080064e0   Section        0  y_ws2812b.o(i.ws2812b_write_24bit)
    i.zx_uart_send_str                       0x0800651c   Section        0  y_global.o(i.zx_uart_send_str)
    .constdata                               0x08006540   Section       32  y_ws2812b.o(.constdata)
    .constdata                               0x08006560   Section       80  acos.o(.constdata)
    pS                                       0x08006560   Data          48  acos.o(.constdata)
    qS                                       0x08006590   Data          32  acos.o(.constdata)
    .constdata                               0x080065b0   Section      152  atan.o(.constdata)
    atanhi                                   0x080065b0   Data          32  atan.o(.constdata)
    atanlo                                   0x080065d0   Data          32  atan.o(.constdata)
    aTodd                                    0x080065f0   Data          40  atan.o(.constdata)
    aTeven                                   0x08006618   Data          48  atan.o(.constdata)
    .constdata                               0x08006648   Section       48  cos_i.o(.constdata)
    C                                        0x08006648   Data          48  cos_i.o(.constdata)
    .constdata                               0x08006678   Section      200  rred.o(.constdata)
    pio2s                                    0x08006678   Data          48  rred.o(.constdata)
    twooverpi                                0x080066a8   Data         152  rred.o(.constdata)
    .constdata                               0x08006740   Section       40  sin_i.o(.constdata)
    S                                        0x08006740   Data          40  sin_i.o(.constdata)
    .constdata                               0x08006768   Section       64  ctype_c.o(.constdata)
    .conststring                             0x080067a8   Section     1153  app_ps2.o(.conststring)
    .data                                    0x20000000   Section        4  app_gpio.o(.data)
    time_count                               0x20000000   Data           4  app_gpio.o(.data)
    .data                                    0x20000004   Section      142  app_ps2.o(.data)
    psx_button_bak                           0x20000084   Data           2  app_ps2.o(.data)
    systick_ms_bak                           0x20000088   Data           4  app_ps2.o(.data)
    bak                                      0x2000008c   Data           2  app_ps2.o(.data)
    temp                                     0x2000008e   Data           2  app_ps2.o(.data)
    temp2                                    0x20000090   Data           2  app_ps2.o(.data)
    .data                                    0x20000094   Section       12  app_sensor.o(.data)
    AI_mode_bak                              0x20000094   Data           1  app_sensor.o(.data)
    systick_ms_bak                           0x20000098   Data           4  app_sensor.o(.data)
    systick_ms_yanse                         0x2000009c   Data           4  app_sensor.o(.data)
    .data                                    0x200000a0   Section        6  y_timer.o(.data)
    systick_ms                               0x200000a0   Data           4  y_timer.o(.data)
    flag                                     0x200000a4   Data           1  y_timer.o(.data)
    duoji_index1                             0x200000a5   Data           1  y_timer.o(.data)
    .data                                    0x200000a6   Section        8  y_usart.o(.data)
    buf_index                                0x200000aa   Data           2  y_usart.o(.data)
    buf_index                                0x200000ac   Data           2  y_usart.o(.data)
    .data                                    0x200000ae   Section        5  y_flash.o(.data)
    tmp                                      0x200000b2   Data           1  y_flash.o(.data)
    .data                                    0x200000b8   Section       52  y_global.o(.data)
    color_num                                0x200000dc   Data           1  y_global.o(.data)
    systick_ms_bak                           0x200000e0   Data           8  y_global.o(.data)
    saveTime                                 0x200000e8   Data           4  y_global.o(.data)
    .data                                    0x200000ec   Section       12  y_tcs34725.o(.data)
    .data                                    0x200000f8   Section        1  y_ws2812b.o(.data)
    send_busy_flag                           0x200000f8   Data           1  y_ws2812b.o(.data)
    .data                                    0x200000f9   Section       20  stm32f10x_rcc.o(.data)
    APBAHBPrescTable                         0x200000f9   Data          16  stm32f10x_rcc.o(.data)
    ADCPrescTable                            0x20000109   Data           4  stm32f10x_rcc.o(.data)
    .data                                    0x20000110   Section       20  system_stm32f10x.o(.data)
    .data                                    0x20000124   Section        4  stdout.o(.data)
    .data                                    0x20000128   Section        4  errno.o(.data)
    _errno                                   0x20000128   Data           4  errno.o(.data)
    .bss                                     0x2000012c   Section     1044  y_usart.o(.bss)
    str                                      0x2000052c   Data          20  y_usart.o(.bss)
    .bss                                     0x20000540   Section     4114  y_flash.o(.bss)
    .bss                                     0x20001552   Section        9  y_ps2.o(.bss)
    .bss                                     0x2000155c   Section       96  y_servo.o(.bss)
    .bss                                     0x200015bc   Section     1216  y_global.o(.bss)
    .bss                                     0x20001a7c   Section       88  y_kinematics.o(.bss)
    .bss                                     0x20001ad4   Section      288  y_ws2812b.o(.bss)
    STACK                                    0x20001bf8   Section     1024  startup_stm32f10x_md.o(STACK)

    Global Symbols

    Symbol Name                              Value     Ov Type        Size  Object(Section)

    BuildAttributes$$THM_ISAv4$P$D$K$B$S$PE$A:L22UL41UL21$X:L11$S22US41US21$IEEE1$IW$USESV6$~STKCKD$USESV7$~SHL$OTIME$ROPI$IEEEX$EBA8$MICROLIB$REQ8$PRES8$EABIv2 0x00000000   Number         0  anon$$obj.o ABSOLUTE
    __ARM_use_no_argv                        0x00000000   Number         0  main.o ABSOLUTE
    _printf_a                                0x00000000   Number         0  stubs.o ABSOLUTE
    _printf_c                                0x00000000   Number         0  stubs.o ABSOLUTE
    _printf_charcount                        0x00000000   Number         0  stubs.o ABSOLUTE
    _printf_d                                0x00000000   Number         0  stubs.o ABSOLUTE
    _printf_e                                0x00000000   Number         0  stubs.o ABSOLUTE
    _printf_f                                0x00000000   Number         0  stubs.o ABSOLUTE
    _printf_flags                            0x00000000   Number         0  stubs.o ABSOLUTE
    _printf_fp_dec                           0x00000000   Number         0  stubs.o ABSOLUTE
    _printf_fp_hex                           0x00000000   Number         0  stubs.o ABSOLUTE
    _printf_g                                0x00000000   Number         0  stubs.o ABSOLUTE
    _printf_i                                0x00000000   Number         0  stubs.o ABSOLUTE
    _printf_int_dec                          0x00000000   Number         0  stubs.o ABSOLUTE
    _printf_l                                0x00000000   Number         0  stubs.o ABSOLUTE
    _printf_lc                               0x00000000   Number         0  stubs.o ABSOLUTE
    _printf_ll                               0x00000000   Number         0  stubs.o ABSOLUTE
    _printf_lld                              0x00000000   Number         0  stubs.o ABSOLUTE
    _printf_lli                              0x00000000   Number         0  stubs.o ABSOLUTE
    _printf_llo                              0x00000000   Number         0  stubs.o ABSOLUTE
    _printf_llu                              0x00000000   Number         0  stubs.o ABSOLUTE
    _printf_llx                              0x00000000   Number         0  stubs.o ABSOLUTE
    _printf_longlong_dec                     0x00000000   Number         0  stubs.o ABSOLUTE
    _printf_longlong_hex                     0x00000000   Number         0  stubs.o ABSOLUTE
    _printf_longlong_oct                     0x00000000   Number         0  stubs.o ABSOLUTE
    _printf_ls                               0x00000000   Number         0  stubs.o ABSOLUTE
    _printf_mbtowc                           0x00000000   Number         0  stubs.o ABSOLUTE
    _printf_n                                0x00000000   Number         0  stubs.o ABSOLUTE
    _printf_o                                0x00000000   Number         0  stubs.o ABSOLUTE
    _printf_p                                0x00000000   Number         0  stubs.o ABSOLUTE
    _printf_percent                          0x00000000   Number         0  stubs.o ABSOLUTE
    _printf_pre_padding                      0x00000000   Number         0  stubs.o ABSOLUTE
    _printf_return_value                     0x00000000   Number         0  stubs.o ABSOLUTE
    _printf_s                                0x00000000   Number         0  stubs.o ABSOLUTE
    _printf_sizespec                         0x00000000   Number         0  stubs.o ABSOLUTE
    _printf_str                              0x00000000   Number         0  stubs.o ABSOLUTE
    _printf_truncate_signed                  0x00000000   Number         0  stubs.o ABSOLUTE
    _printf_truncate_unsigned                0x00000000   Number         0  stubs.o ABSOLUTE
    _printf_u                                0x00000000   Number         0  stubs.o ABSOLUTE
    _printf_wc                               0x00000000   Number         0  stubs.o ABSOLUTE
    _printf_wctomb                           0x00000000   Number         0  stubs.o ABSOLUTE
    _printf_widthprec                        0x00000000   Number         0  stubs.o ABSOLUTE
    _printf_x                                0x00000000   Number         0  stubs.o ABSOLUTE
    __arm_fini_                               - Undefined Weak Reference
    __cpp_initialize__aeabi_                  - Undefined Weak Reference
    __cxa_finalize                            - Undefined Weak Reference
    _clock_init                               - Undefined Weak Reference
    _microlib_exit                            - Undefined Weak Reference
    _scanf_longlong                           - Undefined Weak Reference
    _scanf_real                               - Undefined Weak Reference
    _scanf_string                             - Undefined Weak Reference
    __Vectors_Size                           0x000000ec   Number         0  startup_stm32f10x_md.o ABSOLUTE
    __Vectors                                0x08000000   Data           4  startup_stm32f10x_md.o(RESET)
    __Vectors_End                            0x080000ec   Data           0  startup_stm32f10x_md.o(RESET)
    __main                                   0x080000ed   Thumb Code     0  entry.o(.ARM.Collect$$$$00000000)
    _main_stk                                0x080000ed   Thumb Code     0  entry2.o(.ARM.Collect$$$$00000001)
    _main_scatterload                        0x080000f1   Thumb Code     0  entry5.o(.ARM.Collect$$$$00000004)
    __main_after_scatterload                 0x080000f5   Thumb Code     0  entry5.o(.ARM.Collect$$$$00000004)
    _main_clock                              0x080000f5   Thumb Code     0  entry7b.o(.ARM.Collect$$$$00000008)
    _main_cpp_init                           0x080000f5   Thumb Code     0  entry8b.o(.ARM.Collect$$$$0000000A)
    _main_init                               0x080000f5   Thumb Code     0  entry9a.o(.ARM.Collect$$$$0000000B)
    __rt_lib_shutdown_fini                   0x080000fd   Thumb Code     0  entry12b.o(.ARM.Collect$$$$0000000E)
    __rt_final_cpp                           0x08000101   Thumb Code     0  entry10a.o(.ARM.Collect$$$$0000000F)
    __rt_final_exit                          0x08000101   Thumb Code     0  entry11a.o(.ARM.Collect$$$$00000011)
    Reset_Handler                            0x08000105   Thumb Code     8  startup_stm32f10x_md.o(.text)
    ADC1_2_IRQHandler                        0x0800011f   Thumb Code     0  startup_stm32f10x_md.o(.text)
    CAN1_RX1_IRQHandler                      0x0800011f   Thumb Code     0  startup_stm32f10x_md.o(.text)
    CAN1_SCE_IRQHandler                      0x0800011f   Thumb Code     0  startup_stm32f10x_md.o(.text)
    DMA1_Channel1_IRQHandler                 0x0800011f   Thumb Code     0  startup_stm32f10x_md.o(.text)
    DMA1_Channel2_IRQHandler                 0x0800011f   Thumb Code     0  startup_stm32f10x_md.o(.text)
    DMA1_Channel3_IRQHandler                 0x0800011f   Thumb Code     0  startup_stm32f10x_md.o(.text)
    DMA1_Channel4_IRQHandler                 0x0800011f   Thumb Code     0  startup_stm32f10x_md.o(.text)
    DMA1_Channel5_IRQHandler                 0x0800011f   Thumb Code     0  startup_stm32f10x_md.o(.text)
    DMA1_Channel7_IRQHandler                 0x0800011f   Thumb Code     0  startup_stm32f10x_md.o(.text)
    EXTI0_IRQHandler                         0x0800011f   Thumb Code     0  startup_stm32f10x_md.o(.text)
    EXTI15_10_IRQHandler                     0x0800011f   Thumb Code     0  startup_stm32f10x_md.o(.text)
    EXTI1_IRQHandler                         0x0800011f   Thumb Code     0  startup_stm32f10x_md.o(.text)
    EXTI2_IRQHandler                         0x0800011f   Thumb Code     0  startup_stm32f10x_md.o(.text)
    EXTI3_IRQHandler                         0x0800011f   Thumb Code     0  startup_stm32f10x_md.o(.text)
    EXTI4_IRQHandler                         0x0800011f   Thumb Code     0  startup_stm32f10x_md.o(.text)
    EXTI9_5_IRQHandler                       0x0800011f   Thumb Code     0  startup_stm32f10x_md.o(.text)
    FLASH_IRQHandler                         0x0800011f   Thumb Code     0  startup_stm32f10x_md.o(.text)
    I2C1_ER_IRQHandler                       0x0800011f   Thumb Code     0  startup_stm32f10x_md.o(.text)
    I2C1_EV_IRQHandler                       0x0800011f   Thumb Code     0  startup_stm32f10x_md.o(.text)
    I2C2_ER_IRQHandler                       0x0800011f   Thumb Code     0  startup_stm32f10x_md.o(.text)
    I2C2_EV_IRQHandler                       0x0800011f   Thumb Code     0  startup_stm32f10x_md.o(.text)
    PVD_IRQHandler                           0x0800011f   Thumb Code     0  startup_stm32f10x_md.o(.text)
    RCC_IRQHandler                           0x0800011f   Thumb Code     0  startup_stm32f10x_md.o(.text)
    RTCAlarm_IRQHandler                      0x0800011f   Thumb Code     0  startup_stm32f10x_md.o(.text)
    RTC_IRQHandler                           0x0800011f   Thumb Code     0  startup_stm32f10x_md.o(.text)
    SPI1_IRQHandler                          0x0800011f   Thumb Code     0  startup_stm32f10x_md.o(.text)
    SPI2_IRQHandler                          0x0800011f   Thumb Code     0  startup_stm32f10x_md.o(.text)
    TAMPER_IRQHandler                        0x0800011f   Thumb Code     0  startup_stm32f10x_md.o(.text)
    TIM1_BRK_IRQHandler                      0x0800011f   Thumb Code     0  startup_stm32f10x_md.o(.text)
    TIM1_CC_IRQHandler                       0x0800011f   Thumb Code     0  startup_stm32f10x_md.o(.text)
    TIM1_TRG_COM_IRQHandler                  0x0800011f   Thumb Code     0  startup_stm32f10x_md.o(.text)
    TIM1_UP_IRQHandler                       0x0800011f   Thumb Code     0  startup_stm32f10x_md.o(.text)
    TIM4_IRQHandler                          0x0800011f   Thumb Code     0  startup_stm32f10x_md.o(.text)
    USART2_IRQHandler                        0x0800011f   Thumb Code     0  startup_stm32f10x_md.o(.text)
    USBWakeUp_IRQHandler                     0x0800011f   Thumb Code     0  startup_stm32f10x_md.o(.text)
    USB_HP_CAN1_TX_IRQHandler                0x0800011f   Thumb Code     0  startup_stm32f10x_md.o(.text)
    USB_LP_CAN1_RX0_IRQHandler               0x0800011f   Thumb Code     0  startup_stm32f10x_md.o(.text)
    WWDG_IRQHandler                          0x0800011f   Thumb Code     0  startup_stm32f10x_md.o(.text)
    __aeabi_memcpy                           0x08000129   Thumb Code    36  memcpya.o(.text)
    __aeabi_memcpy4                          0x08000129   Thumb Code     0  memcpya.o(.text)
    __aeabi_memcpy8                          0x08000129   Thumb Code     0  memcpya.o(.text)
    __aeabi_memset                           0x0800014d   Thumb Code    14  memseta.o(.text)
    __aeabi_memset4                          0x0800014d   Thumb Code     0  memseta.o(.text)
    __aeabi_memset8                          0x0800014d   Thumb Code     0  memseta.o(.text)
    __aeabi_memclr                           0x0800015b   Thumb Code     4  memseta.o(.text)
    __aeabi_memclr4                          0x0800015b   Thumb Code     0  memseta.o(.text)
    __aeabi_memclr8                          0x0800015b   Thumb Code     0  memseta.o(.text)
    _memset$wrapper                          0x0800015f   Thumb Code    18  memseta.o(.text)
    strlen                                   0x08000171   Thumb Code    14  strlen.o(.text)
    strcpy                                   0x0800017f   Thumb Code    18  strcpy.o(.text)
    __0sscanf                                0x08000191   Thumb Code    48  __0sscanf.o(.text)
    _scanf_int                               0x080001c9   Thumb Code   332  _scanf_int.o(.text)
    __aeabi_fadd                             0x08000315   Thumb Code   164  fadd.o(.text)
    __aeabi_fsub                             0x080003b9   Thumb Code     6  fadd.o(.text)
    __aeabi_frsub                            0x080003bf   Thumb Code     6  fadd.o(.text)
    __aeabi_fmul                             0x080003c5   Thumb Code   100  fmul.o(.text)
    __aeabi_fdiv                             0x08000429   Thumb Code   124  fdiv.o(.text)
    __aeabi_dadd                             0x080004a5   Thumb Code   322  dadd.o(.text)
    __aeabi_dsub                             0x080005e7   Thumb Code     6  dadd.o(.text)
    __aeabi_drsub                            0x080005ed   Thumb Code     6  dadd.o(.text)
    __aeabi_dmul                             0x080005f3   Thumb Code   228  dmul.o(.text)
    __aeabi_ddiv                             0x080006d7   Thumb Code   222  ddiv.o(.text)
    __aeabi_i2f                              0x080007b5   Thumb Code    18  fflti.o(.text)
    __aeabi_ui2f                             0x080007c7   Thumb Code    10  ffltui.o(.text)
    __aeabi_i2d                              0x080007d1   Thumb Code    34  dflti.o(.text)
    __aeabi_ui2d                             0x080007f3   Thumb Code    26  dfltui.o(.text)
    __aeabi_f2iz                             0x0800080d   Thumb Code    50  ffixi.o(.text)
    __aeabi_f2uiz                            0x0800083f   Thumb Code    40  ffixui.o(.text)
    __aeabi_d2iz                             0x08000867   Thumb Code    62  dfixi.o(.text)
    __aeabi_f2d                              0x080008a5   Thumb Code    38  f2d.o(.text)
    __aeabi_cdcmpeq                          0x080008cd   Thumb Code     0  cdcmple.o(.text)
    __aeabi_cdcmple                          0x080008cd   Thumb Code    48  cdcmple.o(.text)
    __aeabi_cdrcmple                         0x080008fd   Thumb Code    48  cdrcmple.o(.text)
    __aeabi_d2f                              0x0800092d   Thumb Code    56  d2f.o(.text)
    __aeabi_cfcmpeq                          0x08000965   Thumb Code     0  cfcmple.o(.text)
    __aeabi_cfcmple                          0x08000965   Thumb Code    20  cfcmple.o(.text)
    __aeabi_cfrcmple                         0x08000979   Thumb Code    20  cfrcmple.o(.text)
    __aeabi_uidiv                            0x0800098d   Thumb Code     0  uidiv.o(.text)
    __aeabi_uidivmod                         0x0800098d   Thumb Code    44  uidiv.o(.text)
    __aeabi_llsl                             0x080009b9   Thumb Code    30  llshl.o(.text)
    _ll_shift_l                              0x080009b9   Thumb Code     0  llshl.o(.text)
    __aeabi_llsr                             0x080009d7   Thumb Code    32  llushr.o(.text)
    _ll_ushift_r                             0x080009d7   Thumb Code     0  llushr.o(.text)
    __aeabi_lasr                             0x080009f7   Thumb Code    36  llsshr.o(.text)
    _ll_sshift_r                             0x080009f7   Thumb Code     0  llsshr.o(.text)
    _chval                                   0x08000a1b   Thumb Code    28  _chval.o(.text)
    __vfscanf_char                           0x08000a45   Thumb Code    20  scanf_char.o(.text)
    _sgetc                                   0x08000a61   Thumb Code    30  _sgetc.o(.text)
    _sbackspace                              0x08000a7f   Thumb Code    34  _sgetc.o(.text)
    __I$use$fp                               0x08000aa1   Thumb Code     0  iusefp.o(.text)
    _float_round                             0x08000aa1   Thumb Code    18  fepilogue.o(.text)
    _float_epilogue                          0x08000ab3   Thumb Code    92  fepilogue.o(.text)
    _double_round                            0x08000b0f   Thumb Code    30  depilogue.o(.text)
    _double_epilogue                         0x08000b2d   Thumb Code   156  depilogue.o(.text)
    __ARM_scalbn                             0x08000bc9   Thumb Code    46  dscalb.o(.text)
    scalbn                                   0x08000bc9   Thumb Code     0  dscalb.o(.text)
    _dsqrt                                   0x08000bf7   Thumb Code   162  dsqrt.o(.text)
    __scatterload                            0x08000c99   Thumb Code    28  init.o(.text)
    __scatterload_rt2                        0x08000c99   Thumb Code     0  init.o(.text)
    isspace                                  0x08000cbd   Thumb Code    10  isspace_c.o(.text)
    __vfscanf                                0x08000cc9   Thumb Code   810  _scanf.o(.text)
    __ctype_lookup                           0x08000ff9   Thumb Code    34  ctype_c.o(.text)
    __decompress                             0x08001021   Thumb Code     0  __dczerorl2.o(.text)
    __decompress1                            0x08001021   Thumb Code    86  __dczerorl2.o(.text)
    AI_chumo_init                            0x08001079   Thumb Code    32  y_sensor.o(i.AI_chumo_init)
    AI_chumo_jiaqu                           0x0800109d   Thumb Code    48  app_sensor.o(i.AI_chumo_jiaqu)
    AI_dingju_jiaqu                          0x080010dd   Thumb Code    92  app_sensor.o(i.AI_dingju_jiaqu)
    AI_hongwai_chufa                         0x08001159   Thumb Code    44  app_sensor.o(i.AI_hongwai_chufa)
    AI_hongwai_init                          0x08001199   Thumb Code    32  y_sensor.o(i.AI_hongwai_init)
    AI_shengkong_jiaqu                       0x080011bd   Thumb Code    44  app_sensor.o(i.AI_shengkong_jiaqu)
    AI_shengyin_init                         0x080011fd   Thumb Code    32  y_sensor.o(i.AI_shengyin_init)
    AI_yanse_shibie                          0x08001221   Thumb Code   192  app_sensor.o(i.AI_yanse_shibie)
    BusFault_Handler                         0x08001319   Thumb Code     4  stm32f10x_it.o(i.BusFault_Handler)
    DMA1_Channel6_IRQHandler                 0x0800131d   Thumb Code    58  y_ws2812b.o(i.DMA1_Channel6_IRQHandler)
    DMA_ClearFlag                            0x08001361   Thumb Code    18  stm32f10x_dma.o(i.DMA_ClearFlag)
    DMA_Cmd                                  0x0800137d   Thumb Code    24  stm32f10x_dma.o(i.DMA_Cmd)
    DMA_GetFlagStatus                        0x08001395   Thumb Code    36  stm32f10x_dma.o(i.DMA_GetFlagStatus)
    DMA_ITConfig                             0x080013c1   Thumb Code    18  stm32f10x_dma.o(i.DMA_ITConfig)
    DMA_Init                                 0x080013d3   Thumb Code    60  stm32f10x_dma.o(i.DMA_Init)
    DMA_SetCurrDataCounter                   0x0800140f   Thumb Code     4  stm32f10x_dma.o(i.DMA_SetCurrDataCounter)
    DebugMon_Handler                         0x08001413   Thumb Code     2  stm32f10x_it.o(i.DebugMon_Handler)
    GPIO_Init                                0x08001415   Thumb Code   278  stm32f10x_gpio.o(i.GPIO_Init)
    GPIO_PinRemapConfig                      0x0800152d   Thumb Code   138  stm32f10x_gpio.o(i.GPIO_PinRemapConfig)
    GPIO_ReadInputDataBit                    0x080015bd   Thumb Code    18  stm32f10x_gpio.o(i.GPIO_ReadInputDataBit)
    GPIO_ReadOutputDataBit                   0x080015cf   Thumb Code    18  stm32f10x_gpio.o(i.GPIO_ReadOutputDataBit)
    GPIO_ResetBits                           0x080015e1   Thumb Code     4  stm32f10x_gpio.o(i.GPIO_ResetBits)
    GPIO_SetBits                             0x080015e5   Thumb Code     4  stm32f10x_gpio.o(i.GPIO_SetBits)
    GPIO_WriteBit                            0x080015e9   Thumb Code    10  stm32f10x_gpio.o(i.GPIO_WriteBit)
    HardFault_Handler                        0x080015f3   Thumb Code     4  stm32f10x_it.o(i.HardFault_Handler)
    I2C_SCL_H                                0x080015f9   Thumb Code    12  y_soft_i2c.o(i.I2C_SCL_H)
    I2C_SCL_L                                0x08001609   Thumb Code    12  y_soft_i2c.o(i.I2C_SCL_L)
    I2C_SDA_H                                0x08001619   Thumb Code    12  y_soft_i2c.o(i.I2C_SDA_H)
    I2C_SDA_L                                0x08001629   Thumb Code    12  y_soft_i2c.o(i.I2C_SDA_L)
    I2C_SDA_Read                             0x08001639   Thumb Code    60  y_soft_i2c.o(i.I2C_SDA_Read)
    MemManage_Handler                        0x08001679   Thumb Code     4  stm32f10x_it.o(i.MemManage_Handler)
    NMI_Handler                              0x0800167d   Thumb Code     2  stm32f10x_it.o(i.NMI_Handler)
    NVIC_Init                                0x08001695   Thumb Code   100  misc.o(i.NVIC_Init)
    PendSV_Handler                           0x08001705   Thumb Code     2  stm32f10x_it.o(i.PendSV_Handler)
    RCC_AHBPeriphClockCmd                    0x08001709   Thumb Code    26  stm32f10x_rcc.o(i.RCC_AHBPeriphClockCmd)
    RCC_APB1PeriphClockCmd                   0x08001729   Thumb Code    26  stm32f10x_rcc.o(i.RCC_APB1PeriphClockCmd)
    RCC_APB1PeriphResetCmd                   0x08001749   Thumb Code    26  stm32f10x_rcc.o(i.RCC_APB1PeriphResetCmd)
    RCC_APB2PeriphClockCmd                   0x08001769   Thumb Code    26  stm32f10x_rcc.o(i.RCC_APB2PeriphClockCmd)
    RCC_APB2PeriphResetCmd                   0x08001789   Thumb Code    26  stm32f10x_rcc.o(i.RCC_APB2PeriphResetCmd)
    RCC_DeInit                               0x080017a9   Thumb Code    64  stm32f10x_rcc.o(i.RCC_DeInit)
    RCC_GetClocksFreq                        0x080017f5   Thumb Code   192  stm32f10x_rcc.o(i.RCC_GetClocksFreq)
    RCC_GetFlagStatus                        0x080018c9   Thumb Code    56  stm32f10x_rcc.o(i.RCC_GetFlagStatus)
    RCC_GetSYSCLKSource                      0x08001905   Thumb Code    10  stm32f10x_rcc.o(i.RCC_GetSYSCLKSource)
    RCC_HCLKConfig                           0x08001915   Thumb Code    18  stm32f10x_rcc.o(i.RCC_HCLKConfig)
    RCC_HSEConfig                            0x0800192d   Thumb Code    70  stm32f10x_rcc.o(i.RCC_HSEConfig)
    RCC_PCLK1Config                          0x08001979   Thumb Code    18  stm32f10x_rcc.o(i.RCC_PCLK1Config)
    RCC_PCLK2Config                          0x08001991   Thumb Code    20  stm32f10x_rcc.o(i.RCC_PCLK2Config)
    RCC_PLLCmd                               0x080019a9   Thumb Code     6  stm32f10x_rcc.o(i.RCC_PLLCmd)
    RCC_PLLConfig                            0x080019b5   Thumb Code    24  stm32f10x_rcc.o(i.RCC_PLLConfig)
    RCC_SYSCLKConfig                         0x080019d1   Thumb Code    18  stm32f10x_rcc.o(i.RCC_SYSCLKConfig)
    RCC_WaitForHSEStartUp                    0x080019e9   Thumb Code    56  stm32f10x_rcc.o(i.RCC_WaitForHSEStartUp)
    SPI_Cmd                                  0x08001a21   Thumb Code    24  stm32f10x_spi.o(i.SPI_Cmd)
    SPI_I2S_GetFlagStatus                    0x08001a39   Thumb Code    18  stm32f10x_spi.o(i.SPI_I2S_GetFlagStatus)
    SPI_I2S_ReceiveData                      0x08001a4b   Thumb Code     6  stm32f10x_spi.o(i.SPI_I2S_ReceiveData)
    SPI_I2S_SendData                         0x08001a51   Thumb Code     4  stm32f10x_spi.o(i.SPI_I2S_SendData)
    SPI_Init                                 0x08001a55   Thumb Code    60  stm32f10x_spi.o(i.SPI_Init)
    SVC_Handler                              0x08001a91   Thumb Code     2  stm32f10x_it.o(i.SVC_Handler)
    SWJ_gpio_init                            0x08001a95   Thumb Code    20  main.o(i.SWJ_gpio_init)
    SpiFlashWriteS                           0x08001b95   Thumb Code   176  y_flash.o(i.SpiFlashWriteS)
    SysTick_Handler                          0x08001c49   Thumb Code    12  y_timer.o(i.SysTick_Handler)
    SysTick_Init                             0x08001c59   Thumb Code    84  y_timer.o(i.SysTick_Init)
    SystemInit                               0x08001cb9   Thumb Code    78  system_stm32f10x.o(i.SystemInit)
    TCS34725_Enable                          0x08001d19   Thumb Code    32  y_tcs34725.o(i.TCS34725_Enable)
    TCS34725_GetChannelData                  0x08001d39   Thumb Code    34  y_tcs34725.o(i.TCS34725_GetChannelData)
    TCS34725_GetRawData                      0x08001d5b   Thumb Code    68  y_tcs34725.o(i.TCS34725_GetRawData)
    TCS34725_I2C_Read                        0x08001d9f   Thumb Code    84  y_tcs34725.o(i.TCS34725_I2C_Read)
    TCS34725_I2C_Write                       0x08001df3   Thumb Code    70  y_tcs34725.o(i.TCS34725_I2C_Write)
    TCS34725_Init                            0x08001e39   Thumb Code    52  y_tcs34725.o(i.TCS34725_Init)
    TCS34725_LedON                           0x08001e6d   Thumb Code    52  y_tcs34725.o(i.TCS34725_LedON)
    TCS34725_Read                            0x08001ea1   Thumb Code    42  y_tcs34725.o(i.TCS34725_Read)
    TCS34725_SetGain                         0x08001ecb   Thumb Code    14  y_tcs34725.o(i.TCS34725_SetGain)
    TCS34725_SetIntegrationTime              0x08001ed9   Thumb Code    14  y_tcs34725.o(i.TCS34725_SetIntegrationTime)
    TCS34725_Write                           0x08001ee7   Thumb Code    62  y_tcs34725.o(i.TCS34725_Write)
    TIM2_IRQHandler                          0x08001f25   Thumb Code   184  y_timer.o(i.TIM2_IRQHandler)
    TIM2_init                                0x08001fe9   Thumb Code   102  y_timer.o(i.TIM2_init)
    TIM3_IRQHandler                          0x08002051   Thumb Code    40  y_ws2812b.o(i.TIM3_IRQHandler)
    TIM_ARRPreloadConfig                     0x0800207d   Thumb Code    24  stm32f10x_tim.o(i.TIM_ARRPreloadConfig)
    TIM_ClearFlag                            0x08002095   Thumb Code     6  stm32f10x_tim.o(i.TIM_ClearFlag)
    TIM_ClearITPendingBit                    0x0800209b   Thumb Code     6  stm32f10x_tim.o(i.TIM_ClearITPendingBit)
    TIM_Cmd                                  0x080020a1   Thumb Code    24  stm32f10x_tim.o(i.TIM_Cmd)
    TIM_DMACmd                               0x080020b9   Thumb Code    18  stm32f10x_tim.o(i.TIM_DMACmd)
    TIM_GetITStatus                          0x080020cb   Thumb Code    34  stm32f10x_tim.o(i.TIM_GetITStatus)
    TIM_ITConfig                             0x080020ed   Thumb Code    18  stm32f10x_tim.o(i.TIM_ITConfig)
    TIM_OC1Init                              0x08002101   Thumb Code   132  stm32f10x_tim.o(i.TIM_OC1Init)
    TIM_OC1PreloadConfig                     0x08002199   Thumb Code    18  stm32f10x_tim.o(i.TIM_OC1PreloadConfig)
    TIM_SetCounter                           0x080021ab   Thumb Code     4  stm32f10x_tim.o(i.TIM_SetCounter)
    TIM_TimeBaseInit                         0x080021b1   Thumb Code   122  stm32f10x_tim.o(i.TIM_TimeBaseInit)
    USART1_IRQHandler                        0x08002255   Thumb Code   270  y_usart.o(i.USART1_IRQHandler)
    USART3_IRQHandler                        0x08002379   Thumb Code   282  y_usart.o(i.USART3_IRQHandler)
    USART_ClearITPendingBit                  0x080024ad   Thumb Code    30  stm32f10x_usart.o(i.USART_ClearITPendingBit)
    USART_ClockInit                          0x080024cb   Thumb Code    34  stm32f10x_usart.o(i.USART_ClockInit)
    USART_Cmd                                0x080024ed   Thumb Code    24  stm32f10x_usart.o(i.USART_Cmd)
    USART_DeInit                             0x08002505   Thumb Code   134  stm32f10x_usart.o(i.USART_DeInit)
    USART_GetFlagStatus                      0x080025a1   Thumb Code    26  stm32f10x_usart.o(i.USART_GetFlagStatus)
    USART_ITConfig                           0x080025bb   Thumb Code    74  stm32f10x_usart.o(i.USART_ITConfig)
    USART_Init                               0x08002605   Thumb Code   210  stm32f10x_usart.o(i.USART_Init)
    USART_ReceiveData                        0x080026dd   Thumb Code    10  stm32f10x_usart.o(i.USART_ReceiveData)
    USART_SendData                           0x080026e7   Thumb Code     8  stm32f10x_usart.o(i.USART_SendData)
    UsageFault_Handler                       0x080026ef   Thumb Code     4  stm32f10x_it.o(i.UsageFault_Handler)
    __0printf$6                              0x080026f5   Thumb Code    22  printf6.o(i.__0printf$6)
    __1printf$6                              0x080026f5   Thumb Code     0  printf6.o(i.__0printf$6)
    __2printf                                0x080026f5   Thumb Code     0  printf6.o(i.__0printf$6)
    __0sprintf$6                             0x08002715   Thumb Code    34  printf6.o(i.__0sprintf$6)
    __1sprintf$6                             0x08002715   Thumb Code     0  printf6.o(i.__0sprintf$6)
    __2sprintf                               0x08002715   Thumb Code     0  printf6.o(i.__0sprintf$6)
    __ARM_fpclassify                         0x0800273d   Thumb Code    40  fpclassify.o(i.__ARM_fpclassify)
    __ieee754_rem_pio2                       0x08002765   Thumb Code   828  rred.o(i.__ieee754_rem_pio2)
    __kernel_cos                             0x08002aed   Thumb Code   230  cos_i.o(i.__kernel_cos)
    __kernel_poly                            0x08002be9   Thumb Code   170  poly.o(i.__kernel_poly)
    __kernel_sin                             0x08002c95   Thumb Code   224  sin_i.o(i.__kernel_sin)
    __mathlib_dbl_infnan                     0x08002d81   Thumb Code     6  dunder.o(i.__mathlib_dbl_infnan)
    __mathlib_dbl_invalid                    0x08002d87   Thumb Code    12  dunder.o(i.__mathlib_dbl_invalid)
    __mathlib_dbl_underflow                  0x08002d95   Thumb Code    10  dunder.o(i.__mathlib_dbl_underflow)
    __scatterload_copy                       0x08002da5   Thumb Code    14  handlers.o(i.__scatterload_copy)
    __scatterload_null                       0x08002db3   Thumb Code     2  handlers.o(i.__scatterload_null)
    __scatterload_zeroinit                   0x08002db5   Thumb Code    14  handlers.o(i.__scatterload_zeroinit)
    __set_errno                              0x08002dc5   Thumb Code     6  errno.o(i.__set_errno)
    abs_float                                0x0800311d   Thumb Code    24  y_global.o(i.abs_float)
    acos                                     0x08003135   Thumb Code   574  acos.o(i.acos)
    app_gpio_init                            0x080033b1   Thumb Code    30  app_gpio.o(i.app_gpio_init)
    app_led_run                              0x080033d5   Thumb Code    60  app_gpio.o(i.app_led_run)
    app_ps2_init                             0x08003419   Thumb Code     8  app_ps2.o(i.app_ps2_init)
    app_ps2_run                              0x08003421   Thumb Code    82  app_ps2.o(i.app_ps2_run)
    app_sensor_init                          0x08003481   Thumb Code    62  app_sensor.o(i.app_sensor_init)
    app_sensor_run                           0x080034f1   Thumb Code   114  app_sensor.o(i.app_sensor_run)
    app_setup_start                          0x08003571   Thumb Code    64  app_gpio.o(i.app_setup_start)
    app_uart_init                            0x080035b5   Thumb Code    26  app_uart.o(i.app_uart_init)
    app_uart_run                             0x080035e9   Thumb Code    82  app_uart.o(i.app_uart_run)
    atan                                     0x08003649   Thumb Code   474  atan.o(i.atan)
    beep_init                                0x08003869   Thumb Code    38  y_beep.o(i.beep_init)
    beep_on_times                            0x08003895   Thumb Code    46  y_beep.o(i.beep_on_times)
    car_set                                  0x080038c9   Thumb Code   134  y_global.o(i.car_set)
    cos                                      0x08003999   Thumb Code   148  cos.o(i.cos)
    delay_ms                                 0x08003a35   Thumb Code    42  y_delay.o(i.delay_ms)
    delay_us                                 0x08003a5f   Thumb Code    30  y_delay.o(i.delay_us)
    do_group_once                            0x08003a7d   Thumb Code    62  y_global.o(i.do_group_once)
    duoji_doing_set                          0x08003ac5   Thumb Code   320  y_servo.o(i.duoji_doing_set)
    fputc                                    0x08003c15   Thumb Code    24  y_usart.o(i.fputc)
    getMaxTime                               0x08003c31   Thumb Code    92  y_global.o(i.getMaxTime)
    i2c_ack                                  0x08003c8d   Thumb Code    32  y_soft_i2c.o(i.i2c_ack)
    i2c_delay                                0x08003cad   Thumb Code    20  y_soft_i2c.o(i.i2c_delay)
    i2c_nack                                 0x08003cc1   Thumb Code    28  y_soft_i2c.o(i.i2c_nack)
    i2c_read_byte                            0x08003cdd   Thumb Code    66  y_soft_i2c.o(i.i2c_read_byte)
    i2c_start                                0x08003d1f   Thumb Code    32  y_soft_i2c.o(i.i2c_start)
    i2c_stop                                 0x08003d3f   Thumb Code    20  y_soft_i2c.o(i.i2c_stop)
    i2c_timeout_delay                        0x08003d53   Thumb Code    10  y_soft_i2c.o(i.i2c_timeout_delay)
    i2c_wait_ack                             0x08003d5d   Thumb Code    58  y_soft_i2c.o(i.i2c_wait_ack)
    i2c_write_byte                           0x08003d97   Thumb Code    66  y_soft_i2c.o(i.i2c_write_byte)
    int_exchange                             0x08003dd9   Thumb Code    10  y_global.o(i.int_exchange)
    kinematics_analysis                      0x08003de5   Thumb Code  1524  y_kinematics.o(i.kinematics_analysis)
    kinematics_move                          0x08004405   Thumb Code   158  y_global.o(i.kinematics_move)
    led_init                                 0x080044a9   Thumb Code    40  y_led.o(i.led_init)
    loop_action                              0x080044d5   Thumb Code   206  y_global.o(i.loop_action)
    main                                     0x080045d1   Thumb Code   112  main.o(i.main)
    millis                                   0x08004659   Thumb Code     6  y_timer.o(i.millis)
    others_init                              0x08004665   Thumb Code   144  main.o(i.others_init)
    parse_action                             0x08004701   Thumb Code   702  y_global.o(i.parse_action)
    parse_cmd                                0x080049d5   Thumb Code  1556  y_global.o(i.parse_cmd)
    parse_psx_buf                            0x08005071   Thumb Code   622  app_ps2.o(i.parse_psx_buf)
    print_group                              0x08005319   Thumb Code    90  y_global.o(i.print_group)
    ps2_init                                 0x0800537d   Thumb Code   130  y_ps2.o(i.ps2_init)
    ps2_transfer                             0x08005405   Thumb Code   110  y_ps2.o(i.ps2_transfer)
    ps2_write_read                           0x08005479   Thumb Code   116  y_ps2.o(i.ps2_write_read)
    rcc_init                                 0x080054f5   Thumb Code    94  y_rcc.o(i.rcc_init)
    replace_char                             0x08005553   Thumb Code    20  y_global.o(i.replace_char)
    rewrite_eeprom                           0x08005569   Thumb Code    40  y_global.o(i.rewrite_eeprom)
    save_action                              0x08005599   Thumb Code   274  y_global.o(i.save_action)
    sensor_sr_ultrasonic_read                0x080056e1   Thumb Code   176  y_sensor.o(i.sensor_sr_ultrasonic_read)
    servo_inc_offset                         0x080057a5   Thumb Code   208  y_servo.o(i.servo_inc_offset)
    servo_init                               0x08005879   Thumb Code   176  y_servo.o(i.servo_init)
    servo_pin_set                            0x08005935   Thumb Code   102  y_servo.o(i.servo_pin_set)
    set_servo                                0x080059a1   Thumb Code   158  y_global.o(i.set_servo)
    setup_kinematics                         0x08005a61   Thumb Code    58  y_kinematics.o(i.setup_kinematics)
    sin                                      0x08005aa1   Thumb Code   150  sin.o(i.sin)
    soft_i2c_gpio_init                       0x08005b41   Thumb Code    46  y_soft_i2c.o(i.soft_i2c_gpio_init)
    soft_reset                               0x08005b75   Thumb Code    44  main.o(i.soft_reset)
    spi_flash_erase_sector                   0x08005bb9   Thumb Code    70  y_flash.o(i.spi_flash_erase_sector)
    spi_flash_init                           0x08005c05   Thumb Code   164  y_flash.o(i.spi_flash_init)
    spi_flash_on                             0x08005cb9   Thumb Code    82  y_flash.o(i.spi_flash_on)
    spi_flash_read                           0x08005d19   Thumb Code    84  y_flash.o(i.spi_flash_read)
    spi_flash_read_SR                        0x08005d71   Thumb Code    44  y_flash.o(i.spi_flash_read_SR)
    spi_flash_wait_busy                      0x08005da1   Thumb Code    18  y_flash.o(i.spi_flash_wait_busy)
    spi_flash_write_enable                   0x08005db5   Thumb Code    32  y_flash.o(i.spi_flash_write_enable)
    spi_flash_write_no_check                 0x08005dd9   Thumb Code    70  y_flash.o(i.spi_flash_write_no_check)
    spi_flash_write_page                     0x08005e21   Thumb Code   102  y_flash.o(i.spi_flash_write_page)
    spi_set_speed                            0x08005e8d   Thumb Code    26  y_flash.o(i.spi_set_speed)
    spi_write_read                           0x08005eb1   Thumb Code    78  y_flash.o(i.spi_write_read)
    sqrt                                     0x08005f05   Thumb Code    76  sqrt.o(i.sqrt)
    str_contain_str                          0x08005f51   Thumb Code    74  y_global.o(i.str_contain_str)
    timer1_init                              0x08005f9d   Thumb Code    42  y_timer.o(i.timer1_init)
    uart1_init                               0x08005fcd   Thumb Code   180  y_usart.o(i.uart1_init)
    uart1_send_byte                          0x08006089   Thumb Code    28  y_usart.o(i.uart1_send_byte)
    uart1_send_str                           0x080060a9   Thumb Code    22  y_usart.o(i.uart1_send_str)
    uart3_init                               0x080060c1   Thumb Code   204  y_usart.o(i.uart3_init)
    uart3_send_byte                          0x08006195   Thumb Code    28  y_usart.o(i.uart3_send_byte)
    uart3_send_str                           0x080061b5   Thumb Code    22  y_usart.o(i.uart3_send_str)
    ultrasonic_sensor_init                   0x080061cd   Thumb Code    56  y_sensor.o(i.ultrasonic_sensor_init)
    ws2812b_busy_check                       0x0800620d   Thumb Code    34  y_ws2812b.o(i.ws2812b_busy_check)
    ws2812b_config_gpio_AF                   0x08006235   Thumb Code    30  y_ws2812b.o(i.ws2812b_config_gpio_AF)
    ws2812b_config_gpio_OUT                  0x08006259   Thumb Code    30  y_ws2812b.o(i.ws2812b_config_gpio_OUT)
    ws2812b_delay                            0x0800627d   Thumb Code    12  y_ws2812b.o(i.ws2812b_delay)
    ws2812b_fill                             0x08006289   Thumb Code    36  y_ws2812b.o(i.ws2812b_fill)
    ws2812b_init                             0x080062b1   Thumb Code   192  y_ws2812b.o(i.ws2812b_init)
    ws2812b_reset                            0x0800637d   Thumb Code    30  y_ws2812b.o(i.ws2812b_reset)
    ws2812b_show                             0x080063a5   Thumb Code   110  y_ws2812b.o(i.ws2812b_show)
    ws2812b_test                             0x08006421   Thumb Code   186  y_ws2812b.o(i.ws2812b_test)
    ws2812b_write_24bit                      0x080064e1   Thumb Code    54  y_ws2812b.o(i.ws2812b_write_24bit)
    zx_uart_send_str                         0x0800651d   Thumb Code    30  y_global.o(i.zx_uart_send_str)
    color_grb_buffer                         0x08006540   Data          32  y_ws2812b.o(.constdata)
    __ctype_categories                       0x08006768   Data          64  ctype_c.o(.constdata)
    Region$$Table$$Base                      0x08006c2c   Number         0  anon$$obj.o(Region$$Table)
    Region$$Table$$Limit                     0x08006c4c   Number         0  anon$$obj.o(Region$$Table)
    pre_cmd_set_red                          0x20000004   Data          64  app_ps2.o(.data)
    pre_cmd_set_grn                          0x20000044   Data          64  app_ps2.o(.data)
    uart1_get_ok                             0x200000a6   Data           2  y_usart.o(.data)
    uart1_mode                               0x200000a8   Data           1  y_usart.o(.data)
    GPIO_InitStructure                       0x200000ae   Data           4  y_flash.o(.data)
    AI_mode                                  0x200000b8   Data           1  y_global.o(.data)
    group_do_ok                              0x200000b9   Data           1  y_global.o(.data)
    do_start_index                           0x200000bc   Data           4  y_global.o(.data)
    do_time                                  0x200000c0   Data           4  y_global.o(.data)
    group_num_start                          0x200000c4   Data           4  y_global.o(.data)
    group_num_end                            0x200000c8   Data           4  y_global.o(.data)
    group_num_times                          0x200000cc   Data           4  y_global.o(.data)
    needSaveFlag                             0x200000d0   Data           1  y_global.o(.data)
    bias_systick_ms_bak                      0x200000d4   Data           4  y_global.o(.data)
    action_time                              0x200000d8   Data           4  y_global.o(.data)
    rgb                                      0x200000ec   Data           8  y_tcs34725.o(.data)
    hsl                                      0x200000f4   Data           4  y_tcs34725.o(.data)
    SystemCoreClock                          0x20000110   Data           4  system_stm32f10x.o(.data)
    AHBPrescTable                            0x20000114   Data          16  system_stm32f10x.o(.data)
    __stdout                                 0x20000124   Data           4  stdout.o(.data)
    uart_receive_buf                         0x2000012c   Data        1024  y_usart.o(.bss)
    SPI_InitStructure                        0x20000540   Data          18  y_flash.o(.bss)
    W25Q_BUF                                 0x20000552   Data        4096  y_flash.o(.bss)
    psx_buf                                  0x20001552   Data           9  y_ps2.o(.bss)
    duoji_doing                              0x2000155c   Data          96  y_servo.o(.bss)
    cmd_return                               0x200015bc   Data        1024  y_global.o(.bss)
    eeprom_info                              0x200019bc   Data         192  y_global.o(.bss)
    kinematics                               0x20001a7c   Data          88  y_kinematics.o(.bss)
    ws2812b_led_buffer                       0x20001ad4   Data         288  y_ws2812b.o(.bss)
    __initial_sp                             0x20001ff8   Data           0  startup_stm32f10x_md.o(STACK)



==============================================================================

Memory Map of the image

  Image Entry point : 0x08000105

  Load Region LR_1 (Base: 0x08000000, Size: 0x00006d78, Max: 0xffffffff, ABSOLUTE, COMPRESSED[0x00006cd0])

    Execution Region ER_RO (Exec base: 0x08000000, Load base: 0x08000000, Size: 0x00006c4c, Max: 0xffffffff, ABSOLUTE)

    Exec Addr    Load Addr    Size         Type   Attr      Idx    E Section Name        Object

    0x08000000   0x08000000   0x000000ec   Data   RO         4308    RESET               startup_stm32f10x_md.o
    0x080000ec   0x080000ec   0x00000000   Code   RO         4357  * .ARM.Collect$$$$00000000  mc_w.l(entry.o)
    0x080000ec   0x080000ec   0x00000004   Code   RO         4705    .ARM.Collect$$$$00000001  mc_w.l(entry2.o)
    0x080000f0   0x080000f0   0x00000004   Code   RO         4708    .ARM.Collect$$$$00000004  mc_w.l(entry5.o)
    0x080000f4   0x080000f4   0x00000000   Code   RO         4710    .ARM.Collect$$$$00000008  mc_w.l(entry7b.o)
    0x080000f4   0x080000f4   0x00000000   Code   RO         4712    .ARM.Collect$$$$0000000A  mc_w.l(entry8b.o)
    0x080000f4   0x080000f4   0x00000008   Code   RO         4713    .ARM.Collect$$$$0000000B  mc_w.l(entry9a.o)
    0x080000fc   0x080000fc   0x00000004   Code   RO         4720    .ARM.Collect$$$$0000000E  mc_w.l(entry12b.o)
    0x08000100   0x08000100   0x00000000   Code   RO         4715    .ARM.Collect$$$$0000000F  mc_w.l(entry10a.o)
    0x08000100   0x08000100   0x00000000   Code   RO         4717    .ARM.Collect$$$$00000011  mc_w.l(entry11a.o)
    0x08000100   0x08000100   0x00000004   Code   RO         4706    .ARM.Collect$$$$00002712  mc_w.l(entry2.o)
    0x08000104   0x08000104   0x00000024   Code   RO         4309  * .text               startup_stm32f10x_md.o
    0x08000128   0x08000128   0x00000024   Code   RO         4360    .text               mc_w.l(memcpya.o)
    0x0800014c   0x0800014c   0x00000024   Code   RO         4362    .text               mc_w.l(memseta.o)
    0x08000170   0x08000170   0x0000000e   Code   RO         4364    .text               mc_w.l(strlen.o)
    0x0800017e   0x0800017e   0x00000012   Code   RO         4366    .text               mc_w.l(strcpy.o)
    0x08000190   0x08000190   0x00000038   Code   RO         4631    .text               mc_w.l(__0sscanf.o)
    0x080001c8   0x080001c8   0x0000014c   Code   RO         4633    .text               mc_w.l(_scanf_int.o)
    0x08000314   0x08000314   0x000000b0   Code   RO         4635    .text               mf_w.l(fadd.o)
    0x080003c4   0x080003c4   0x00000064   Code   RO         4637    .text               mf_w.l(fmul.o)
    0x08000428   0x08000428   0x0000007c   Code   RO         4639    .text               mf_w.l(fdiv.o)
    0x080004a4   0x080004a4   0x0000014e   Code   RO         4641    .text               mf_w.l(dadd.o)
    0x080005f2   0x080005f2   0x000000e4   Code   RO         4643    .text               mf_w.l(dmul.o)
    0x080006d6   0x080006d6   0x000000de   Code   RO         4645    .text               mf_w.l(ddiv.o)
    0x080007b4   0x080007b4   0x00000012   Code   RO         4647    .text               mf_w.l(fflti.o)
    0x080007c6   0x080007c6   0x0000000a   Code   RO         4649    .text               mf_w.l(ffltui.o)
    0x080007d0   0x080007d0   0x00000022   Code   RO         4651    .text               mf_w.l(dflti.o)
    0x080007f2   0x080007f2   0x0000001a   Code   RO         4653    .text               mf_w.l(dfltui.o)
    0x0800080c   0x0800080c   0x00000032   Code   RO         4655    .text               mf_w.l(ffixi.o)
    0x0800083e   0x0800083e   0x00000028   Code   RO         4657    .text               mf_w.l(ffixui.o)
    0x08000866   0x08000866   0x0000003e   Code   RO         4659    .text               mf_w.l(dfixi.o)
    0x080008a4   0x080008a4   0x00000026   Code   RO         4661    .text               mf_w.l(f2d.o)
    0x080008ca   0x080008ca   0x00000002   PAD
    0x080008cc   0x080008cc   0x00000030   Code   RO         4663    .text               mf_w.l(cdcmple.o)
    0x080008fc   0x080008fc   0x00000030   Code   RO         4665    .text               mf_w.l(cdrcmple.o)
    0x0800092c   0x0800092c   0x00000038   Code   RO         4667    .text               mf_w.l(d2f.o)
    0x08000964   0x08000964   0x00000014   Code   RO         4669    .text               mf_w.l(cfcmple.o)
    0x08000978   0x08000978   0x00000014   Code   RO         4671    .text               mf_w.l(cfrcmple.o)
    0x0800098c   0x0800098c   0x0000002c   Code   RO         4722    .text               mc_w.l(uidiv.o)
    0x080009b8   0x080009b8   0x0000001e   Code   RO         4726    .text               mc_w.l(llshl.o)
    0x080009d6   0x080009d6   0x00000020   Code   RO         4728    .text               mc_w.l(llushr.o)
    0x080009f6   0x080009f6   0x00000024   Code   RO         4730    .text               mc_w.l(llsshr.o)
    0x08000a1a   0x08000a1a   0x0000001c   Code   RO         4739    .text               mc_w.l(_chval.o)
    0x08000a36   0x08000a36   0x00000002   PAD
    0x08000a38   0x08000a38   0x00000028   Code   RO         4741    .text               mc_w.l(scanf_char.o)
    0x08000a60   0x08000a60   0x00000040   Code   RO         4743    .text               mc_w.l(_sgetc.o)
    0x08000aa0   0x08000aa0   0x00000000   Code   RO         4745    .text               mc_w.l(iusefp.o)
    0x08000aa0   0x08000aa0   0x0000006e   Code   RO         4746    .text               mf_w.l(fepilogue.o)
    0x08000b0e   0x08000b0e   0x000000ba   Code   RO         4748    .text               mf_w.l(depilogue.o)
    0x08000bc8   0x08000bc8   0x0000002e   Code   RO         4750    .text               mf_w.l(dscalb.o)
    0x08000bf6   0x08000bf6   0x000000a2   Code   RO         4752    .text               mf_w.l(dsqrt.o)
    0x08000c98   0x08000c98   0x00000024   Code   RO         4756    .text               mc_w.l(init.o)
    0x08000cbc   0x08000cbc   0x0000000a   Code   RO         4758    .text               mc_w.l(isspace_c.o)
    0x08000cc6   0x08000cc6   0x00000002   PAD
    0x08000cc8   0x08000cc8   0x00000330   Code   RO         4760    .text               mc_w.l(_scanf.o)
    0x08000ff8   0x08000ff8   0x00000028   Code   RO         4762    .text               mc_w.l(ctype_c.o)
    0x08001020   0x08001020   0x00000056   Code   RO         4773    .text               mc_w.l(__dczerorl2.o)
    0x08001076   0x08001076   0x00000002   PAD
    0x08001078   0x08001078   0x00000024   Code   RO         1216    i.AI_chumo_init     y_sensor.o
    0x0800109c   0x0800109c   0x00000040   Code   RO          296    i.AI_chumo_jiaqu    app_sensor.o
    0x080010dc   0x080010dc   0x0000007c   Code   RO          297    i.AI_dingju_jiaqu   app_sensor.o
    0x08001158   0x08001158   0x00000040   Code   RO          298    i.AI_hongwai_chufa  app_sensor.o
    0x08001198   0x08001198   0x00000024   Code   RO         1217    i.AI_hongwai_init   y_sensor.o
    0x080011bc   0x080011bc   0x00000040   Code   RO          299    i.AI_shengkong_jiaqu  app_sensor.o
    0x080011fc   0x080011fc   0x00000024   Code   RO         1218    i.AI_shengyin_init  y_sensor.o
    0x08001220   0x08001220   0x000000f8   Code   RO          300    i.AI_yanse_shibie   app_sensor.o
    0x08001318   0x08001318   0x00000004   Code   RO          158    i.BusFault_Handler  stm32f10x_it.o
    0x0800131c   0x0800131c   0x00000044   Code   RO         1118    i.DMA1_Channel6_IRQHandler  y_ws2812b.o
    0x08001360   0x08001360   0x0000001c   Code   RO         1998    i.DMA_ClearFlag     stm32f10x_dma.o
    0x0800137c   0x0800137c   0x00000018   Code   RO         2000    i.DMA_Cmd           stm32f10x_dma.o
    0x08001394   0x08001394   0x0000002c   Code   RO         2003    i.DMA_GetFlagStatus  stm32f10x_dma.o
    0x080013c0   0x080013c0   0x00000012   Code   RO         2005    i.DMA_ITConfig      stm32f10x_dma.o
    0x080013d2   0x080013d2   0x0000003c   Code   RO         2006    i.DMA_Init          stm32f10x_dma.o
    0x0800140e   0x0800140e   0x00000004   Code   RO         2007    i.DMA_SetCurrDataCounter  stm32f10x_dma.o
    0x08001412   0x08001412   0x00000002   Code   RO          159    i.DebugMon_Handler  stm32f10x_it.o
    0x08001414   0x08001414   0x00000116   Code   RO         2430    i.GPIO_Init         stm32f10x_gpio.o
    0x0800152a   0x0800152a   0x00000002   PAD
    0x0800152c   0x0800152c   0x00000090   Code   RO         2432    i.GPIO_PinRemapConfig  stm32f10x_gpio.o
    0x080015bc   0x080015bc   0x00000012   Code   RO         2434    i.GPIO_ReadInputDataBit  stm32f10x_gpio.o
    0x080015ce   0x080015ce   0x00000012   Code   RO         2436    i.GPIO_ReadOutputDataBit  stm32f10x_gpio.o
    0x080015e0   0x080015e0   0x00000004   Code   RO         2437    i.GPIO_ResetBits    stm32f10x_gpio.o
    0x080015e4   0x080015e4   0x00000004   Code   RO         2438    i.GPIO_SetBits      stm32f10x_gpio.o
    0x080015e8   0x080015e8   0x0000000a   Code   RO         2441    i.GPIO_WriteBit     stm32f10x_gpio.o
    0x080015f2   0x080015f2   0x00000004   Code   RO          160    i.HardFault_Handler  stm32f10x_it.o
    0x080015f6   0x080015f6   0x00000002   PAD
    0x080015f8   0x080015f8   0x00000010   Code   RO          932    i.I2C_SCL_H         y_soft_i2c.o
    0x08001608   0x08001608   0x00000010   Code   RO          933    i.I2C_SCL_L         y_soft_i2c.o
    0x08001618   0x08001618   0x00000010   Code   RO          934    i.I2C_SDA_H         y_soft_i2c.o
    0x08001628   0x08001628   0x00000010   Code   RO          935    i.I2C_SDA_L         y_soft_i2c.o
    0x08001638   0x08001638   0x00000040   Code   RO          936    i.I2C_SDA_Read      y_soft_i2c.o
    0x08001678   0x08001678   0x00000004   Code   RO          161    i.MemManage_Handler  stm32f10x_it.o
    0x0800167c   0x0800167c   0x00000002   Code   RO          162    i.NMI_Handler       stm32f10x_it.o
    0x0800167e   0x0800167e   0x00000016   Code   RO         1119    i.NVIC_EnableIRQ    y_ws2812b.o
    0x08001694   0x08001694   0x00000070   Code   RO         1255    i.NVIC_Init         misc.o
    0x08001704   0x08001704   0x00000002   Code   RO          163    i.PendSV_Handler    stm32f10x_it.o
    0x08001706   0x08001706   0x00000002   PAD
    0x08001708   0x08001708   0x00000020   Code   RO         2851    i.RCC_AHBPeriphClockCmd  stm32f10x_rcc.o
    0x08001728   0x08001728   0x00000020   Code   RO         2852    i.RCC_APB1PeriphClockCmd  stm32f10x_rcc.o
    0x08001748   0x08001748   0x00000020   Code   RO         2853    i.RCC_APB1PeriphResetCmd  stm32f10x_rcc.o
    0x08001768   0x08001768   0x00000020   Code   RO         2854    i.RCC_APB2PeriphClockCmd  stm32f10x_rcc.o
    0x08001788   0x08001788   0x00000020   Code   RO         2855    i.RCC_APB2PeriphResetCmd  stm32f10x_rcc.o
    0x080017a8   0x080017a8   0x0000004c   Code   RO         2861    i.RCC_DeInit        stm32f10x_rcc.o
    0x080017f4   0x080017f4   0x000000d4   Code   RO         2862    i.RCC_GetClocksFreq  stm32f10x_rcc.o
    0x080018c8   0x080018c8   0x0000003c   Code   RO         2863    i.RCC_GetFlagStatus  stm32f10x_rcc.o
    0x08001904   0x08001904   0x00000010   Code   RO         2865    i.RCC_GetSYSCLKSource  stm32f10x_rcc.o
    0x08001914   0x08001914   0x00000018   Code   RO         2866    i.RCC_HCLKConfig    stm32f10x_rcc.o
    0x0800192c   0x0800192c   0x0000004c   Code   RO         2867    i.RCC_HSEConfig     stm32f10x_rcc.o
    0x08001978   0x08001978   0x00000018   Code   RO         2873    i.RCC_PCLK1Config   stm32f10x_rcc.o
    0x08001990   0x08001990   0x00000018   Code   RO         2874    i.RCC_PCLK2Config   stm32f10x_rcc.o
    0x080019a8   0x080019a8   0x0000000c   Code   RO         2875    i.RCC_PLLCmd        stm32f10x_rcc.o
    0x080019b4   0x080019b4   0x0000001c   Code   RO         2876    i.RCC_PLLConfig     stm32f10x_rcc.o
    0x080019d0   0x080019d0   0x00000018   Code   RO         2879    i.RCC_SYSCLKConfig  stm32f10x_rcc.o
    0x080019e8   0x080019e8   0x00000038   Code   RO         2881    i.RCC_WaitForHSEStartUp  stm32f10x_rcc.o
    0x08001a20   0x08001a20   0x00000018   Code   RO         3337    i.SPI_Cmd           stm32f10x_spi.o
    0x08001a38   0x08001a38   0x00000012   Code   RO         3345    i.SPI_I2S_GetFlagStatus  stm32f10x_spi.o
    0x08001a4a   0x08001a4a   0x00000006   Code   RO         3348    i.SPI_I2S_ReceiveData  stm32f10x_spi.o
    0x08001a50   0x08001a50   0x00000004   Code   RO         3349    i.SPI_I2S_SendData  stm32f10x_spi.o
    0x08001a54   0x08001a54   0x0000003c   Code   RO         3350    i.SPI_Init          stm32f10x_spi.o
    0x08001a90   0x08001a90   0x00000002   Code   RO          164    i.SVC_Handler       stm32f10x_it.o
    0x08001a92   0x08001a92   0x00000002   PAD
    0x08001a94   0x08001a94   0x00000018   Code   RO            1    i.SWJ_gpio_init     main.o
    0x08001aac   0x08001aac   0x00000008   Code   RO         4261    i.SetSysClock       system_stm32f10x.o
    0x08001ab4   0x08001ab4   0x000000e0   Code   RO         4262    i.SetSysClockTo72   system_stm32f10x.o
    0x08001b94   0x08001b94   0x000000b4   Code   RO          559    i.SpiFlashWriteS    y_flash.o
    0x08001c48   0x08001c48   0x00000010   Code   RO          396    i.SysTick_Handler   y_timer.o
    0x08001c58   0x08001c58   0x00000060   Code   RO          397    i.SysTick_Init      y_timer.o
    0x08001cb8   0x08001cb8   0x00000060   Code   RO         4264    i.SystemInit        system_stm32f10x.o
    0x08001d18   0x08001d18   0x00000020   Code   RO         1030    i.TCS34725_Enable   y_tcs34725.o
    0x08001d38   0x08001d38   0x00000022   Code   RO         1031    i.TCS34725_GetChannelData  y_tcs34725.o
    0x08001d5a   0x08001d5a   0x00000044   Code   RO         1032    i.TCS34725_GetRawData  y_tcs34725.o
    0x08001d9e   0x08001d9e   0x00000054   Code   RO         1033    i.TCS34725_I2C_Read  y_tcs34725.o
    0x08001df2   0x08001df2   0x00000046   Code   RO         1034    i.TCS34725_I2C_Write  y_tcs34725.o
    0x08001e38   0x08001e38   0x00000034   Code   RO         1035    i.TCS34725_Init     y_tcs34725.o
    0x08001e6c   0x08001e6c   0x00000034   Code   RO         1036    i.TCS34725_LedON    y_tcs34725.o
    0x08001ea0   0x08001ea0   0x0000002a   Code   RO         1037    i.TCS34725_Read     y_tcs34725.o
    0x08001eca   0x08001eca   0x0000000e   Code   RO         1038    i.TCS34725_SetGain  y_tcs34725.o
    0x08001ed8   0x08001ed8   0x0000000e   Code   RO         1039    i.TCS34725_SetIntegrationTime  y_tcs34725.o
    0x08001ee6   0x08001ee6   0x0000003e   Code   RO         1040    i.TCS34725_Write    y_tcs34725.o
    0x08001f24   0x08001f24   0x000000c4   Code   RO          398    i.TIM2_IRQHandler   y_timer.o
    0x08001fe8   0x08001fe8   0x00000066   Code   RO          399    i.TIM2_init         y_timer.o
    0x0800204e   0x0800204e   0x00000002   PAD
    0x08002050   0x08002050   0x0000002c   Code   RO         1120    i.TIM3_IRQHandler   y_ws2812b.o
    0x0800207c   0x0800207c   0x00000018   Code   RO         3480    i.TIM_ARRPreloadConfig  stm32f10x_tim.o
    0x08002094   0x08002094   0x00000006   Code   RO         3486    i.TIM_ClearFlag     stm32f10x_tim.o
    0x0800209a   0x0800209a   0x00000006   Code   RO         3487    i.TIM_ClearITPendingBit  stm32f10x_tim.o
    0x080020a0   0x080020a0   0x00000018   Code   RO         3492    i.TIM_Cmd           stm32f10x_tim.o
    0x080020b8   0x080020b8   0x00000012   Code   RO         3495    i.TIM_DMACmd        stm32f10x_tim.o
    0x080020ca   0x080020ca   0x00000022   Code   RO         3513    i.TIM_GetITStatus   stm32f10x_tim.o
    0x080020ec   0x080020ec   0x00000012   Code   RO         3517    i.TIM_ITConfig      stm32f10x_tim.o
    0x080020fe   0x080020fe   0x00000002   PAD
    0x08002100   0x08002100   0x00000098   Code   RO         3521    i.TIM_OC1Init       stm32f10x_tim.o
    0x08002198   0x08002198   0x00000012   Code   RO         3524    i.TIM_OC1PreloadConfig  stm32f10x_tim.o
    0x080021aa   0x080021aa   0x00000004   Code   RO         3557    i.TIM_SetCounter    stm32f10x_tim.o
    0x080021ae   0x080021ae   0x00000002   PAD
    0x080021b0   0x080021b0   0x000000a4   Code   RO         3563    i.TIM_TimeBaseInit  stm32f10x_tim.o
    0x08002254   0x08002254   0x00000124   Code   RO          486    i.USART1_IRQHandler  y_usart.o
    0x08002378   0x08002378   0x00000134   Code   RO          487    i.USART3_IRQHandler  y_usart.o
    0x080024ac   0x080024ac   0x0000001e   Code   RO         4025    i.USART_ClearITPendingBit  stm32f10x_usart.o
    0x080024ca   0x080024ca   0x00000022   Code   RO         4026    i.USART_ClockInit   stm32f10x_usart.o
    0x080024ec   0x080024ec   0x00000018   Code   RO         4028    i.USART_Cmd         stm32f10x_usart.o
    0x08002504   0x08002504   0x0000009c   Code   RO         4030    i.USART_DeInit      stm32f10x_usart.o
    0x080025a0   0x080025a0   0x0000001a   Code   RO         4031    i.USART_GetFlagStatus  stm32f10x_usart.o
    0x080025ba   0x080025ba   0x0000004a   Code   RO         4034    i.USART_ITConfig    stm32f10x_usart.o
    0x08002604   0x08002604   0x000000d8   Code   RO         4035    i.USART_Init        stm32f10x_usart.o
    0x080026dc   0x080026dc   0x0000000a   Code   RO         4042    i.USART_ReceiveData  stm32f10x_usart.o
    0x080026e6   0x080026e6   0x00000008   Code   RO         4045    i.USART_SendData    stm32f10x_usart.o
    0x080026ee   0x080026ee   0x00000004   Code   RO          165    i.UsageFault_Handler  stm32f10x_it.o
    0x080026f2   0x080026f2   0x00000002   PAD
    0x080026f4   0x080026f4   0x00000020   Code   RO         4525    i.__0printf$6       mc_w.l(printf6.o)
    0x08002714   0x08002714   0x00000028   Code   RO         4527    i.__0sprintf$6      mc_w.l(printf6.o)
    0x0800273c   0x0800273c   0x00000028   Code   RO         4690    i.__ARM_fpclassify  m_ws.l(fpclassify.o)
    0x08002764   0x08002764   0x00000388   Code   RO         4694    i.__ieee754_rem_pio2  m_ws.l(rred.o)
    0x08002aec   0x08002aec   0x000000fc   Code   RO         4673    i.__kernel_cos      m_ws.l(cos_i.o)
    0x08002be8   0x08002be8   0x000000aa   Code   RO         4692    i.__kernel_poly     m_ws.l(poly.o)
    0x08002c92   0x08002c92   0x00000002   PAD
    0x08002c94   0x08002c94   0x000000ec   Code   RO         4699    i.__kernel_sin      m_ws.l(sin_i.o)
    0x08002d80   0x08002d80   0x00000006   Code   RO         4677    i.__mathlib_dbl_infnan  m_ws.l(dunder.o)
    0x08002d86   0x08002d86   0x0000000c   Code   RO         4679    i.__mathlib_dbl_invalid  m_ws.l(dunder.o)
    0x08002d92   0x08002d92   0x00000002   PAD
    0x08002d94   0x08002d94   0x00000010   Code   RO         4682    i.__mathlib_dbl_underflow  m_ws.l(dunder.o)
    0x08002da4   0x08002da4   0x0000000e   Code   RO         4767    i.__scatterload_copy  mc_w.l(handlers.o)
    0x08002db2   0x08002db2   0x00000002   Code   RO         4768    i.__scatterload_null  mc_w.l(handlers.o)
    0x08002db4   0x08002db4   0x0000000e   Code   RO         4769    i.__scatterload_zeroinit  mc_w.l(handlers.o)
    0x08002dc2   0x08002dc2   0x00000002   PAD
    0x08002dc4   0x08002dc4   0x0000000c   Code   RO         4734    i.__set_errno       mc_w.l(errno.o)
    0x08002dd0   0x08002dd0   0x000002f0   Code   RO         4532    i._printf_core      mc_w.l(printf6.o)
    0x080030c0   0x080030c0   0x00000024   Code   RO         4533    i._printf_post_padding  mc_w.l(printf6.o)
    0x080030e4   0x080030e4   0x0000002e   Code   RO         4534    i._printf_pre_padding  mc_w.l(printf6.o)
    0x08003112   0x08003112   0x0000000a   Code   RO         4536    i._sputc            mc_w.l(printf6.o)
    0x0800311c   0x0800311c   0x00000018   Code   RO          768    i.abs_float         y_global.o
    0x08003134   0x08003134   0x0000027c   Code   RO         4314    i.acos              m_ws.l(acos.o)
    0x080033b0   0x080033b0   0x00000024   Code   RO          219    i.app_gpio_init     app_gpio.o
    0x080033d4   0x080033d4   0x00000044   Code   RO          221    i.app_led_run       app_gpio.o
    0x08003418   0x08003418   0x00000008   Code   RO          268    i.app_ps2_init      app_ps2.o
    0x08003420   0x08003420   0x00000060   Code   RO          269    i.app_ps2_run       app_ps2.o
    0x08003480   0x08003480   0x00000070   Code   RO          301    i.app_sensor_init   app_sensor.o
    0x080034f0   0x080034f0   0x00000080   Code   RO          302    i.app_sensor_run    app_sensor.o
    0x08003570   0x08003570   0x00000044   Code   RO          222    i.app_setup_start   app_gpio.o
    0x080035b4   0x080035b4   0x00000034   Code   RO          250    i.app_uart_init     app_uart.o
    0x080035e8   0x080035e8   0x00000060   Code   RO          251    i.app_uart_run      app_uart.o
    0x08003648   0x08003648   0x00000220   Code   RO         4324    i.atan              m_ws.l(atan.o)
    0x08003868   0x08003868   0x0000002c   Code   RO          444    i.beep_init         y_beep.o
    0x08003894   0x08003894   0x00000034   Code   RO          445    i.beep_on_times     y_beep.o
    0x080038c8   0x080038c8   0x000000d0   Code   RO          770    i.car_set           y_global.o
    0x08003998   0x08003998   0x0000009c   Code   RO         4334    i.cos               m_ws.l(cos.o)
    0x08003a34   0x08003a34   0x0000002a   Code   RO          372    i.delay_ms          y_delay.o
    0x08003a5e   0x08003a5e   0x0000001e   Code   RO          374    i.delay_us          y_delay.o
    0x08003a7c   0x08003a7c   0x00000048   Code   RO          772    i.do_group_once     y_global.o
    0x08003ac4   0x08003ac4   0x00000150   Code   RO          732    i.duoji_doing_set   y_servo.o
    0x08003c14   0x08003c14   0x0000001c   Code   RO          488    i.fputc             y_usart.o
    0x08003c30   0x08003c30   0x0000005c   Code   RO          773    i.getMaxTime        y_global.o
    0x08003c8c   0x08003c8c   0x00000020   Code   RO          937    i.i2c_ack           y_soft_i2c.o
    0x08003cac   0x08003cac   0x00000014   Code   RO          938    i.i2c_delay         y_soft_i2c.o
    0x08003cc0   0x08003cc0   0x0000001c   Code   RO          939    i.i2c_nack          y_soft_i2c.o
    0x08003cdc   0x08003cdc   0x00000042   Code   RO          940    i.i2c_read_byte     y_soft_i2c.o
    0x08003d1e   0x08003d1e   0x00000020   Code   RO          941    i.i2c_start         y_soft_i2c.o
    0x08003d3e   0x08003d3e   0x00000014   Code   RO          942    i.i2c_stop          y_soft_i2c.o
    0x08003d52   0x08003d52   0x0000000a   Code   RO          943    i.i2c_timeout_delay  y_soft_i2c.o
    0x08003d5c   0x08003d5c   0x0000003a   Code   RO          944    i.i2c_wait_ack      y_soft_i2c.o
    0x08003d96   0x08003d96   0x00000042   Code   RO          945    i.i2c_write_byte    y_soft_i2c.o
    0x08003dd8   0x08003dd8   0x0000000a   Code   RO          775    i.int_exchange      y_global.o
    0x08003de2   0x08003de2   0x00000002   PAD
    0x08003de4   0x08003de4   0x00000620   Code   RO          908    i.kinematics_analysis  y_kinematics.o
    0x08004404   0x08004404   0x000000a4   Code   RO          776    i.kinematics_move   y_global.o
    0x080044a8   0x080044a8   0x0000002c   Code   RO          360    i.led_init          y_led.o
    0x080044d4   0x080044d4   0x000000fc   Code   RO          777    i.loop_action       y_global.o
    0x080045d0   0x080045d0   0x00000088   Code   RO            2    i.main              main.o
    0x08004658   0x08004658   0x0000000c   Code   RO          400    i.millis            y_timer.o
    0x08004664   0x08004664   0x0000009c   Code   RO            3    i.others_init       main.o
    0x08004700   0x08004700   0x000002d4   Code   RO          779    i.parse_action      y_global.o
    0x080049d4   0x080049d4   0x0000069c   Code   RO          780    i.parse_cmd         y_global.o
    0x08005070   0x08005070   0x000002a8   Code   RO          270    i.parse_psx_buf     app_ps2.o
    0x08005318   0x08005318   0x00000064   Code   RO          781    i.print_group       y_global.o
    0x0800537c   0x0800537c   0x00000088   Code   RO          701    i.ps2_init          y_ps2.o
    0x08005404   0x08005404   0x00000074   Code   RO          702    i.ps2_transfer      y_ps2.o
    0x08005478   0x08005478   0x0000007c   Code   RO          703    i.ps2_write_read    y_ps2.o
    0x080054f4   0x080054f4   0x0000005e   Code   RO          348    i.rcc_init          y_rcc.o
    0x08005552   0x08005552   0x00000014   Code   RO          782    i.replace_char      y_global.o
    0x08005566   0x08005566   0x00000002   PAD
    0x08005568   0x08005568   0x00000030   Code   RO          783    i.rewrite_eeprom    y_global.o
    0x08005598   0x08005598   0x00000148   Code   RO          784    i.save_action       y_global.o
    0x080056e0   0x080056e0   0x000000c4   Code   RO         1219    i.sensor_sr_ultrasonic_read  y_sensor.o
    0x080057a4   0x080057a4   0x000000d4   Code   RO          733    i.servo_inc_offset  y_servo.o
    0x08005878   0x08005878   0x000000bc   Code   RO          734    i.servo_init        y_servo.o
    0x08005934   0x08005934   0x0000006c   Code   RO          735    i.servo_pin_set     y_servo.o
    0x080059a0   0x080059a0   0x000000c0   Code   RO          786    i.set_servo         y_global.o
    0x08005a60   0x08005a60   0x00000040   Code   RO          909    i.setup_kinematics  y_kinematics.o
    0x08005aa0   0x08005aa0   0x000000a0   Code   RO         4342    i.sin               m_ws.l(sin.o)
    0x08005b40   0x08005b40   0x00000034   Code   RO          946    i.soft_i2c_gpio_init  y_soft_i2c.o
    0x08005b74   0x08005b74   0x00000044   Code   RO            4    i.soft_reset        main.o
    0x08005bb8   0x08005bb8   0x0000004c   Code   RO          561    i.spi_flash_erase_sector  y_flash.o
    0x08005c04   0x08005c04   0x000000b4   Code   RO          562    i.spi_flash_init    y_flash.o
    0x08005cb8   0x08005cb8   0x00000060   Code   RO          563    i.spi_flash_on      y_flash.o
    0x08005d18   0x08005d18   0x00000058   Code   RO          565    i.spi_flash_read    y_flash.o
    0x08005d70   0x08005d70   0x00000030   Code   RO          566    i.spi_flash_read_SR  y_flash.o
    0x08005da0   0x08005da0   0x00000012   Code   RO          569    i.spi_flash_wait_busy  y_flash.o
    0x08005db2   0x08005db2   0x00000002   PAD
    0x08005db4   0x08005db4   0x00000024   Code   RO          575    i.spi_flash_write_enable  y_flash.o
    0x08005dd8   0x08005dd8   0x00000046   Code   RO          576    i.spi_flash_write_no_check  y_flash.o
    0x08005e1e   0x08005e1e   0x00000002   PAD
    0x08005e20   0x08005e20   0x0000006c   Code   RO          577    i.spi_flash_write_page  y_flash.o
    0x08005e8c   0x08005e8c   0x00000024   Code   RO          579    i.spi_set_speed     y_flash.o
    0x08005eb0   0x08005eb0   0x00000054   Code   RO          580    i.spi_write_read    y_flash.o
    0x08005f04   0x08005f04   0x0000004c   Code   RO         4350    i.sqrt              m_ws.l(sqrt.o)
    0x08005f50   0x08005f50   0x0000004a   Code   RO          787    i.str_contain_str   y_global.o
    0x08005f9a   0x08005f9a   0x00000002   PAD
    0x08005f9c   0x08005f9c   0x00000030   Code   RO          401    i.timer1_init       y_timer.o
    0x08005fcc   0x08005fcc   0x000000bc   Code   RO          489    i.uart1_init        y_usart.o
    0x08006088   0x08006088   0x00000020   Code   RO          490    i.uart1_send_byte   y_usart.o
    0x080060a8   0x080060a8   0x00000016   Code   RO          492    i.uart1_send_str    y_usart.o
    0x080060be   0x080060be   0x00000002   PAD
    0x080060c0   0x080060c0   0x000000d4   Code   RO          493    i.uart3_init        y_usart.o
    0x08006194   0x08006194   0x00000020   Code   RO          494    i.uart3_send_byte   y_usart.o
    0x080061b4   0x080061b4   0x00000016   Code   RO          495    i.uart3_send_str    y_usart.o
    0x080061ca   0x080061ca   0x00000002   PAD
    0x080061cc   0x080061cc   0x00000040   Code   RO         1220    i.ultrasonic_sensor_init  y_sensor.o
    0x0800620c   0x0800620c   0x00000028   Code   RO         1121    i.ws2812b_busy_check  y_ws2812b.o
    0x08006234   0x08006234   0x00000024   Code   RO         1122    i.ws2812b_config_gpio_AF  y_ws2812b.o
    0x08006258   0x08006258   0x00000024   Code   RO         1123    i.ws2812b_config_gpio_OUT  y_ws2812b.o
    0x0800627c   0x0800627c   0x0000000c   Code   RO         1124    i.ws2812b_delay     y_ws2812b.o
    0x08006288   0x08006288   0x00000028   Code   RO         1125    i.ws2812b_fill      y_ws2812b.o
    0x080062b0   0x080062b0   0x000000cc   Code   RO         1126    i.ws2812b_init      y_ws2812b.o
    0x0800637c   0x0800637c   0x00000028   Code   RO         1127    i.ws2812b_reset     y_ws2812b.o
    0x080063a4   0x080063a4   0x0000007c   Code   RO         1128    i.ws2812b_show      y_ws2812b.o
    0x08006420   0x08006420   0x000000c0   Code   RO         1130    i.ws2812b_test      y_ws2812b.o
    0x080064e0   0x080064e0   0x0000003c   Code   RO         1131    i.ws2812b_write_24bit  y_ws2812b.o
    0x0800651c   0x0800651c   0x00000024   Code   RO          788    i.zx_uart_send_str  y_global.o
    0x08006540   0x08006540   0x00000020   Data   RO         1133    .constdata          y_ws2812b.o
    0x08006560   0x08006560   0x00000050   Data   RO         4315    .constdata          m_ws.l(acos.o)
    0x080065b0   0x080065b0   0x00000098   Data   RO         4325    .constdata          m_ws.l(atan.o)
    0x08006648   0x08006648   0x00000030   Data   RO         4674    .constdata          m_ws.l(cos_i.o)
    0x08006678   0x08006678   0x000000c8   Data   RO         4696    .constdata          m_ws.l(rred.o)
    0x08006740   0x08006740   0x00000028   Data   RO         4700    .constdata          m_ws.l(sin_i.o)
    0x08006768   0x08006768   0x00000040   Data   RO         4763    .constdata          mc_w.l(ctype_c.o)
    0x080067a8   0x080067a8   0x00000481   Data   RO          271    .conststring        app_ps2.o
    0x08006c29   0x08006c29   0x00000003   PAD
    0x08006c2c   0x08006c2c   0x00000020   Data   RO         4765    Region$$Table       anon$$obj.o


    Execution Region ER_RW (Exec base: 0x20000000, Load base: 0x08006c4c, Size: 0x0000012c, Max: 0xffffffff, ABSOLUTE, COMPRESSED[0x00000084])

    Exec Addr    Load Addr    Size         Type   Attr      Idx    E Section Name        Object

    0x20000000   COMPRESSED   0x00000004   Data   RW          223    .data               app_gpio.o
    0x20000004   COMPRESSED   0x0000008e   Data   RW          272    .data               app_ps2.o
    0x20000092   COMPRESSED   0x00000002   PAD
    0x20000094   COMPRESSED   0x0000000c   Data   RW          303    .data               app_sensor.o
    0x200000a0   COMPRESSED   0x00000006   Data   RW          402    .data               y_timer.o
    0x200000a6   COMPRESSED   0x00000008   Data   RW          497    .data               y_usart.o
    0x200000ae   COMPRESSED   0x00000005   Data   RW          582    .data               y_flash.o
    0x200000b3   COMPRESSED   0x00000005   PAD
    0x200000b8   COMPRESSED   0x00000034   Data   RW          790    .data               y_global.o
    0x200000ec   COMPRESSED   0x0000000c   Data   RW         1041    .data               y_tcs34725.o
    0x200000f8   COMPRESSED   0x00000001   Data   RW         1134    .data               y_ws2812b.o
    0x200000f9   COMPRESSED   0x00000014   Data   RW         2882    .data               stm32f10x_rcc.o
    0x2000010d   COMPRESSED   0x00000003   PAD
    0x20000110   COMPRESSED   0x00000014   Data   RW         4265    .data               system_stm32f10x.o
    0x20000124   COMPRESSED   0x00000004   Data   RW         4721    .data               mc_w.l(stdout.o)
    0x20000128   COMPRESSED   0x00000004   Data   RW         4735    .data               mc_w.l(errno.o)


    Execution Region ER_ZI (Exec base: 0x2000012c, Load base: 0x08006cd0, Size: 0x00001ecc, Max: 0xffffffff, ABSOLUTE)

    Exec Addr    Load Addr    Size         Type   Attr      Idx    E Section Name        Object

    0x2000012c        -       0x00000414   Zero   RW          496    .bss                y_usart.o
    0x20000540        -       0x00001012   Zero   RW          581    .bss                y_flash.o
    0x20001552        -       0x00000009   Zero   RW          704    .bss                y_ps2.o
    0x2000155b   0x08006cd0   0x00000001   PAD
    0x2000155c        -       0x00000060   Zero   RW          736    .bss                y_servo.o
    0x200015bc        -       0x000004c0   Zero   RW          789    .bss                y_global.o
    0x20001a7c        -       0x00000058   Zero   RW          910    .bss                y_kinematics.o
    0x20001ad4        -       0x00000120   Zero   RW         1132    .bss                y_ws2812b.o
    0x20001bf4   0x08006cd0   0x00000004   PAD
    0x20001bf8        -       0x00000400   Zero   RW         4306    STACK               startup_stm32f10x_md.o


==============================================================================

Image component sizes


      Code (inc. data)   RO Data    RW Data    ZI Data      Debug   Object Name

       172         18          0          4          0       1560   app_gpio.o
       784         72       1153        142          0       2811   app_ps2.o
       804        208          0         12          0       3956   app_sensor.o
       148         40          0          0          0       1035   app_uart.o
         0          0          0          0          0         32   core_cm3.o
       384         64          0          0          0     287417   main.o
       112         12          0          0          0       1076   misc.o
        36          8        236          0       1024        840   startup_stm32f10x_md.o
       178         18          0          0          0       5257   stm32f10x_dma.o
       476          6          0          0          0       5935   stm32f10x_gpio.o
        24          0          0          0          0       3776   stm32f10x_it.o
       792        110          0         20          0      12856   stm32f10x_rcc.o
       112          0          0          0          0       4018   stm32f10x_spi.o
       468         62          0          0          0       7452   stm32f10x_tim.o
       578         28          0          0          0       7584   stm32f10x_usart.o
       328         28          0         20          0       2697   system_stm32f10x.o
        96         12          0          0          0       1160   y_beep.o
        72          0          0          0          0       1106   y_delay.o
      1020         74          0          5       4114       9047   y_flash.o
      4036        778          0         52       1216      14661   y_global.o
      1632         70          0          0         88       3494   y_kinematics.o
        44          4          0          0          0        519   y_led.o
       376         20          0          0          9       2381   y_ps2.o
        94          0          0          0          0        559   y_rcc.o
       368         40          0          0          0       3006   y_sensor.o
       844         44          0          0         96       4720   y_servo.o
       512         26          0          0          0       8236   y_soft_i2c.o
       524          0          0         12          0      10264   y_tcs34725.o
       470         40          0          6          0      19077   y_timer.o
      1136         76          0          8       1044       7104   y_usart.o
       918         84         32          1        288      23600   y_ws2812b.o

    ----------------------------------------------------------------------
     17568       1942       1456        292       7884     457236   Object Totals
         0          0         32          0          0          0   (incl. Generated)
        30          0          3         10          5          0   (incl. Padding)

    ----------------------------------------------------------------------

      Code (inc. data)   RO Data    RW Data    ZI Data      Debug   Library Member Name

       636         62         80          0          0        188   acos.o
       544         70        152          0          0        124   atan.o
       156          8          0          0          0        104   cos.o
       252         22         48          0          0        124   cos_i.o
        34          6          0          0          0        204   dunder.o
        40          0          0          0          0         68   fpclassify.o
       170          0          0          0          0         96   poly.o
       904         76        200          0          0        140   rred.o
       160         10          0          0          0        108   sin.o
       236         12         40          0          0        128   sin_i.o
        76          0          0          0          0         84   sqrt.o
        56          8          0          0          0         84   __0sscanf.o
        86          0          0          0          0          0   __dczerorl2.o
        28          0          0          0          0         68   _chval.o
       816          6          0          0          0        112   _scanf.o
       332          0          0          0          0         96   _scanf_int.o
        64          0          0          0          0         84   _sgetc.o
        40          6         64          0          0         68   ctype_c.o
         0          0          0          0          0          0   entry.o
         0          0          0          0          0          0   entry10a.o
         0          0          0          0          0          0   entry11a.o
         4          0          0          0          0          0   entry12b.o
         8          4          0          0          0          0   entry2.o
         4          0          0          0          0          0   entry5.o
         0          0          0          0          0          0   entry7b.o
         0          0          0          0          0          0   entry8b.o
         8          4          0          0          0          0   entry9a.o
        12          6          0          4          0         68   errno.o
        30          0          0          0          0          0   handlers.o
        36          8          0          0          0         68   init.o
        10          0          0          0          0         68   isspace_c.o
         0          0          0          0          0          0   iusefp.o
        30          0          0          0          0         68   llshl.o
        36          0          0          0          0         68   llsshr.o
        32          0          0          0          0         68   llushr.o
        36          0          0          0          0         68   memcpya.o
        36          0          0          0          0        108   memseta.o
       916         20          0          0          0        504   printf6.o
        40          8          0          0          0         84   scanf_char.o
         0          0          0          4          0          0   stdout.o
        18          0          0          0          0         68   strcpy.o
        14          0          0          0          0         68   strlen.o
        44          0          0          0          0         80   uidiv.o
        48          0          0          0          0         68   cdcmple.o
        48          0          0          0          0         68   cdrcmple.o
        20          0          0          0          0         68   cfcmple.o
        20          0          0          0          0         68   cfrcmple.o
        56          0          0          0          0         88   d2f.o
       334          0          0          0          0        148   dadd.o
       222          0          0          0          0        100   ddiv.o
       186          0          0          0          0        176   depilogue.o
        62          0          0          0          0         80   dfixi.o
        34          0          0          0          0         76   dflti.o
        26          0          0          0          0         76   dfltui.o
       228          0          0          0          0         96   dmul.o
        46          0          0          0          0         80   dscalb.o
       162          0          0          0          0        100   dsqrt.o
        38          0          0          0          0         68   f2d.o
       176          0          0          0          0        140   fadd.o
       124          0          0          0          0         88   fdiv.o
       110          0          0          0          0        168   fepilogue.o
        50          0          0          0          0         68   ffixi.o
        40          0          0          0          0         68   ffixui.o
        18          0          0          0          0         68   fflti.o
        10          0          0          0          0         68   ffltui.o
       100          0          0          0          0         76   fmul.o

    ----------------------------------------------------------------------
      8116        336        584          8          0       5372   Library Totals
        14          0          0          0          0          0   (incl. Padding)

    ----------------------------------------------------------------------

      Code (inc. data)   RO Data    RW Data    ZI Data      Debug   Library Name

      3208        266        520          0          0       1368   m_ws.l
      2736         70         64          8          0       1900   mc_w.l
      2158          0          0          0          0       2104   mf_w.l

    ----------------------------------------------------------------------
      8116        336        584          8          0       5372   Library Totals

    ----------------------------------------------------------------------

==============================================================================


      Code (inc. data)   RO Data    RW Data    ZI Data      Debug   

     25684       2278       2040        300       7884     450308   Grand Totals
     25684       2278       2040        132       7884     450308   ELF Image Totals (compressed)
     25684       2278       2040        132          0          0   ROM Totals

==============================================================================

    Total RO  Size (Code + RO Data)                27724 (  27.07kB)
    Total RW  Size (RW Data + ZI Data)              8184 (   7.99kB)
    Total ROM Size (Code + RO Data + RW Data)      27856 (  27.20kB)

==============================================================================

