Component: ARM Compiler 5.06 update 7 (build 960) Tool: armlink [4d3601]

==============================================================================

Section Cross References

    system_stm32f10x.o(i.SetSysClock) refers to system_stm32f10x.o(i.SetSysClockTo72) for SetSysClockTo72
    system_stm32f10x.o(i.SystemCoreClockUpdate) refers to system_stm32f10x.o(.data) for SystemCoreClock
    system_stm32f10x.o(i.SystemInit) refers to system_stm32f10x.o(i.SetSysClock) for SetSysClock
    startup_stm32f10x_md.o(RESET) refers to startup_stm32f10x_md.o(STACK) for __initial_sp
    startup_stm32f10x_md.o(RESET) refers to startup_stm32f10x_md.o(.text) for Reset_Handler
    startup_stm32f10x_md.o(RESET) refers to stm32f10x_it.o(i.NMI_Handler) for NMI_Handler
    startup_stm32f10x_md.o(RESET) refers to stm32f10x_it.o(i.HardFault_Handler) for HardFault_Handler
    startup_stm32f10x_md.o(RESET) refers to stm32f10x_it.o(i.MemManage_Handler) for MemManage_Handler
    startup_stm32f10x_md.o(RESET) refers to stm32f10x_it.o(i.BusFault_Handler) for BusFault_Handler
    startup_stm32f10x_md.o(RESET) refers to stm32f10x_it.o(i.UsageFault_Handler) for UsageFault_Handler
    startup_stm32f10x_md.o(RESET) refers to stm32f10x_it.o(i.SVC_Handler) for SVC_Handler
    startup_stm32f10x_md.o(RESET) refers to stm32f10x_it.o(i.DebugMon_Handler) for DebugMon_Handler
    startup_stm32f10x_md.o(RESET) refers to stm32f10x_it.o(i.PendSV_Handler) for PendSV_Handler
    startup_stm32f10x_md.o(RESET) refers to y_timer.o(i.SysTick_Handler) for SysTick_Handler
    startup_stm32f10x_md.o(RESET) refers to y_ws2812b.o(i.DMA1_Channel6_IRQHandler) for DMA1_Channel6_IRQHandler
    startup_stm32f10x_md.o(RESET) refers to y_timer.o(i.TIM2_IRQHandler) for TIM2_IRQHandler
    startup_stm32f10x_md.o(RESET) refers to y_ws2812b.o(i.TIM3_IRQHandler) for TIM3_IRQHandler
    startup_stm32f10x_md.o(RESET) refers to y_usart.o(i.USART1_IRQHandler) for USART1_IRQHandler
    startup_stm32f10x_md.o(RESET) refers to y_usart.o(i.USART3_IRQHandler) for USART3_IRQHandler
    startup_stm32f10x_md.o(.text) refers to system_stm32f10x.o(i.SystemInit) for SystemInit
    startup_stm32f10x_md.o(.text) refers to entry.o(.ARM.Collect$$$$00000000) for __main
    stm32f10x_adc.o(i.ADC_DeInit) refers to stm32f10x_rcc.o(i.RCC_APB2PeriphResetCmd) for RCC_APB2PeriphResetCmd
    stm32f10x_bkp.o(i.BKP_DeInit) refers to stm32f10x_rcc.o(i.RCC_BackupResetCmd) for RCC_BackupResetCmd
    stm32f10x_can.o(i.CAN_DeInit) refers to stm32f10x_rcc.o(i.RCC_APB1PeriphResetCmd) for RCC_APB1PeriphResetCmd
    stm32f10x_can.o(i.CAN_GetITStatus) refers to stm32f10x_can.o(i.CheckITStatus) for CheckITStatus
    stm32f10x_cec.o(i.CEC_DeInit) refers to stm32f10x_rcc.o(i.RCC_APB1PeriphResetCmd) for RCC_APB1PeriphResetCmd
    stm32f10x_dac.o(i.DAC_DeInit) refers to stm32f10x_rcc.o(i.RCC_APB1PeriphResetCmd) for RCC_APB1PeriphResetCmd
    stm32f10x_flash.o(i.FLASH_EnableWriteProtection) refers to stm32f10x_flash.o(i.FLASH_WaitForLastOperation) for FLASH_WaitForLastOperation
    stm32f10x_flash.o(i.FLASH_EraseAllBank1Pages) refers to stm32f10x_flash.o(i.FLASH_WaitForLastBank1Operation) for FLASH_WaitForLastBank1Operation
    stm32f10x_flash.o(i.FLASH_EraseAllPages) refers to stm32f10x_flash.o(i.FLASH_WaitForLastOperation) for FLASH_WaitForLastOperation
    stm32f10x_flash.o(i.FLASH_EraseOptionBytes) refers to stm32f10x_flash.o(i.FLASH_GetReadOutProtectionStatus) for FLASH_GetReadOutProtectionStatus
    stm32f10x_flash.o(i.FLASH_EraseOptionBytes) refers to stm32f10x_flash.o(i.FLASH_WaitForLastOperation) for FLASH_WaitForLastOperation
    stm32f10x_flash.o(i.FLASH_ErasePage) refers to stm32f10x_flash.o(i.FLASH_WaitForLastOperation) for FLASH_WaitForLastOperation
    stm32f10x_flash.o(i.FLASH_ProgramHalfWord) refers to stm32f10x_flash.o(i.FLASH_WaitForLastOperation) for FLASH_WaitForLastOperation
    stm32f10x_flash.o(i.FLASH_ProgramOptionByteData) refers to stm32f10x_flash.o(i.FLASH_WaitForLastOperation) for FLASH_WaitForLastOperation
    stm32f10x_flash.o(i.FLASH_ProgramWord) refers to stm32f10x_flash.o(i.FLASH_WaitForLastOperation) for FLASH_WaitForLastOperation
    stm32f10x_flash.o(i.FLASH_ReadOutProtection) refers to stm32f10x_flash.o(i.FLASH_WaitForLastOperation) for FLASH_WaitForLastOperation
    stm32f10x_flash.o(i.FLASH_UserOptionByteConfig) refers to stm32f10x_flash.o(i.FLASH_WaitForLastOperation) for FLASH_WaitForLastOperation
    stm32f10x_flash.o(i.FLASH_WaitForLastBank1Operation) refers to stm32f10x_flash.o(i.FLASH_GetBank1Status) for FLASH_GetBank1Status
    stm32f10x_flash.o(i.FLASH_WaitForLastOperation) refers to stm32f10x_flash.o(i.FLASH_GetBank1Status) for FLASH_GetBank1Status
    stm32f10x_gpio.o(i.GPIO_AFIODeInit) refers to stm32f10x_rcc.o(i.RCC_APB2PeriphResetCmd) for RCC_APB2PeriphResetCmd
    stm32f10x_gpio.o(i.GPIO_DeInit) refers to stm32f10x_rcc.o(i.RCC_APB2PeriphResetCmd) for RCC_APB2PeriphResetCmd
[...]
    i.app_sensor_init                        0x08003a38   Section        0  app_sensor.o(i.app_sensor_init)
    i.app_sensor_run                         0x08003aa8   Section        0  app_sensor.o(i.app_sensor_run)
    i.app_setup_start                        0x08003b28   Section        0  app_gpio.o(i.app_setup_start)
    i.app_uart_init                          0x08003b6c   Section        0  app_uart.o(i.app_uart_init)
    i.app_uart_run                           0x08003ba0   Section        0  app_uart.o(i.app_uart_run)
    i.atan                                   0x08003c00   Section        0  atan.o(i.atan)
    i.beep_init                              0x08003e20   Section        0  y_beep.o(i.beep_init)
    i.beep_on_times                          0x08003e4c   Section        0  y_beep.o(i.beep_on_times)
    i.cos                                    0x08003e80   Section        0  cos.o(i.cos)
    i.delay_ms                               0x08003f1c   Section        0  y_delay.o(i.delay_ms)
    i.delay_us                               0x08003f46   Section        0  y_delay.o(i.delay_us)
    i.do_group_once                          0x08003f64   Section        0  y_global.o(i.do_group_once)
    i.fputc                                  0x08003fa4   Section        0  y_usart.o(i.fputc)
    i.getMaxTime                             0x08003fc0   Section        0  y_global.o(i.getMaxTime)
    i.i2c_ack                                0x0800401c   Section        0  y_soft_i2c.o(i.i2c_ack)
    i.i2c_delay                              0x0800403c   Section        0  y_soft_i2c.o(i.i2c_delay)
    i.i2c_nack                               0x08004050   Section        0  y_soft_i2c.o(i.i2c_nack)
    i.i2c_read_byte                          0x0800406c   Section        0  y_soft_i2c.o(i.i2c_read_byte)
    i.i2c_start                              0x080040ae   Section        0  y_soft_i2c.o(i.i2c_start)
    i.i2c_stop                               0x080040ca   Section        0  y_soft_i2c.o(i.i2c_stop)
    i.i2c_timeout_delay                      0x080040e2   Section        0  y_soft_i2c.o(i.i2c_timeout_delay)
    i.i2c_wait_ack                           0x080040ec   Section        0  y_soft_i2c.o(i.i2c_wait_ack)
    i.i2c_write_byte                         0x08004122   Section        0  y_soft_i2c.o(i.i2c_write_byte)
    i.int_exchange                           0x08004164   Section        0  y_global.o(i.int_exchange)
    i.kinematics_analysis                    0x08004170   Section        0  y_kinematics.o(i.kinematics_analysis)
    i.kinematics_move                        0x08004790   Section        0  y_global.o(i.kinematics_move)
    i.led_init                               0x08004834   Section        0  y_led.o(i.led_init)
    i.loop_action                            0x08004860   Section        0  y_global.o(i.loop_action)
    i.loop_monitor                           0x0800495c   Section        0  y_global.o(i.loop_monitor)
    i.main                                   0x08004998   Section        0  main.o(i.main)
    i.millis                                 0x080049ec   Section        0  y_timer.o(i.millis)
    i.others_init                            0x080049f8   Section        0  main.o(i.others_init)
    i.parse_action                           0x08004ad4   Section        0  y_global.o(i.parse_action)
    i.parse_cmd                              0x08004f20   Section        0  y_global.o(i.parse_cmd)
    i.parse_psx_buf                          0x080055ac   Section        0  app_ps2.o(i.parse_psx_buf)
    i.print_group                            0x08005854   Section        0  y_global.o(i.print_group)
    i.ps2_init                               0x080058b0   Section        0  y_ps2.o(i.ps2_init)
    i.ps2_transfer                           0x08005938   Section        0  y_ps2.o(i.ps2_transfer)
    i.ps2_write_read                         0x080059ac   Section        0  y_ps2.o(i.ps2_write_read)
    i.rcc_init                               0x08005a28   Section        0  y_rcc.o(i.rcc_init)
    i.replace_char                           0x08005a86   Section        0  y_global.o(i.replace_char)
    i.rewrite_eeprom                         0x08005a9c   Section        0  y_global.o(i.rewrite_eeprom)
    i.save_action                            0x08005ac8   Section        0  y_global.o(i.save_action)
    i.sensor_sr_ultrasonic_read              0x08005c08   Section        0  y_sensor.o(i.sensor_sr_ultrasonic_read)
    i.servo_inc_offset                       0x08005ca8   Section        0  y_servo.o(i.servo_inc_offset)
    i.servo_init                             0x08005d7c   Section        0  y_servo.o(i.servo_init)
    i.servo_pin_set                          0x08005e38   Section        0  y_servo.o(i.servo_pin_set)
    i.set_servo                              0x08005ea4   Section        0  y_global.o(i.set_servo)
    i.sin                                    0x08005f7c   Section        0  sin.o(i.sin)
    i.soft_i2c_gpio_init                     0x0800601c   Section        0  y_soft_i2c.o(i.soft_i2c_gpio_init)
    i.soft_reset                             0x08006050   Section        0  main.o(i.soft_reset)
    i.spi_flash_erase_sector                 0x08006094   Section        0  y_flash.o(i.spi_flash_erase_sector)
    i.spi_flash_init                         0x080060e0   Section        0  y_flash.o(i.spi_flash_init)
    i.spi_flash_on                           0x08006194   Section        0  y_flash.o(i.spi_flash_on)
    i.spi_flash_read                         0x080061f4   Section        0  y_flash.o(i.spi_flash_read)
    i.spi_flash_read_SR                      0x0800624c   Section        0  y_flash.o(i.spi_flash_read_SR)
    i.spi_flash_wait_busy                    0x0800627c   Section        0  y_flash.o(i.spi_flash_wait_busy)
    i.spi_flash_write_enable                 0x08006290   Section        0  y_flash.o(i.spi_flash_write_enable)
    i.spi_flash_write_no_check               0x080062b4   Section        0  y_flash.o(i.spi_flash_write_no_check)
    i.spi_flash_write_page                   0x080062fc   Section        0  y_flash.o(i.spi_flash_write_page)
    i.spi_set_speed                          0x08006368   Section        0  y_flash.o(i.spi_set_speed)
    i.spi_write_read                         0x0800638c   Section        0  y_flash.o(i.spi_write_read)
    i.sqrt                                   0x080063e0   Section        0  sqrt.o(i.sqrt)
    i.str_contain_str                        0x0800642c   Section        0  y_global.o(i.str_contain_str)
    i.timer1_init                            0x08006478   Section        0  y_timer.o(i.timer1_init)
    i.uart1_init                             0x080064a8   Section        0  y_usart.o(i.uart1_init)
    i.uart1_send_byte                        0x08006564   Section        0  y_usart.o(i.uart1_send_byte)
    i.uart1_send_str                         0x08006584   Section        0  y_usart.o(i.uart1_send_str)
    i.uart3_init                             0x0800659c   Section        0  y_usart.o(i.uart3_init)
    i.uart3_send_byte                        0x08006670   Section        0  y_usart.o(i.uart3_send_byte)
    i.uart3_send_str                         0x08006690   Section        0  y_usart.o(i.uart3_send_str)
    i.ultrasonic_sensor_init                 0x080066a8   Section        0  y_sensor.o(i.ultrasonic_sensor_init)
    i.ws2812b_busy_check                     0x080066e8   Section        0  y_ws2812b.o(i.ws2812b_busy_check)
    i.ws2812b_config_gpio_AF                 0x08006710   Section        0  y_ws2812b.o(i.ws2812b_config_gpio_AF)
    i.ws2812b_config_gpio_OUT                0x08006734   Section        0  y_ws2812b.o(i.ws2812b_config_gpio_OUT)
    i.ws2812b_delay                          0x08006758   Section        0  y_ws2812b.o(i.ws2812b_delay)
    i.ws2812b_fill                           0x08006764   Section        0  y_ws2812b.o(i.ws2812b_fill)
    i.ws2812b_init                           0x0800678c   Section        0  y_ws2812b.o(i.ws2812b_init)
    i.ws2812b_reset                          0x08006858   Section        0  y_ws2812b.o(i.ws2812b_reset)
    i.ws2812b_show                           0x08006880   Section        0  y_ws2812b.o(i.ws2812b_show)
    i.ws2812b_test                           0x080068f8   Section        0  y_ws2812b.o(i.ws2812b_test)
    i.ws2812b_write_24bit                    0x080069b8   Section        0  y_ws2812b.o(i.ws2812b_write_24bit)
    i.zx_uart_send_str                       0x080069f4   Section        0  y_global.o(i.zx_uart_send_str)
    .constdata                               0x08006a18   Section       32  y_ws2812b.o(.constdata)
    .constdata                               0x08006a38   Section       80  acos.o(.constdata)
    pS                                       0x08006a38   Data          48  acos.o(.constdata)
    qS                                       0x08006a68   Data          32  acos.o(.constdata)
    .constdata                               0x08006a88   Section      152  atan.o(.constdata)
    atanhi                                   0x08006a88   Data          32  atan.o(.constdata)
    atanlo                                   0x08006aa8   Data          32  atan.o(.constdata)
    aTodd                                    0x08006ac8   Data          40  atan.o(.constdata)
    aTeven                                   0x08006af0   Data          48  atan.o(.constdata)
    .constdata                               0x08006b20   Section       48  cos_i.o(.constdata)
    C                                        0x08006b20   Data          48  cos_i.o(.constdata)
    .constdata                               0x08006b50   Section      200  rred.o(.constdata)
    pio2s                                    0x08006b50   Data          48  rred.o(.constdata)
    twooverpi                                0x08006b80   Data         152  rred.o(.constdata)
    .constdata                               0x08006c18   Section       40  sin_i.o(.constdata)
    S                                        0x08006c18   Data          40  sin_i.o(.constdata)
    .constdata                               0x08006c40   Section       64  ctype_c.o(.constdata)
    .conststring                             0x08006c80   Section     1157  app_ps2.o(.conststring)
    .data                                    0x20000000   Section       20  system_stm32f10x.o(.data)
    .data                                    0x20000014   Section       20  stm32f10x_rcc.o(.data)
    APBAHBPrescTable                         0x20000014   Data          16  stm32f10x_rcc.o(.data)
    ADCPrescTable                            0x20000024   Data           4  stm32f10x_rcc.o(.data)
    .data                                    0x20000028   Section        5  y_flash.o(.data)
    tmp                                      0x2000002c   Data           1  y_flash.o(.data)
    .data                                    0x20000030   Section       52  y_global.o(.data)
    color_num                                0x20000054   Data           1  y_global.o(.data)
    systick_ms_bak                           0x20000058   Data           8  y_global.o(.data)
    saveTime                                 0x20000060   Data           4  y_global.o(.data)
    .data                                    0x20000064   Section       12  y_tcs34725.o(.data)
    .data                                    0x20000070   Section        6  y_timer.o(.data)
    systick_ms                               0x20000070   Data           4  y_timer.o(.data)
    flag                                     0x20000074   Data           1  y_timer.o(.data)
    duoji_index1                             0x20000075   Data           1  y_timer.o(.data)
    .data                                    0x20000076   Section        8  y_usart.o(.data)
    buf_index                                0x2000007a   Data           2  y_usart.o(.data)
    buf_index                                0x2000007c   Data           2  y_usart.o(.data)
    .data                                    0x2000007e   Section        1  y_ws2812b.o(.data)
    send_busy_flag                           0x2000007e   Data           1  y_ws2812b.o(.data)
    .data                                    0x20000080   Section        4  app_gpio.o(.data)
    time_count                               0x20000080   Data           4  app_gpio.o(.data)
    .data                                    0x20000084   Section      142  app_ps2.o(.data)
    psx_button_bak                           0x20000104   Data           2  app_ps2.o(.data)
    systick_ms_bak                           0x20000108   Data           4  app_ps2.o(.data)
    bak                                      0x2000010c   Data           2  app_ps2.o(.data)
    temp                                     0x2000010e   Data           2  app_ps2.o(.data)
    temp2                                    0x20000110   Data           2  app_ps2.o(.data)
    .data                                    0x20000114   Section        8  app_sensor.o(.data)
    AI_mode_bak                              0x20000114   Data           1  app_sensor.o(.data)
    systick_ms_yanse                         0x20000118   Data           4  app_sensor.o(.data)
    .data                                    0x2000011c   Section        4  stdout.o(.data)
    .data                                    0x20000120   Section        4  errno.o(.data)
    _errno                                   0x20000120   Data           4  errno.o(.data)
    .bss                                     0x20000124   Section     4114  y_flash.o(.bss)
    .bss                                     0x20001138   Section     1216  y_global.o(.bss)
    .bss                                     0x200015f8   Section       88  y_kinematics.o(.bss)
    .bss                                     0x20001650   Section        9  y_ps2.o(.bss)
    .bss                                     0x2000165c   Section       96  y_servo.o(.bss)
    .bss                                     0x200016bc   Section     1044  y_usart.o(.bss)
    str                                      0x20001abc   Data          20  y_usart.o(.bss)
    .bss                                     0x20001ad0   Section      288  y_ws2812b.o(.bss)
    STACK                                    0x20001bf0   Section     1024  startup_stm32f10x_md.o(STACK)

    Global Symbols

    Symbol Name                              Value     Ov Type        Size  Object(Section)

    BuildAttributes$$THM_ISAv4$P$D$K$B$S$PE$A:L22UL41UL21$X:L11$S22US41US21$IEEE1$IW$USESV6$~STKCKD$USESV7$~SHL$OTIME$ROPI$IEEEX$EBA8$MICROLIB$REQ8$PRES8$EABIv2 0x00000000   Number         0  anon$$obj.o ABSOLUTE
    __ARM_use_no_argv                        0x00000000   Number         0  main.o ABSOLUTE
    _printf_a                                0x00000000   Number         0  stubs.o ABSOLUTE
    _printf_c                                0x00000000   Number         0  stubs.o ABSOLUTE
    _printf_charcount                        0x00000000   Number         0  stubs.o ABSOLUTE
    _printf_d                                0x00000000   Number         0  stubs.o ABSOLUTE
    _printf_e                                0x00000000   Number         0  stubs.o ABSOLUTE
    _printf_f                                0x00000000   Number         0  stubs.o ABSOLUTE
    _printf_flags                            0x00000000   Number         0  stubs.o ABSOLUTE
    _printf_fp_dec                           0x00000000   Number         0  stubs.o ABSOLUTE
    _printf_fp_hex                           0x00000000   Number         0  stubs.o ABSOLUTE
    _printf_g                                0x00000000   Number         0  stubs.o ABSOLUTE
    _printf_i                                0x00000000   Number         0  stubs.o ABSOLUTE
    _printf_int_dec                          0x00000000   Number         0  stubs.o ABSOLUTE
    _printf_l                                0x00000000   Number         0  stubs.o ABSOLUTE
    _printf_lc                               0x00000000   Number         0  stubs.o ABSOLUTE
    _printf_ll                               0x00000000   Number         0  stubs.o ABSOLUTE
    _printf_lld                              0x00000000   Number         0  stubs.o ABSOLUTE
    _printf_lli                              0x00000000   Number         0  stubs.o ABSOLUTE
    _printf_llo                              0x00000000   Number         0  stubs.o ABSOLUTE
    _printf_llu                              0x00000000   Number         0  stubs.o ABSOLUTE
    _printf_llx                              0x00000000   Number         0  stubs.o ABSOLUTE
    _printf_longlong_dec                     0x00000000   Number         0  stubs.o ABSOLUTE
    _printf_longlong_hex                     0x00000000   Number         0  stubs.o ABSOLUTE
    _printf_longlong_oct                     0x00000000   Number         0  stubs.o ABSOLUTE
    _printf_ls                               0x00000000   Number         0  stubs.o ABSOLUTE
    _printf_mbtowc                           0x00000000   Number         0  stubs.o ABSOLUTE
    _printf_n                                0x00000000   Number         0  stubs.o ABSOLUTE
    _printf_o                                0x00000000   Number         0  stubs.o ABSOLUTE
    _printf_p                                0x00000000   Number         0  stubs.o ABSOLUTE
    _printf_percent                          0x00000000   Number         0  stubs.o ABSOLUTE
    _printf_pre_padding                      0x00000000   Number         0  stubs.o ABSOLUTE
    _printf_return_value                     0x00000000   Number         0  stubs.o ABSOLUTE
    _printf_s                                0x00000000   Number         0  stubs.o ABSOLUTE
    _printf_sizespec                         0x00000000   Number         0  stubs.o ABSOLUTE
    _printf_str                              0x00000000   Number         0  stubs.o ABSOLUTE
    _printf_truncate_signed                  0x00000000   Number         0  stubs.o ABSOLUTE
    _printf_truncate_unsigned                0x00000000   Number         0  stubs.o ABSOLUTE
    _printf_u                                0x00000000   Number         0  stubs.o ABSOLUTE
    _printf_wc                               0x00000000   Number         0  stubs.o ABSOLUTE
    _printf_wctomb                           0x00000000   Number         0  stubs.o ABSOLUTE
    _printf_widthprec                        0x00000000   Number         0  stubs.o ABSOLUTE
    _printf_x                                0x00000000   Number         0  stubs.o ABSOLUTE
    __arm_fini_                               - Undefined Weak Reference
    __cpp_initialize__aeabi_                  - Undefined Weak Reference
    __cxa_finalize                            - Undefined Weak Reference
    __decompress                              - Undefined Weak Reference
    _clock_init                               - Undefined Weak Reference
    _microlib_exit                            - Undefined Weak Reference
    _scanf_longlong                           - Undefined Weak Reference
    _scanf_real                               - Undefined Weak Reference
    _scanf_string                             - Undefined Weak Reference
    __Vectors_Size                           0x000000ec   Number         0  startup_stm32f10x_md.o ABSOLUTE
    __Vectors                                0x08000000   Data           4  startup_stm32f10x_md.o(RESET)
    __Vectors_End                            0x080000ec   Data           0  startup_stm32f10x_md.o(RESET)
    __main                                   0x080000ed   Thumb Code     0  entry.o(.ARM.Collect$$$$00000000)
    _main_stk                                0x080000ed   Thumb Code     0  entry2.o(.ARM.Collect$$$$00000001)
    _main_scatterload                        0x080000f1   Thumb Code     0  entry5.o(.ARM.Collect$$$$00000004)
    __main_after_scatterload                 0x080000f5   Thumb Code     0  entry5.o(.ARM.Collect$$$$00000004)
    _main_clock                              0x080000f5   Thumb Code     0  entry7b.o(.ARM.Collect$$$$00000008)
    _main_cpp_init                           0x080000f5   Thumb Code     0  entry8b.o(.ARM.Collect$$$$0000000A)
    _main_init                               0x080000f5   Thumb Code     0  entry9a.o(.ARM.Collect$$$$0000000B)
    __rt_lib_shutdown_fini                   0x080000fd   Thumb Code     0  entry12b.o(.ARM.Collect$$$$0000000E)
    __rt_final_cpp                           0x08000101   Thumb Code     0  entry10a.o(.ARM.Collect$$$$0000000F)
    __rt_final_exit                          0x08000101   Thumb Code     0  entry11a.o(.ARM.Collect$$$$00000011)
    Reset_Handler                            0x08000105   Thumb Code     8  startup_stm32f10x_md.o(.text)
    ADC1_2_IRQHandler                        0x0800011f   Thumb Code     0  startup_stm32f10x_md.o(.text)
    CAN1_RX1_IRQHandler                      0x0800011f   Thumb Code     0  startup_stm32f10x_md.o(.text)
    CAN1_SCE_IRQHandler                      0x0800011f   Thumb Code     0  startup_stm32f10x_md.o(.text)
    DMA1_Channel1_IRQHandler                 0x0800011f   Thumb Code     0  startup_stm32f10x_md.o(.text)
    DMA1_Channel2_IRQHandler                 0x0800011f   Thumb Code     0  startup_stm32f10x_md.o(.text)
    DMA1_Channel3_IRQHandler                 0x0800011f   Thumb Code     0  startup_stm32f10x_md.o(.text)
    DMA1_Channel4_IRQHandler                 0x0800011f   Thumb Code     0  startup_stm32f10x_md.o(.text)
    DMA1_Channel5_IRQHandler                 0x0800011f   Thumb Code     0  startup_stm32f10x_md.o(.text)
    DMA1_Channel7_IRQHandler                 0x0800011f   Thumb Code     0  startup_stm32f10x_md.o(.text)
    EXTI0_IRQHandler                         0x0800011f   Thumb Code     0  startup_stm32f10x_md.o(.text)
    EXTI15_10_IRQHandler                     0x0800011f   Thumb Code     0  startup_stm32f10x_md.o(.text)
    EXTI1_IRQHandler                         0x0800011f   Thumb Code     0  startup_stm32f10x_md.o(.text)
    EXTI2_IRQHandler                         0x0800011f   Thumb Code     0  startup_stm32f10x_md.o(.text)
    EXTI3_IRQHandler                         0x0800011f   Thumb Code     0  startup_stm32f10x_md.o(.text)
    EXTI4_IRQHandler                         0x0800011f   Thumb Code     0  startup_stm32f10x_md.o(.text)
    EXTI9_5_IRQHandler                       0x0800011f   Thumb Code     0  startup_stm32f10x_md.o(.text)
    FLASH_IRQHandler                         0x0800011f   Thumb Code     0  startup_stm32f10x_md.o(.text)
    I2C1_ER_IRQHandler                       0x0800011f   Thumb Code     0  startup_stm32f10x_md.o(.text)
    I2C1_EV_IRQHandler                       0x0800011f   Thumb Code     0  startup_stm32f10x_md.o(.text)
    I2C2_ER_IRQHandler                       0x0800011f   Thumb Code     0  startup_stm32f10x_md.o(.text)
    I2C2_EV_IRQHandler                       0x0800011f   Thumb Code     0  startup_stm32f10x_md.o(.text)
    PVD_IRQHandler                           0x0800011f   Thumb Code     0  startup_stm32f10x_md.o(.text)
    RCC_IRQHandler                           0x0800011f   Thumb Code     0  startup_stm32f10x_md.o(.text)
    RTCAlarm_IRQHandler                      0x0800011f   Thumb Code     0  startup_stm32f10x_md.o(.text)
    RTC_IRQHandler                           0x0800011f   Thumb Code     0  startup_stm32f10x_md.o(.text)
    SPI1_IRQHandler                          0x0800011f   Thumb Code     0  startup_stm32f10x_md.o(.text)
    SPI2_IRQHandler                          0x0800011f   Thumb Code     0  startup_stm32f10x_md.o(.text)
    TAMPER_IRQHandler                        0x0800011f   Thumb Code     0  startup_stm32f10x_md.o(.text)
    TIM1_BRK_IRQHandler                      0x0800011f   Thumb Code     0  startup_stm32f10x_md.o(.text)
    TIM1_CC_IRQHandler                       0x0800011f   Thumb Code     0  startup_stm32f10x_md.o(.text)
    TIM1_TRG_COM_IRQHandler                  0x0800011f   Thumb Code     0  startup_stm32f10x_md.o(.text)
    TIM1_UP_IRQHandler                       0x0800011f   Thumb Code     0  startup_stm32f10x_md.o(.text)
    TIM4_IRQHandler                          0x0800011f   Thumb Code     0  startup_stm32f10x_md.o(.text)
    USART2_IRQHandler                        0x0800011f   Thumb Code     0  startup_stm32f10x_md.o(.text)
    USBWakeUp_IRQHandler                     0x0800011f   Thumb Code     0  startup_stm32f10x_md.o(.text)
    USB_HP_CAN1_TX_IRQHandler                0x0800011f   Thumb Code     0  startup_stm32f10x_md.o(.text)
    USB_LP_CAN1_RX0_IRQHandler               0x0800011f   Thumb Code     0  startup_stm32f10x_md.o(.text)
    WWDG_IRQHandler                          0x0800011f   Thumb Code     0  startup_stm32f10x_md.o(.text)
    __aeabi_memcpy                           0x08000129   Thumb Code    36  memcpya.o(.text)
    __aeabi_memcpy4                          0x08000129   Thumb Code     0  memcpya.o(.text)
    __aeabi_memcpy8                          0x08000129   Thumb Code     0  memcpya.o(.text)
    __aeabi_memset                           0x0800014d   Thumb Code    14  memseta.o(.text)
    __aeabi_memset4                          0x0800014d   Thumb Code     0  memseta.o(.text)
    __aeabi_memset8                          0x0800014d   Thumb Code     0  memseta.o(.text)
    __aeabi_memclr                           0x0800015b   Thumb Code     4  memseta.o(.text)
    __aeabi_memclr4                          0x0800015b   Thumb Code     0  memseta.o(.text)
    __aeabi_memclr8                          0x0800015b   Thumb Code     0  memseta.o(.text)
    _memset$wrapper                          0x0800015f   Thumb Code    18  memseta.o(.text)
    strlen                                   0x08000171   Thumb Code    14  strlen.o(.text)
    strcpy                                   0x0800017f   Thumb Code    18  strcpy.o(.text)
    __0sscanf                                0x08000191   Thumb Code    48  __0sscanf.o(.text)
    _scanf_int                               0x080001c9   Thumb Code   332  _scanf_int.o(.text)
    __aeabi_fadd                             0x08000315   Thumb Code   164  fadd.o(.text)
    __aeabi_fsub                             0x080003b9   Thumb Code     6  fadd.o(.text)
    __aeabi_frsub                            0x080003bf   Thumb Code     6  fadd.o(.text)
    __aeabi_fmul                             0x080003c5   Thumb Code   100  fmul.o(.text)
    __aeabi_fdiv                             0x08000429   Thumb Code   124  fdiv.o(.text)
    __aeabi_dadd                             0x080004a5   Thumb Code   322  dadd.o(.text)
    __aeabi_dsub                             0x080005e7   Thumb Code     6  dadd.o(.text)
    __aeabi_drsub                            0x080005ed   Thumb Code     6  dadd.o(.text)
    __aeabi_dmul                             0x080005f3   Thumb Code   228  dmul.o(.text)
    __aeabi_ddiv                             0x080006d7   Thumb Code   222  ddiv.o(.text)
    __aeabi_i2f                              0x080007b5   Thumb Code    18  fflti.o(.text)
    __aeabi_ui2f                             0x080007c7   Thumb Code    10  ffltui.o(.text)
    __aeabi_i2d                              0x080007d1   Thumb Code    34  dflti.o(.text)
    __aeabi_ui2d                             0x080007f3   Thumb Code    26  dfltui.o(.text)
    __aeabi_f2iz                             0x0800080d   Thumb Code    50  ffixi.o(.text)
    __aeabi_f2uiz                            0x0800083f   Thumb Code    40  ffixui.o(.text)
    __aeabi_d2iz                             0x08000867   Thumb Code    62  dfixi.o(.text)
    __aeabi_f2d                              0x080008a5   Thumb Code    38  f2d.o(.text)
    __aeabi_cdcmpeq                          0x080008cd   Thumb Code     0  cdcmple.o(.text)
    __aeabi_cdcmple                          0x080008cd   Thumb Code    48  cdcmple.o(.text)
    __aeabi_cdrcmple                         0x080008fd   Thumb Code    48  cdrcmple.o(.text)
    __aeabi_d2f                              0x0800092d   Thumb Code    56  d2f.o(.text)
    __aeabi_cfcmpeq                          0x08000965   Thumb Code     0  cfcmple.o(.text)
    __aeabi_cfcmple                          0x08000965   Thumb Code    20  cfcmple.o(.text)
    __aeabi_cfrcmple                         0x08000979   Thumb Code    20  cfrcmple.o(.text)
    __aeabi_uidiv                            0x0800098d   Thumb Code     0  uidiv.o(.text)
    __aeabi_uidivmod                         0x0800098d   Thumb Code    44  uidiv.o(.text)
    __aeabi_uldivmod                         0x080009b9   Thumb Code    98  uldiv.o(.text)
    __aeabi_llsl                             0x08000a1b   Thumb Code    30  llshl.o(.text)
    _ll_shift_l                              0x08000a1b   Thumb Code     0  llshl.o(.text)
    __aeabi_llsr                             0x08000a39   Thumb Code    32  llushr.o(.text)
    _ll_ushift_r                             0x08000a39   Thumb Code     0  llushr.o(.text)
    __aeabi_lasr                             0x08000a59   Thumb Code    36  llsshr.o(.text)
    _ll_sshift_r                             0x08000a59   Thumb Code     0  llsshr.o(.text)
    _chval                                   0x08000a7d   Thumb Code    28  _chval.o(.text)
    __vfscanf_char                           0x08000aa5   Thumb Code    20  scanf_char.o(.text)
    _sgetc                                   0x08000ac1   Thumb Code    30  _sgetc.o(.text)
    _sbackspace                              0x08000adf   Thumb Code    34  _sgetc.o(.text)
    __I$use$fp                               0x08000b01   Thumb Code     0  iusefp.o(.text)
    _float_round                             0x08000b01   Thumb Code    18  fepilogue.o(.text)
    _float_epilogue                          0x08000b13   Thumb Code    92  fepilogue.o(.text)
    _double_round                            0x08000b6f   Thumb Code    30  depilogue.o(.text)
    _double_epilogue                         0x08000b8d   Thumb Code   156  depilogue.o(.text)
    __ARM_scalbn                             0x08000c29   Thumb Code    46  dscalb.o(.text)
    scalbn                                   0x08000c29   Thumb Code     0  dscalb.o(.text)
    _dsqrt                                   0x08000c57   Thumb Code   162  dsqrt.o(.text)
    __aeabi_d2ulz                            0x08000cf9   Thumb Code    48  dfixul.o(.text)
    __scatterload                            0x08000d29   Thumb Code    28  init.o(.text)
    __scatterload_rt2                        0x08000d29   Thumb Code     0  init.o(.text)
    isspace                                  0x08000d4d   Thumb Code    10  isspace_c.o(.text)
    __vfscanf                                0x08000d59   Thumb Code   810  _scanf.o(.text)
    __ctype_lookup                           0x08001089   Thumb Code    34  ctype_c.o(.text)
    AI_chumo_init                            0x080010b1   Thumb Code    32  y_sensor.o(i.AI_chumo_init)
    AI_chumo_jiaqu                           0x080010d5   Thumb Code    48  app_sensor.o(i.AI_chumo_jiaqu)
    AI_dingju_jiaqu                          0x08001119   Thumb Code   154  app_sensor.o(i.AI_dingju_jiaqu)
    AI_hongwai_chufa                         0x080011d5   Thumb Code    44  app_sensor.o(i.AI_hongwai_chufa)
    AI_hongwai_init                          0x08001215   Thumb Code    32  y_sensor.o(i.AI_hongwai_init)
    AI_shengkong_jiaqu                       0x08001239   Thumb Code    44  app_sensor.o(i.AI_shengkong_jiaqu)
    AI_shengyin_init                         0x08001279   Thumb Code    32  y_sensor.o(i.AI_shengyin_init)
    AI_yanse_shibie                          0x0800129d   Thumb Code   194  app_sensor.o(i.AI_yanse_shibie)
    BusFault_Handler                         0x0800139d   Thumb Code     4  stm32f10x_it.o(i.BusFault_Handler)
    DMA1_Channel6_IRQHandler                 0x080013a1   Thumb Code    58  y_ws2812b.o(i.DMA1_Channel6_IRQHandler)
    DMA_ClearFlag                            0x080013e5   Thumb Code    18  stm32f10x_dma.o(i.DMA_ClearFlag)
    DMA_Cmd                                  0x08001401   Thumb Code    24  stm32f10x_dma.o(i.DMA_Cmd)
    DMA_GetFlagStatus                        0x08001419   Thumb Code    36  stm32f10x_dma.o(i.DMA_GetFlagStatus)
    DMA_ITConfig                             0x08001445   Thumb Code    18  stm32f10x_dma.o(i.DMA_ITConfig)
    DMA_Init                                 0x08001457   Thumb Code    60  stm32f10x_dma.o(i.DMA_Init)
    DMA_SetCurrDataCounter                   0x08001493   Thumb Code     4  stm32f10x_dma.o(i.DMA_SetCurrDataCounter)
    DebugMon_Handler                         0x08001497   Thumb Code     2  stm32f10x_it.o(i.DebugMon_Handler)
    GPIO_Init                                0x08001499   Thumb Code   278  stm32f10x_gpio.o(i.GPIO_Init)
    GPIO_PinRemapConfig                      0x080015b1   Thumb Code   138  stm32f10x_gpio.o(i.GPIO_PinRemapConfig)
    GPIO_ReadInputDataBit                    0x08001641   Thumb Code    18  stm32f10x_gpio.o(i.GPIO_ReadInputDataBit)
    GPIO_ReadOutputDataBit                   0x08001653   Thumb Code    18  stm32f10x_gpio.o(i.GPIO_ReadOutputDataBit)
    GPIO_ResetBits                           0x08001665   Thumb Code     4  stm32f10x_gpio.o(i.GPIO_ResetBits)
    GPIO_SetBits                             0x08001669   Thumb Code     4  stm32f10x_gpio.o(i.GPIO_SetBits)
    GPIO_WriteBit                            0x0800166d   Thumb Code    10  stm32f10x_gpio.o(i.GPIO_WriteBit)
    HardFault_Handler                        0x08001677   Thumb Code     4  stm32f10x_it.o(i.HardFault_Handler)
    I2C_SCL_H                                0x0800167d   Thumb Code    12  y_soft_i2c.o(i.I2C_SCL_H)
    I2C_SCL_L                                0x0800168d   Thumb Code    12  y_soft_i2c.o(i.I2C_SCL_L)
    I2C_SDA_H                                0x0800169d   Thumb Code    12  y_soft_i2c.o(i.I2C_SDA_H)
    I2C_SDA_L                                0x080016ad   Thumb Code    12  y_soft_i2c.o(i.I2C_SDA_L)
    I2C_SDA_Read                             0x080016bd   Thumb Code    60  y_soft_i2c.o(i.I2C_SDA_Read)
    MemManage_Handler                        0x080016fd   Thumb Code     4  stm32f10x_it.o(i.MemManage_Handler)
    NMI_Handler                              0x08001701   Thumb Code     2  stm32f10x_it.o(i.NMI_Handler)
    NVIC_Init                                0x08001719   Thumb Code   100  misc.o(i.NVIC_Init)
    PendSV_Handler                           0x08001789   Thumb Code     2  stm32f10x_it.o(i.PendSV_Handler)
    RCC_AHBPeriphClockCmd                    0x0800178d   Thumb Code    26  stm32f10x_rcc.o(i.RCC_AHBPeriphClockCmd)
    RCC_APB1PeriphClockCmd                   0x080017ad   Thumb Code    26  stm32f10x_rcc.o(i.RCC_APB1PeriphClockCmd)
    RCC_APB1PeriphResetCmd                   0x080017cd   Thumb Code    26  stm32f10x_rcc.o(i.RCC_APB1PeriphResetCmd)
    RCC_APB2PeriphClockCmd                   0x080017ed   Thumb Code    26  stm32f10x_rcc.o(i.RCC_APB2PeriphClockCmd)
    RCC_APB2PeriphResetCmd                   0x0800180d   Thumb Code    26  stm32f10x_rcc.o(i.RCC_APB2PeriphResetCmd)
    RCC_DeInit                               0x0800182d   Thumb Code    64  stm32f10x_rcc.o(i.RCC_DeInit)
    RCC_GetClocksFreq                        0x08001879   Thumb Code   192  stm32f10x_rcc.o(i.RCC_GetClocksFreq)
    RCC_GetFlagStatus                        0x0800194d   Thumb Code    56  stm32f10x_rcc.o(i.RCC_GetFlagStatus)
    RCC_GetSYSCLKSource                      0x08001989   Thumb Code    10  stm32f10x_rcc.o(i.RCC_GetSYSCLKSource)
    RCC_HCLKConfig                           0x08001999   Thumb Code    18  stm32f10x_rcc.o(i.RCC_HCLKConfig)
    RCC_HSEConfig                            0x080019b1   Thumb Code    70  stm32f10x_rcc.o(i.RCC_HSEConfig)
    RCC_PCLK1Config                          0x080019fd   Thumb Code    18  stm32f10x_rcc.o(i.RCC_PCLK1Config)
    RCC_PCLK2Config                          0x08001a15   Thumb Code    20  stm32f10x_rcc.o(i.RCC_PCLK2Config)
    RCC_PLLCmd                               0x08001a2d   Thumb Code     6  stm32f10x_rcc.o(i.RCC_PLLCmd)
    RCC_PLLConfig                            0x08001a39   Thumb Code    24  stm32f10x_rcc.o(i.RCC_PLLConfig)
    RCC_SYSCLKConfig                         0x08001a55   Thumb Code    18  stm32f10x_rcc.o(i.RCC_SYSCLKConfig)
    RCC_WaitForHSEStartUp                    0x08001a6d   Thumb Code    56  stm32f10x_rcc.o(i.RCC_WaitForHSEStartUp)
    SPI_Cmd                                  0x08001aa5   Thumb Code    24  stm32f10x_spi.o(i.SPI_Cmd)
    SPI_I2S_GetFlagStatus                    0x08001abd   Thumb Code    18  stm32f10x_spi.o(i.SPI_I2S_GetFlagStatus)
    SPI_I2S_ReceiveData                      0x08001acf   Thumb Code     6  stm32f10x_spi.o(i.SPI_I2S_ReceiveData)
    SPI_I2S_SendData                         0x08001ad5   Thumb Code     4  stm32f10x_spi.o(i.SPI_I2S_SendData)
    SPI_Init                                 0x08001ad9   Thumb Code    60  stm32f10x_spi.o(i.SPI_Init)
    SVC_Handler                              0x08001b15   Thumb Code     2  stm32f10x_it.o(i.SVC_Handler)
    SWJ_gpio_init                            0x08001b19   Thumb Code    20  main.o(i.SWJ_gpio_init)
    SpiFlashWriteS                           0x08001c19   Thumb Code   176  y_flash.o(i.SpiFlashWriteS)
    SysTick_Handler                          0x08001ccd   Thumb Code    12  y_timer.o(i.SysTick_Handler)
    SysTick_Init                             0x08001cdd   Thumb Code    84  y_timer.o(i.SysTick_Init)
    SystemInit                               0x08001d3d   Thumb Code    78  system_stm32f10x.o(i.SystemInit)
    TCS34725_Enable                          0x08001d9d   Thumb Code    32  y_tcs34725.o(i.TCS34725_Enable)
    TCS34725_GetChannelData                  0x08001dbd   Thumb Code    34  y_tcs34725.o(i.TCS34725_GetChannelData)
    TCS34725_GetRawData                      0x08001ddf   Thumb Code    68  y_tcs34725.o(i.TCS34725_GetRawData)
    TCS34725_I2C_Read                        0x08001e23   Thumb Code    84  y_tcs34725.o(i.TCS34725_I2C_Read)
    TCS34725_I2C_Write                       0x08001e77   Thumb Code    70  y_tcs34725.o(i.TCS34725_I2C_Write)
    TCS34725_Init                            0x08001ebd   Thumb Code    52  y_tcs34725.o(i.TCS34725_Init)
    TCS34725_LedON                           0x08001ef1   Thumb Code    52  y_tcs34725.o(i.TCS34725_LedON)
    TCS34725_Read                            0x08001f25   Thumb Code    42  y_tcs34725.o(i.TCS34725_Read)
    TCS34725_SetGain                         0x08001f4f   Thumb Code    14  y_tcs34725.o(i.TCS34725_SetGain)
    TCS34725_SetIntegrationTime              0x08001f5d   Thumb Code    14  y_tcs34725.o(i.TCS34725_SetIntegrationTime)
    TCS34725_Write                           0x08001f6b   Thumb Code    62  y_tcs34725.o(i.TCS34725_Write)
    TIM2_IRQHandler                          0x08001fa9   Thumb Code   156  y_timer.o(i.TIM2_IRQHandler)
    TIM2_init                                0x08002051   Thumb Code   102  y_timer.o(i.TIM2_init)
    TIM3_IRQHandler                          0x080020b9   Thumb Code    44  y_ws2812b.o(i.TIM3_IRQHandler)
    TIM_ARRPreloadConfig                     0x080020e9   Thumb Code    24  stm32f10x_tim.o(i.TIM_ARRPreloadConfig)
    TIM_ClearFlag                            0x08002101   Thumb Code     6  stm32f10x_tim.o(i.TIM_ClearFlag)
    TIM_ClearITPendingBit                    0x08002107   Thumb Code     6  stm32f10x_tim.o(i.TIM_ClearITPendingBit)
    TIM_Cmd                                  0x0800210d   Thumb Code    24  stm32f10x_tim.o(i.TIM_Cmd)
    TIM_DMACmd                               0x08002125   Thumb Code    18  stm32f10x_tim.o(i.TIM_DMACmd)
    TIM_GetCounter                           0x08002137   Thumb Code     6  stm32f10x_tim.o(i.TIM_GetCounter)
    TIM_GetITStatus                          0x0800213d   Thumb Code    34  stm32f10x_tim.o(i.TIM_GetITStatus)
    TIM_ITConfig                             0x0800215f   Thumb Code    18  stm32f10x_tim.o(i.TIM_ITConfig)
    TIM_OC1Init                              0x08002171   Thumb Code   132  stm32f10x_tim.o(i.TIM_OC1Init)
    TIM_OC1PreloadConfig                     0x08002209   Thumb Code    18  stm32f10x_tim.o(i.TIM_OC1PreloadConfig)
    TIM_SetCounter                           0x0800221b   Thumb Code     4  stm32f10x_tim.o(i.TIM_SetCounter)
    TIM_TimeBaseInit                         0x08002221   Thumb Code   122  stm32f10x_tim.o(i.TIM_TimeBaseInit)
    USART1_IRQHandler                        0x080022c5   Thumb Code   270  y_usart.o(i.USART1_IRQHandler)
    USART3_IRQHandler                        0x080023e9   Thumb Code   282  y_usart.o(i.USART3_IRQHandler)
    USART_ClearITPendingBit                  0x0800251d   Thumb Code    30  stm32f10x_usart.o(i.USART_ClearITPendingBit)
    USART_ClockInit                          0x0800253b   Thumb Code    34  stm32f10x_usart.o(i.USART_ClockInit)
    USART_Cmd                                0x0800255d   Thumb Code    24  stm32f10x_usart.o(i.USART_Cmd)
    USART_DeInit                             0x08002575   Thumb Code   134  stm32f10x_usart.o(i.USART_DeInit)
    USART_GetFlagStatus                      0x08002611   Thumb Code    26  stm32f10x_usart.o(i.USART_GetFlagStatus)
    USART_ITConfig                           0x0800262b   Thumb Code    74  stm32f10x_usart.o(i.USART_ITConfig)
    USART_Init                               0x08002675   Thumb Code   210  stm32f10x_usart.o(i.USART_Init)
    USART_ReceiveData                        0x0800274d   Thumb Code    10  stm32f10x_usart.o(i.USART_ReceiveData)
    USART_SendData                           0x08002757   Thumb Code     8  stm32f10x_usart.o(i.USART_SendData)
    UsageFault_Handler                       0x0800275f   Thumb Code     4  stm32f10x_it.o(i.UsageFault_Handler)
    __0printf                                0x08002765   Thumb Code    22  printfa.o(i.__0printf)
    __1printf                                0x08002765   Thumb Code     0  printfa.o(i.__0printf)
    __2printf                                0x08002765   Thumb Code     0  printfa.o(i.__0printf)
    __c89printf                              0x08002765   Thumb Code     0  printfa.o(i.__0printf)
    printf                                   0x08002765   Thumb Code     0  printfa.o(i.__0printf)
    __0sprintf                               0x08002785   Thumb Code    34  printfa.o(i.__0sprintf)
    __1sprintf                               0x08002785   Thumb Code     0  printfa.o(i.__0sprintf)
    __2sprintf                               0x08002785   Thumb Code     0  printfa.o(i.__0sprintf)
    __c89sprintf                             0x08002785   Thumb Code     0  printfa.o(i.__0sprintf)
    sprintf                                  0x08002785   Thumb Code     0  printfa.o(i.__0sprintf)
    __ARM_fpclassify                         0x080027ad   Thumb Code    40  fpclassify.o(i.__ARM_fpclassify)
    __ieee754_rem_pio2                       0x080027d5   Thumb Code   828  rred.o(i.__ieee754_rem_pio2)
    __kernel_cos                             0x08002b5d   Thumb Code   230  cos_i.o(i.__kernel_cos)
    __kernel_poly                            0x08002c59   Thumb Code   170  poly.o(i.__kernel_poly)
    __kernel_sin                             0x08002d05   Thumb Code   224  sin_i.o(i.__kernel_sin)
    __mathlib_dbl_infnan                     0x08002df1   Thumb Code     6  dunder.o(i.__mathlib_dbl_infnan)
    __mathlib_dbl_invalid                    0x08002df7   Thumb Code    12  dunder.o(i.__mathlib_dbl_invalid)
    __mathlib_dbl_underflow                  0x08002e05   Thumb Code    10  dunder.o(i.__mathlib_dbl_underflow)
    __scatterload_copy                       0x08002e15   Thumb Code    14  handlers.o(i.__scatterload_copy)
    __scatterload_null                       0x08002e23   Thumb Code     2  handlers.o(i.__scatterload_null)
    __scatterload_zeroinit                   0x08002e25   Thumb Code    14  handlers.o(i.__scatterload_zeroinit)
    __set_errno                              0x08002e35   Thumb Code     6  errno.o(i.__set_errno)
    abs_float                                0x080036d5   Thumb Code    24  y_global.o(i.abs_float)
    acos                                     0x080036ed   Thumb Code   574  acos.o(i.acos)
    app_gpio_init                            0x08003969   Thumb Code    30  app_gpio.o(i.app_gpio_init)
    app_led_run                              0x0800398d   Thumb Code    60  app_gpio.o(i.app_led_run)
    app_ps2_init                             0x080039d1   Thumb Code     8  app_ps2.o(i.app_ps2_init)
    app_ps2_run                              0x080039d9   Thumb Code    82  app_ps2.o(i.app_ps2_run)
    app_sensor_init                          0x08003a39   Thumb Code    62  app_sensor.o(i.app_sensor_init)
    app_sensor_run                           0x08003aa9   Thumb Code   114  app_sensor.o(i.app_sensor_run)
    app_setup_start                          0x08003b29   Thumb Code    64  app_gpio.o(i.app_setup_start)
    app_uart_init                            0x08003b6d   Thumb Code    26  app_uart.o(i.app_uart_init)
    app_uart_run                             0x08003ba1   Thumb Code    82  app_uart.o(i.app_uart_run)
    atan                                     0x08003c01   Thumb Code   474  atan.o(i.atan)
    beep_init                                0x08003e21   Thumb Code    38  y_beep.o(i.beep_init)
    beep_on_times                            0x08003e4d   Thumb Code    46  y_beep.o(i.beep_on_times)
    cos                                      0x08003e81   Thumb Code   148  cos.o(i.cos)
    delay_ms                                 0x08003f1d   Thumb Code    42  y_delay.o(i.delay_ms)
    delay_us                                 0x08003f47   Thumb Code    30  y_delay.o(i.delay_us)
    do_group_once                            0x08003f65   Thumb Code    56  y_global.o(i.do_group_once)
    fputc                                    0x08003fa5   Thumb Code    24  y_usart.o(i.fputc)
    getMaxTime                               0x08003fc1   Thumb Code    92  y_global.o(i.getMaxTime)
    i2c_ack                                  0x0800401d   Thumb Code    32  y_soft_i2c.o(i.i2c_ack)
    i2c_delay                                0x0800403d   Thumb Code    20  y_soft_i2c.o(i.i2c_delay)
    i2c_nack                                 0x08004051   Thumb Code    28  y_soft_i2c.o(i.i2c_nack)
    i2c_read_byte                            0x0800406d   Thumb Code    66  y_soft_i2c.o(i.i2c_read_byte)
    i2c_start                                0x080040af   Thumb Code    28  y_soft_i2c.o(i.i2c_start)
    i2c_stop                                 0x080040cb   Thumb Code    24  y_soft_i2c.o(i.i2c_stop)
    i2c_timeout_delay                        0x080040e3   Thumb Code    10  y_soft_i2c.o(i.i2c_timeout_delay)
    i2c_wait_ack                             0x080040ed   Thumb Code    54  y_soft_i2c.o(i.i2c_wait_ack)
    i2c_write_byte                           0x08004123   Thumb Code    66  y_soft_i2c.o(i.i2c_write_byte)
    int_exchange                             0x08004165   Thumb Code    10  y_global.o(i.int_exchange)
    kinematics_analysis                      0x08004171   Thumb Code  1524  y_kinematics.o(i.kinematics_analysis)
    kinematics_move                          0x08004791   Thumb Code   158  y_global.o(i.kinematics_move)
    led_init                                 0x08004835   Thumb Code    40  y_led.o(i.led_init)
    loop_action                              0x08004861   Thumb Code   206  y_global.o(i.loop_action)
    loop_monitor                             0x0800495d   Thumb Code    48  y_global.o(i.loop_monitor)
    main                                     0x08004999   Thumb Code    84  main.o(i.main)
    millis                                   0x080049ed   Thumb Code     6  y_timer.o(i.millis)
    others_init                              0x080049f9   Thumb Code   204  main.o(i.others_init)
    parse_action                             0x08004ad5   Thumb Code  1060  y_global.o(i.parse_action)
    parse_cmd                                0x08004f21   Thumb Code  1594  y_global.o(i.parse_cmd)
    parse_psx_buf                            0x080055ad   Thumb Code   622  app_ps2.o(i.parse_psx_buf)
    print_group                              0x08005855   Thumb Code    84  y_global.o(i.print_group)
    ps2_init                                 0x080058b1   Thumb Code   130  y_ps2.o(i.ps2_init)
    ps2_transfer                             0x08005939   Thumb Code   110  y_ps2.o(i.ps2_transfer)
    ps2_write_read                           0x080059ad   Thumb Code   116  y_ps2.o(i.ps2_write_read)
    rcc_init                                 0x08005a29   Thumb Code    94  y_rcc.o(i.rcc_init)
    replace_char                             0x08005a87   Thumb Code    20  y_global.o(i.replace_char)
    rewrite_eeprom                           0x08005a9d   Thumb Code    34  y_global.o(i.rewrite_eeprom)
    save_action                              0x08005ac9   Thumb Code   268  y_global.o(i.save_action)
    sensor_sr_ultrasonic_read                0x08005c09   Thumb Code   134  y_sensor.o(i.sensor_sr_ultrasonic_read)
    servo_inc_offset                         0x08005ca9   Thumb Code   208  y_servo.o(i.servo_inc_offset)
    servo_init                               0x08005d7d   Thumb Code   176  y_servo.o(i.servo_init)
    servo_pin_set                            0x08005e39   Thumb Code   102  y_servo.o(i.servo_pin_set)
    set_servo                                0x08005ea5   Thumb Code   172  y_global.o(i.set_servo)
    sin                                      0x08005f7d   Thumb Code   150  sin.o(i.sin)
    soft_i2c_gpio_init                       0x0800601d   Thumb Code    46  y_soft_i2c.o(i.soft_i2c_gpio_init)
    soft_reset                               0x08006051   Thumb Code    44  main.o(i.soft_reset)
    spi_flash_erase_sector                   0x08006095   Thumb Code    70  y_flash.o(i.spi_flash_erase_sector)
    spi_flash_init                           0x080060e1   Thumb Code   164  y_flash.o(i.spi_flash_init)
    spi_flash_on                             0x08006195   Thumb Code    82  y_flash.o(i.spi_flash_on)
    spi_flash_read                           0x080061f5   Thumb Code    84  y_flash.o(i.spi_flash_read)
    spi_flash_read_SR                        0x0800624d   Thumb Code    44  y_flash.o(i.spi_flash_read_SR)
    spi_flash_wait_busy                      0x0800627d   Thumb Code    18  y_flash.o(i.spi_flash_wait_busy)
    spi_flash_write_enable                   0x08006291   Thumb Code    32  y_flash.o(i.spi_flash_write_enable)
    spi_flash_write_no_check                 0x080062b5   Thumb Code    70  y_flash.o(i.spi_flash_write_no_check)
    spi_flash_write_page                     0x080062fd   Thumb Code   102  y_flash.o(i.spi_flash_write_page)
    spi_set_speed                            0x08006369   Thumb Code    26  y_flash.o(i.spi_set_speed)
    spi_write_read                           0x0800638d   Thumb Code    78  y_flash.o(i.spi_write_read)
    sqrt                                     0x080063e1   Thumb Code    76  sqrt.o(i.sqrt)
    str_contain_str                          0x0800642d   Thumb Code    74  y_global.o(i.str_contain_str)
    timer1_init                              0x08006479   Thumb Code    42  y_timer.o(i.timer1_init)
    uart1_init                               0x080064a9   Thumb Code   180  y_usart.o(i.uart1_init)
    uart1_send_byte                          0x08006565   Thumb Code    28  y_usart.o(i.uart1_send_byte)
    uart1_send_str                           0x08006585   Thumb Code    22  y_usart.o(i.uart1_send_str)
    uart3_init                               0x0800659d   Thumb Code   204  y_usart.o(i.uart3_init)
    uart3_send_byte                          0x08006671   Thumb Code    28  y_usart.o(i.uart3_send_byte)
    uart3_send_str                           0x08006691   Thumb Code    22  y_usart.o(i.uart3_send_str)
    ultrasonic_sensor_init                   0x080066a9   Thumb Code    56  y_sensor.o(i.ultrasonic_sensor_init)
    ws2812b_busy_check                       0x080066e9   Thumb Code    34  y_ws2812b.o(i.ws2812b_busy_check)
    ws2812b_config_gpio_AF                   0x08006711   Thumb Code    30  y_ws2812b.o(i.ws2812b_config_gpio_AF)
    ws2812b_config_gpio_OUT                  0x08006735   Thumb Code    30  y_ws2812b.o(i.ws2812b_config_gpio_OUT)
    ws2812b_delay                            0x08006759   Thumb Code    12  y_ws2812b.o(i.ws2812b_delay)
    ws2812b_fill                             0x08006765   Thumb Code    36  y_ws2812b.o(i.ws2812b_fill)
    ws2812b_init                             0x0800678d   Thumb Code   192  y_ws2812b.o(i.ws2812b_init)
    ws2812b_reset                            0x08006859   Thumb Code    30  y_ws2812b.o(i.ws2812b_reset)
    ws2812b_show                             0x08006881   Thumb Code   106  y_ws2812b.o(i.ws2812b_show)
    ws2812b_test                             0x080068f9   Thumb Code   186  y_ws2812b.o(i.ws2812b_test)
    ws2812b_write_24bit                      0x080069b9   Thumb Code    54  y_ws2812b.o(i.ws2812b_write_24bit)
    zx_uart_send_str                         0x080069f5   Thumb Code    30  y_global.o(i.zx_uart_send_str)
    color_grb_buffer                         0x08006a18   Data          32  y_ws2812b.o(.constdata)
    __ctype_categories                       0x08006c40   Data          64  ctype_c.o(.constdata)
    Region$$Table$$Base                      0x08007108   Number         0  anon$$obj.o(Region$$Table)
    Region$$Table$$Limit                     0x08007128   Number         0  anon$$obj.o(Region$$Table)
    SystemCoreClock                          0x20000000   Data           4  system_stm32f10x.o(.data)
    AHBPrescTable                            0x20000004   Data          16  system_stm32f10x.o(.data)
    GPIO_InitStructure                       0x20000028   Data           4  y_flash.o(.data)
    AI_mode                                  0x20000030   Data           1  y_global.o(.data)
    group_do_ok                              0x20000031   Data           1  y_global.o(.data)
    do_start_index                           0x20000034   Data           4  y_global.o(.data)
    do_time                                  0x20000038   Data           4  y_global.o(.data)
    group_num_start                          0x2000003c   Data           4  y_global.o(.data)
    group_num_end                            0x20000040   Data           4  y_global.o(.data)
    group_num_times                          0x20000044   Data           4  y_global.o(.data)
    needSaveFlag                             0x20000048   Data           1  y_global.o(.data)
    bias_systick_ms_bak                      0x2000004c   Data           4  y_global.o(.data)
    action_time                              0x20000050   Data           4  y_global.o(.data)
    rgb                                      0x20000064   Data           8  y_tcs34725.o(.data)
    hsl                                      0x2000006c   Data           4  y_tcs34725.o(.data)
    uart1_get_ok                             0x20000076   Data           2  y_usart.o(.data)
    uart1_mode                               0x20000078   Data           1  y_usart.o(.data)
    pre_cmd_set_red                          0x20000084   Data          64  app_ps2.o(.data)
    pre_cmd_set_grn                          0x200000c4   Data          64  app_ps2.o(.data)
    __stdout                                 0x2000011c   Data           4  stdout.o(.data)
    SPI_InitStructure                        0x20000124   Data          18  y_flash.o(.bss)
    W25Q_BUF                                 0x20000136   Data        4096  y_flash.o(.bss)
    cmd_return                               0x20001138   Data        1024  y_global.o(.bss)
    eeprom_info                              0x20001538   Data         192  y_global.o(.bss)
    kinematics                               0x200015f8   Data          88  y_kinematics.o(.bss)
    psx_buf                                  0x20001650   Data           9  y_ps2.o(.bss)
    duoji_doing                              0x2000165c   Data          96  y_servo.o(.bss)
    uart_receive_buf                         0x200016bc   Data        1024  y_usart.o(.bss)
    ws2812b_led_buffer                       0x20001ad0   Data         288  y_ws2812b.o(.bss)
    __initial_sp                             0x20001ff0   Data           0  startup_stm32f10x_md.o(STACK)



==============================================================================

Memory Map of the image

  Image Entry point : 0x080000ed

  Load Region LR_IROM1 (Base: 0x08000000, Size: 0x0000724c, Max: 0x00010000, ABSOLUTE)

    Execution Region ER_IROM1 (Base: 0x08000000, Size: 0x00007128, Max: 0x00010000, ABSOLUTE)

    Base Addr    Size         Type   Attr      Idx    E Section Name        Object

    0x08000000   0x000000ec   Data   RO           93    RESET               startup_stm32f10x_md.o
    0x080000ec   0x00000000   Code   RO         4397  * .ARM.Collect$$$$00000000  mc_w.l(entry.o)
    0x080000ec   0x00000004   Code   RO         4745    .ARM.Collect$$$$00000001  mc_w.l(entry2.o)
    0x080000f0   0x00000004   Code   RO         4748    .ARM.Collect$$$$00000004  mc_w.l(entry5.o)
    0x080000f4   0x00000000   Code   RO         4750    .ARM.Collect$$$$00000008  mc_w.l(entry7b.o)
    0x080000f4   0x00000000   Code   RO         4752    .ARM.Collect$$$$0000000A  mc_w.l(entry8b.o)
    0x080000f4   0x00000008   Code   RO         4753    .ARM.Collect$$$$0000000B  mc_w.l(entry9a.o)
    0x080000fc   0x00000004   Code   RO         4760    .ARM.Collect$$$$0000000E  mc_w.l(entry12b.o)
    0x08000100   0x00000000   Code   RO         4755    .ARM.Collect$$$$0000000F  mc_w.l(entry10a.o)
    0x08000100   0x00000000   Code   RO         4757    .ARM.Collect$$$$00000011  mc_w.l(entry11a.o)
    0x08000100   0x00000004   Code   RO         4746    .ARM.Collect$$$$00002712  mc_w.l(entry2.o)
    0x08000104   0x00000024   Code   RO           94    .text               startup_stm32f10x_md.o
    0x08000128   0x00000024   Code   RO         4400    .text               mc_w.l(memcpya.o)
    0x0800014c   0x00000024   Code   RO         4402    .text               mc_w.l(memseta.o)
    0x08000170   0x0000000e   Code   RO         4404    .text               mc_w.l(strlen.o)
    0x0800017e   0x00000012   Code   RO         4406    .text               mc_w.l(strcpy.o)
    0x08000190   0x00000038   Code   RO         4671    .text               mc_w.l(__0sscanf.o)
    0x080001c8   0x0000014c   Code   RO         4673    .text               mc_w.l(_scanf_int.o)
    0x08000314   0x000000b0   Code   RO         4675    .text               mf_w.l(fadd.o)
    0x080003c4   0x00000064   Code   RO         4677    .text               mf_w.l(fmul.o)
    0x08000428   0x0000007c   Code   RO         4679    .text               mf_w.l(fdiv.o)
    0x080004a4   0x0000014e   Code   RO         4681    .text               mf_w.l(dadd.o)
    0x080005f2   0x000000e4   Code   RO         4683    .text               mf_w.l(dmul.o)
    0x080006d6   0x000000de   Code   RO         4685    .text               mf_w.l(ddiv.o)
    0x080007b4   0x00000012   Code   RO         4687    .text               mf_w.l(fflti.o)
    0x080007c6   0x0000000a   Code   RO         4689    .text               mf_w.l(ffltui.o)
    0x080007d0   0x00000022   Code   RO         4691    .text               mf_w.l(dflti.o)
    0x080007f2   0x0000001a   Code   RO         4693    .text               mf_w.l(dfltui.o)
    0x0800080c   0x00000032   Code   RO         4695    .text               mf_w.l(ffixi.o)
    0x0800083e   0x00000028   Code   RO         4697    .text               mf_w.l(ffixui.o)
    0x08000866   0x0000003e   Code   RO         4699    .text               mf_w.l(dfixi.o)
    0x080008a4   0x00000026   Code   RO         4701    .text               mf_w.l(f2d.o)
    0x080008ca   0x00000002   PAD
    0x080008cc   0x00000030   Code   RO         4703    .text               mf_w.l(cdcmple.o)
    0x080008fc   0x00000030   Code   RO         4705    .text               mf_w.l(cdrcmple.o)
    0x0800092c   0x00000038   Code   RO         4707    .text               mf_w.l(d2f.o)
    0x08000964   0x00000014   Code   RO         4709    .text               mf_w.l(cfcmple.o)
    0x08000978   0x00000014   Code   RO         4711    .text               mf_w.l(cfrcmple.o)
    0x0800098c   0x0000002c   Code   RO         4762    .text               mc_w.l(uidiv.o)
    0x080009b8   0x00000062   Code   RO         4764    .text               mc_w.l(uldiv.o)
    0x08000a1a   0x0000001e   Code   RO         4766    .text               mc_w.l(llshl.o)
    0x08000a38   0x00000020   Code   RO         4768    .text               mc_w.l(llushr.o)
    0x08000a58   0x00000024   Code   RO         4770    .text               mc_w.l(llsshr.o)
    0x08000a7c   0x0000001c   Code   RO         4779    .text               mc_w.l(_chval.o)
    0x08000a98   0x00000028   Code   RO         4781    .text               mc_w.l(scanf_char.o)
    0x08000ac0   0x00000040   Code   RO         4783    .text               mc_w.l(_sgetc.o)
    0x08000b00   0x00000000   Code   RO         4785    .text               mc_w.l(iusefp.o)
    0x08000b00   0x0000006e   Code   RO         4786    .text               mf_w.l(fepilogue.o)
    0x08000b6e   0x000000ba   Code   RO         4788    .text               mf_w.l(depilogue.o)
    0x08000c28   0x0000002e   Code   RO         4790    .text               mf_w.l(dscalb.o)
    0x08000c56   0x000000a2   Code   RO         4792    .text               mf_w.l(dsqrt.o)
    0x08000cf8   0x00000030   Code   RO         4794    .text               mf_w.l(dfixul.o)
    0x08000d28   0x00000024   Code   RO         4796    .text               mc_w.l(init.o)
    0x08000d4c   0x0000000a   Code   RO         4798    .text               mc_w.l(isspace_c.o)
    0x08000d56   0x00000002   PAD
    0x08000d58   0x00000330   Code   RO         4800    .text               mc_w.l(_scanf.o)
    0x08001088   0x00000028   Code   RO         4802    .text               mc_w.l(ctype_c.o)
    0x080010b0   0x00000024   Code   RO         3607    i.AI_chumo_init     y_sensor.o
    0x080010d4   0x00000044   Code   RO         4188    i.AI_chumo_jiaqu    app_sensor.o
    0x08001118   0x000000bc   Code   RO         4189    i.AI_dingju_jiaqu   app_sensor.o
    0x080011d4   0x00000040   Code   RO         4190    i.AI_hongwai_chufa  app_sensor.o
    0x08001214   0x00000024   Code   RO         3608    i.AI_hongwai_init   y_sensor.o
    0x08001238   0x00000040   Code   RO         4191    i.AI_shengkong_jiaqu  app_sensor.o
    0x08001278   0x00000024   Code   RO         3609    i.AI_shengyin_init  y_sensor.o
    0x0800129c   0x00000100   Code   RO         4192    i.AI_yanse_shibie   app_sensor.o
    0x0800139c   0x00000004   Code   RO         4296    i.BusFault_Handler  stm32f10x_it.o
    0x080013a0   0x00000044   Code   RO         4031    i.DMA1_Channel6_IRQHandler  y_ws2812b.o
    0x080013e4   0x0000001c   Code   RO          858    i.DMA_ClearFlag     stm32f10x_dma.o
    0x08001400   0x00000018   Code   RO          860    i.DMA_Cmd           stm32f10x_dma.o
    0x08001418   0x0000002c   Code   RO          863    i.DMA_GetFlagStatus  stm32f10x_dma.o
    0x08001444   0x00000012   Code   RO          865    i.DMA_ITConfig      stm32f10x_dma.o
    0x08001456   0x0000003c   Code   RO          866    i.DMA_Init          stm32f10x_dma.o
    0x08001492   0x00000004   Code   RO          867    i.DMA_SetCurrDataCounter  stm32f10x_dma.o
    0x08001496   0x00000002   Code   RO         4297    i.DebugMon_Handler  stm32f10x_it.o
    0x08001498   0x00000116   Code   RO         1290    i.GPIO_Init         stm32f10x_gpio.o
    0x080015ae   0x00000002   PAD
    0x080015b0   0x00000090   Code   RO         1292    i.GPIO_PinRemapConfig  stm32f10x_gpio.o
    0x08001640   0x00000012   Code   RO         1294    i.GPIO_ReadInputDataBit  stm32f10x_gpio.o
    0x08001652   0x00000012   Code   RO         1296    i.GPIO_ReadOutputDataBit  stm32f10x_gpio.o
    0x08001664   0x00000004   Code   RO         1297    i.GPIO_ResetBits    stm32f10x_gpio.o
    0x08001668   0x00000004   Code   RO         1298    i.GPIO_SetBits      stm32f10x_gpio.o
    0x0800166c   0x0000000a   Code   RO         1301    i.GPIO_WriteBit     stm32f10x_gpio.o
    0x08001676   0x00000004   Code   RO         4298    i.HardFault_Handler  stm32f10x_it.o
    0x0800167a   0x00000002   PAD
    0x0800167c   0x00000010   Code   RO         3682    i.I2C_SCL_H         y_soft_i2c.o
    0x0800168c   0x00000010   Code   RO         3683    i.I2C_SCL_L         y_soft_i2c.o
    0x0800169c   0x00000010   Code   RO         3684    i.I2C_SDA_H         y_soft_i2c.o
    0x080016ac   0x00000010   Code   RO         3685    i.I2C_SDA_L         y_soft_i2c.o
    0x080016bc   0x00000040   Code   RO         3686    i.I2C_SDA_Read      y_soft_i2c.o
    0x080016fc   0x00000004   Code   RO         4299    i.MemManage_Handler  stm32f10x_it.o
    0x08001700   0x00000002   Code   RO         4300    i.NMI_Handler       stm32f10x_it.o
    0x08001702   0x00000016   Code   RO         4032    i.NVIC_EnableIRQ    y_ws2812b.o
    0x08001718   0x00000070   Code   RO           98    i.NVIC_Init         misc.o
    0x08001788   0x00000002   Code   RO         4301    i.PendSV_Handler    stm32f10x_it.o
    0x0800178a   0x00000002   PAD
    0x0800178c   0x00000020   Code   RO         1711    i.RCC_AHBPeriphClockCmd  stm32f10x_rcc.o
    0x080017ac   0x00000020   Code   RO         1712    i.RCC_APB1PeriphClockCmd  stm32f10x_rcc.o
    0x080017cc   0x00000020   Code   RO         1713    i.RCC_APB1PeriphResetCmd  stm32f10x_rcc.o
    0x080017ec   0x00000020   Code   RO         1714    i.RCC_APB2PeriphClockCmd  stm32f10x_rcc.o
    0x0800180c   0x00000020   Code   RO         1715    i.RCC_APB2PeriphResetCmd  stm32f10x_rcc.o
    0x0800182c   0x0000004c   Code   RO         1721    i.RCC_DeInit        stm32f10x_rcc.o
    0x08001878   0x000000d4   Code   RO         1722    i.RCC_GetClocksFreq  stm32f10x_rcc.o
    0x0800194c   0x0000003c   Code   RO         1723    i.RCC_GetFlagStatus  stm32f10x_rcc.o
    0x08001988   0x00000010   Code   RO         1725    i.RCC_GetSYSCLKSource  stm32f10x_rcc.o
    0x08001998   0x00000018   Code   RO         1726    i.RCC_HCLKConfig    stm32f10x_rcc.o
    0x080019b0   0x0000004c   Code   RO         1727    i.RCC_HSEConfig     stm32f10x_rcc.o
    0x080019fc   0x00000018   Code   RO         1733    i.RCC_PCLK1Config   stm32f10x_rcc.o
    0x08001a14   0x00000018   Code   RO         1734    i.RCC_PCLK2Config   stm32f10x_rcc.o
    0x08001a2c   0x0000000c   Code   RO         1735    i.RCC_PLLCmd        stm32f10x_rcc.o
    0x08001a38   0x0000001c   Code   RO         1736    i.RCC_PLLConfig     stm32f10x_rcc.o
    0x08001a54   0x00000018   Code   RO         1739    i.RCC_SYSCLKConfig  stm32f10x_rcc.o
    0x08001a6c   0x00000038   Code   RO         1741    i.RCC_WaitForHSEStartUp  stm32f10x_rcc.o
    0x08001aa4   0x00000018   Code   RO         2197    i.SPI_Cmd           stm32f10x_spi.o
    0x08001abc   0x00000012   Code   RO         2205    i.SPI_I2S_GetFlagStatus  stm32f10x_spi.o
    0x08001ace   0x00000006   Code   RO         2208    i.SPI_I2S_ReceiveData  stm32f10x_spi.o
    0x08001ad4   0x00000004   Code   RO         2209    i.SPI_I2S_SendData  stm32f10x_spi.o
    0x08001ad8   0x0000003c   Code   RO         2210    i.SPI_Init          stm32f10x_spi.o
    0x08001b14   0x00000002   Code   RO         4302    i.SVC_Handler       stm32f10x_it.o
    0x08001b16   0x00000002   PAD
    0x08001b18   0x00000018   Code   RO         4262    i.SWJ_gpio_init     main.o
    0x08001b30   0x00000008   Code   RO           17    i.SetSysClock       system_stm32f10x.o
    0x08001b38   0x000000e0   Code   RO           18    i.SetSysClockTo72   system_stm32f10x.o
    0x08001c18   0x000000b4   Code   RO         3234    i.SpiFlashWriteS    y_flash.o
    0x08001ccc   0x00000010   Code   RO         3910    i.SysTick_Handler   y_timer.o
    0x08001cdc   0x00000060   Code   RO         3911    i.SysTick_Init      y_timer.o
    0x08001d3c   0x00000060   Code   RO           20    i.SystemInit        system_stm32f10x.o
    0x08001d9c   0x00000020   Code   RO         3822    i.TCS34725_Enable   y_tcs34725.o
    0x08001dbc   0x00000022   Code   RO         3823    i.TCS34725_GetChannelData  y_tcs34725.o
    0x08001dde   0x00000044   Code   RO         3824    i.TCS34725_GetRawData  y_tcs34725.o
    0x08001e22   0x00000054   Code   RO         3825    i.TCS34725_I2C_Read  y_tcs34725.o
    0x08001e76   0x00000046   Code   RO         3826    i.TCS34725_I2C_Write  y_tcs34725.o
    0x08001ebc   0x00000034   Code   RO         3827    i.TCS34725_Init     y_tcs34725.o
    0x08001ef0   0x00000034   Code   RO         3828    i.TCS34725_LedON    y_tcs34725.o
    0x08001f24   0x0000002a   Code   RO         3829    i.TCS34725_Read     y_tcs34725.o
    0x08001f4e   0x0000000e   Code   RO         3830    i.TCS34725_SetGain  y_tcs34725.o
    0x08001f5c   0x0000000e   Code   RO         3831    i.TCS34725_SetIntegrationTime  y_tcs34725.o
    0x08001f6a   0x0000003e   Code   RO         3832    i.TCS34725_Write    y_tcs34725.o
    0x08001fa8   0x000000a8   Code   RO         3912    i.TIM2_IRQHandler   y_timer.o
    0x08002050   0x00000066   Code   RO         3913    i.TIM2_init         y_timer.o
    0x080020b6   0x00000002   PAD
    0x080020b8   0x00000030   Code   RO         4033    i.TIM3_IRQHandler   y_ws2812b.o
    0x080020e8   0x00000018   Code   RO         2340    i.TIM_ARRPreloadConfig  stm32f10x_tim.o
    0x08002100   0x00000006   Code   RO         2346    i.TIM_ClearFlag     stm32f10x_tim.o
    0x08002106   0x00000006   Code   RO         2347    i.TIM_ClearITPendingBit  stm32f10x_tim.o
    0x0800210c   0x00000018   Code   RO         2352    i.TIM_Cmd           stm32f10x_tim.o
    0x08002124   0x00000012   Code   RO         2355    i.TIM_DMACmd        stm32f10x_tim.o
    0x08002136   0x00000006   Code   RO         2371    i.TIM_GetCounter    stm32f10x_tim.o
    0x0800213c   0x00000022   Code   RO         2373    i.TIM_GetITStatus   stm32f10x_tim.o
    0x0800215e   0x00000012   Code   RO         2377    i.TIM_ITConfig      stm32f10x_tim.o
    0x08002170   0x00000098   Code   RO         2381    i.TIM_OC1Init       stm32f10x_tim.o
    0x08002208   0x00000012   Code   RO         2384    i.TIM_OC1PreloadConfig  stm32f10x_tim.o
    0x0800221a   0x00000004   Code   RO         2417    i.TIM_SetCounter    stm32f10x_tim.o
    0x0800221e   0x00000002   PAD
    0x08002220   0x000000a4   Code   RO         2423    i.TIM_TimeBaseInit  stm32f10x_tim.o
    0x080022c4   0x00000124   Code   RO         3958    i.USART1_IRQHandler  y_usart.o
    0x080023e8   0x00000134   Code   RO         3959    i.USART3_IRQHandler  y_usart.o
    0x0800251c   0x0000001e   Code   RO         2885    i.USART_ClearITPendingBit  stm32f10x_usart.o
    0x0800253a   0x00000022   Code   RO         2886    i.USART_ClockInit   stm32f10x_usart.o
    0x0800255c   0x00000018   Code   RO         2888    i.USART_Cmd         stm32f10x_usart.o
    0x08002574   0x0000009c   Code   RO         2890    i.USART_DeInit      stm32f10x_usart.o
    0x08002610   0x0000001a   Code   RO         2891    i.USART_GetFlagStatus  stm32f10x_usart.o
    0x0800262a   0x0000004a   Code   RO         2894    i.USART_ITConfig    stm32f10x_usart.o
    0x08002674   0x000000d8   Code   RO         2895    i.USART_Init        stm32f10x_usart.o
    0x0800274c   0x0000000a   Code   RO         2902    i.USART_ReceiveData  stm32f10x_usart.o
    0x08002756   0x00000008   Code   RO         2905    i.USART_SendData    stm32f10x_usart.o
    0x0800275e   0x00000004   Code   RO         4303    i.UsageFault_Handler  stm32f10x_it.o
    0x08002762   0x00000002   PAD
    0x08002764   0x00000020   Code   RO         4643    i.__0printf         mc_w.l(printfa.o)
    0x08002784   0x00000028   Code   RO         4645    i.__0sprintf        mc_w.l(printfa.o)
    0x080027ac   0x00000028   Code   RO         4730    i.__ARM_fpclassify  m_ws.l(fpclassify.o)
    0x080027d4   0x00000388   Code   RO         4734    i.__ieee754_rem_pio2  m_ws.l(rred.o)
    0x08002b5c   0x000000fc   Code   RO         4713    i.__kernel_cos      m_ws.l(cos_i.o)
    0x08002c58   0x000000aa   Code   RO         4732    i.__kernel_poly     m_ws.l(poly.o)
    0x08002d02   0x00000002   PAD
    0x08002d04   0x000000ec   Code   RO         4739    i.__kernel_sin      m_ws.l(sin_i.o)
    0x08002df0   0x00000006   Code   RO         4717    i.__mathlib_dbl_infnan  m_ws.l(dunder.o)
    0x08002df6   0x0000000c   Code   RO         4719    i.__mathlib_dbl_invalid  m_ws.l(dunder.o)
    0x08002e02   0x00000002   PAD
    0x08002e04   0x00000010   Code   RO         4722    i.__mathlib_dbl_underflow  m_ws.l(dunder.o)
    0x08002e14   0x0000000e   Code   RO         4807    i.__scatterload_copy  mc_w.l(handlers.o)
    0x08002e22   0x00000002   Code   RO         4808    i.__scatterload_null  mc_w.l(handlers.o)
    0x08002e24   0x0000000e   Code   RO         4809    i.__scatterload_zeroinit  mc_w.l(handlers.o)
    0x08002e32   0x00000002   PAD
    0x08002e34   0x0000000c   Code   RO         4774    i.__set_errno       mc_w.l(errno.o)
    0x08002e40   0x00000184   Code   RO         4650    i._fp_digits        mc_w.l(printfa.o)
    0x08002fc4   0x000006b4   Code   RO         4651    i._printf_core      mc_w.l(printfa.o)
    0x08003678   0x00000024   Code   RO         4652    i._printf_post_padding  mc_w.l(printfa.o)
    0x0800369c   0x0000002e   Code   RO         4653    i._printf_pre_padding  mc_w.l(printfa.o)
    0x080036ca   0x0000000a   Code   RO         4655    i._sputc            mc_w.l(printfa.o)
    0x080036d4   0x00000018   Code   RO         3376    i.abs_float         y_global.o
    0x080036ec   0x0000027c   Code   RO         4354    i.acos              m_ws.l(acos.o)
    0x08003968   0x00000024   Code   RO         4129    i.app_gpio_init     app_gpio.o
    0x0800398c   0x00000044   Code   RO         4131    i.app_led_run       app_gpio.o
    0x080039d0   0x00000008   Code   RO         4160    i.app_ps2_init      app_ps2.o
    0x080039d8   0x00000060   Code   RO         4161    i.app_ps2_run       app_ps2.o
    0x08003a38   0x00000070   Code   RO         4193    i.app_sensor_init   app_sensor.o
    0x08003aa8   0x00000080   Code   RO         4194    i.app_sensor_run    app_sensor.o
    0x08003b28   0x00000044   Code   RO         4132    i.app_setup_start   app_gpio.o
    0x08003b6c   0x00000034   Code   RO         4244    i.app_uart_init     app_uart.o
    0x08003ba0   0x00000060   Code   RO         4245    i.app_uart_run      app_uart.o
    0x08003c00   0x00000220   Code   RO         4364    i.atan              m_ws.l(atan.o)
    0x08003e20   0x0000002c   Code   RO         3121    i.beep_init         y_beep.o
    0x08003e4c   0x00000034   Code   RO         3122    i.beep_on_times     y_beep.o
    0x08003e80   0x0000009c   Code   RO         4374    i.cos               m_ws.l(cos.o)
    0x08003f1c   0x0000002a   Code   RO         3210    i.delay_ms          y_delay.o
    0x08003f46   0x0000001e   Code   RO         3212    i.delay_us          y_delay.o
    0x08003f64   0x00000040   Code   RO         3378    i.do_group_once     y_global.o
    0x08003fa4   0x0000001c   Code   RO         3960    i.fputc             y_usart.o
    0x08003fc0   0x0000005c   Code   RO         3379    i.getMaxTime        y_global.o
    0x0800401c   0x00000020   Code   RO         3687    i.i2c_ack           y_soft_i2c.o
    0x0800403c   0x00000014   Code   RO         3688    i.i2c_delay         y_soft_i2c.o
    0x08004050   0x0000001c   Code   RO         3691    i.i2c_nack          y_soft_i2c.o
    0x0800406c   0x00000042   Code   RO         3694    i.i2c_read_byte     y_soft_i2c.o
    0x080040ae   0x0000001c   Code   RO         3695    i.i2c_start         y_soft_i2c.o
    0x080040ca   0x00000018   Code   RO         3696    i.i2c_stop          y_soft_i2c.o
    0x080040e2   0x0000000a   Code   RO         3697    i.i2c_timeout_delay  y_soft_i2c.o
    0x080040ec   0x00000036   Code   RO         3698    i.i2c_wait_ack      y_soft_i2c.o
    0x08004122   0x00000042   Code   RO         3701    i.i2c_write_byte    y_soft_i2c.o
    0x08004164   0x0000000a   Code   RO         3381    i.int_exchange      y_global.o
    0x0800416e   0x00000002   PAD
    0x08004170   0x00000620   Code   RO         3528    i.kinematics_analysis  y_kinematics.o
    0x08004790   0x000000a4   Code   RO         3382    i.kinematics_move   y_global.o
    0x08004834   0x0000002c   Code   RO         3552    i.led_init          y_led.o
    0x08004860   0x000000fc   Code   RO         3383    i.loop_action       y_global.o
    0x0800495c   0x0000003c   Code   RO         3384    i.loop_monitor      y_global.o
    0x08004998   0x00000054   Code   RO         4263    i.main              main.o
    0x080049ec   0x0000000c   Code   RO         3914    i.millis            y_timer.o
    0x080049f8   0x000000dc   Code   RO         4264    i.others_init       main.o
    0x08004ad4   0x0000044c   Code   RO         3385    i.parse_action      y_global.o
    0x08004f20   0x0000068c   Code   RO         3386    i.parse_cmd         y_global.o
    0x080055ac   0x000002a8   Code   RO         4162    i.parse_psx_buf     app_ps2.o
    0x08005854   0x0000005c   Code   RO         3387    i.print_group       y_global.o
    0x080058b0   0x00000088   Code   RO         3564    i.ps2_init          y_ps2.o
    0x08005938   0x00000074   Code   RO         3565    i.ps2_transfer      y_ps2.o
    0x080059ac   0x0000007c   Code   RO         3566    i.ps2_write_read    y_ps2.o
    0x08005a28   0x0000005e   Code   RO         3595    i.rcc_init          y_rcc.o
    0x08005a86   0x00000014   Code   RO         3388    i.replace_char      y_global.o
    0x08005a9a   0x00000002   PAD
    0x08005a9c   0x0000002c   Code   RO         3389    i.rewrite_eeprom    y_global.o
    0x08005ac8   0x00000140   Code   RO         3390    i.save_action       y_global.o
    0x08005c08   0x000000a0   Code   RO         3610    i.sensor_sr_ultrasonic_read  y_sensor.o
    0x08005ca8   0x000000d4   Code   RO         3647    i.servo_inc_offset  y_servo.o
    0x08005d7c   0x000000bc   Code   RO         3648    i.servo_init        y_servo.o
    0x08005e38   0x0000006c   Code   RO         3649    i.servo_pin_set     y_servo.o
    0x08005ea4   0x000000d8   Code   RO         3392    i.set_servo         y_global.o
    0x08005f7c   0x000000a0   Code   RO         4382    i.sin               m_ws.l(sin.o)
    0x0800601c   0x00000034   Code   RO         3702    i.soft_i2c_gpio_init  y_soft_i2c.o
    0x08006050   0x00000044   Code   RO         4265    i.soft_reset        main.o
    0x08006094   0x0000004c   Code   RO         3236    i.spi_flash_erase_sector  y_flash.o
    0x080060e0   0x000000b4   Code   RO         3237    i.spi_flash_init    y_flash.o
    0x08006194   0x00000060   Code   RO         3238    i.spi_flash_on      y_flash.o
    0x080061f4   0x00000058   Code   RO         3240    i.spi_flash_read    y_flash.o
    0x0800624c   0x00000030   Code   RO         3241    i.spi_flash_read_SR  y_flash.o
    0x0800627c   0x00000012   Code   RO         3244    i.spi_flash_wait_busy  y_flash.o
    0x0800628e   0x00000002   PAD
    0x08006290   0x00000024   Code   RO         3250    i.spi_flash_write_enable  y_flash.o
    0x080062b4   0x00000046   Code   RO         3251    i.spi_flash_write_no_check  y_flash.o
    0x080062fa   0x00000002   PAD
    0x080062fc   0x0000006c   Code   RO         3252    i.spi_flash_write_page  y_flash.o
    0x08006368   0x00000024   Code   RO         3254    i.spi_set_speed     y_flash.o
    0x0800638c   0x00000054   Code   RO         3255    i.spi_write_read    y_flash.o
    0x080063e0   0x0000004c   Code   RO         4390    i.sqrt              m_ws.l(sqrt.o)
    0x0800642c   0x0000004a   Code   RO         3393    i.str_contain_str   y_global.o
    0x08006476   0x00000002   PAD
    0x08006478   0x00000030   Code   RO         3915    i.timer1_init       y_timer.o
    0x080064a8   0x000000bc   Code   RO         3961    i.uart1_init        y_usart.o
    0x08006564   0x00000020   Code   RO         3962    i.uart1_send_byte   y_usart.o
    0x08006584   0x00000016   Code   RO         3964    i.uart1_send_str    y_usart.o
    0x0800659a   0x00000002   PAD
    0x0800659c   0x000000d4   Code   RO         3965    i.uart3_init        y_usart.o
    0x08006670   0x00000020   Code   RO         3966    i.uart3_send_byte   y_usart.o
    0x08006690   0x00000016   Code   RO         3967    i.uart3_send_str    y_usart.o
    0x080066a6   0x00000002   PAD
    0x080066a8   0x00000040   Code   RO         3611    i.ultrasonic_sensor_init  y_sensor.o
    0x080066e8   0x00000028   Code   RO         4034    i.ws2812b_busy_check  y_ws2812b.o
    0x08006710   0x00000024   Code   RO         4035    i.ws2812b_config_gpio_AF  y_ws2812b.o
    0x08006734   0x00000024   Code   RO         4036    i.ws2812b_config_gpio_OUT  y_ws2812b.o
    0x08006758   0x0000000c   Code   RO         4037    i.ws2812b_delay     y_ws2812b.o
    0x08006764   0x00000028   Code   RO         4038    i.ws2812b_fill      y_ws2812b.o
    0x0800678c   0x000000cc   Code   RO         4039    i.ws2812b_init      y_ws2812b.o
    0x08006858   0x00000028   Code   RO         4040    i.ws2812b_reset     y_ws2812b.o
    0x08006880   0x00000078   Code   RO         4041    i.ws2812b_show      y_ws2812b.o
    0x080068f8   0x000000c0   Code   RO         4043    i.ws2812b_test      y_ws2812b.o
    0x080069b8   0x0000003c   Code   RO         4044    i.ws2812b_write_24bit  y_ws2812b.o
    0x080069f4   0x00000024   Code   RO         3394    i.zx_uart_send_str  y_global.o
    0x08006a18   0x00000020   Data   RO         4046    .constdata          y_ws2812b.o
    0x08006a38   0x00000050   Data   RO         4355    .constdata          m_ws.l(acos.o)
    0x08006a88   0x00000098   Data   RO         4365    .constdata          m_ws.l(atan.o)
    0x08006b20   0x00000030   Data   RO         4714    .constdata          m_ws.l(cos_i.o)
    0x08006b50   0x000000c8   Data   RO         4736    .constdata          m_ws.l(rred.o)
    0x08006c18   0x00000028   Data   RO         4740    .constdata          m_ws.l(sin_i.o)
    0x08006c40   0x00000040   Data   RO         4803    .constdata          mc_w.l(ctype_c.o)
    0x08006c80   0x00000485   Data   RO         4163    .conststring        app_ps2.o
    0x08007105   0x00000003   PAD
    0x08007108   0x00000020   Data   RO         4805    Region$$Table       anon$$obj.o


    Execution Region RW_IRAM1 (Base: 0x20000000, Size: 0x00001ff0, Max: 0x00005000, ABSOLUTE)

    Base Addr    Size         Type   Attr      Idx    E Section Name        Object

    0x20000000   0x00000014   Data   RW           21    .data               system_stm32f10x.o
    0x20000014   0x00000014   Data   RW         1742    .data               stm32f10x_rcc.o
    0x20000028   0x00000005   Data   RW         3257    .data               y_flash.o
    0x2000002d   0x00000003   PAD
    0x20000030   0x00000034   Data   RW         3396    .data               y_global.o
    0x20000064   0x0000000c   Data   RW         3833    .data               y_tcs34725.o
    0x20000070   0x00000006   Data   RW         3916    .data               y_timer.o
    0x20000076   0x00000008   Data   RW         3969    .data               y_usart.o
    0x2000007e   0x00000001   Data   RW         4047    .data               y_ws2812b.o
    0x2000007f   0x00000001   PAD
    0x20000080   0x00000004   Data   RW         4133    .data               app_gpio.o
    0x20000084   0x0000008e   Data   RW         4164    .data               app_ps2.o
    0x20000112   0x00000002   PAD
    0x20000114   0x00000008   Data   RW         4195    .data               app_sensor.o
    0x2000011c   0x00000004   Data   RW         4761    .data               mc_w.l(stdout.o)
    0x20000120   0x00000004   Data   RW         4775    .data               mc_w.l(errno.o)
    0x20000124   0x00001012   Zero   RW         3256    .bss                y_flash.o
    0x20001136   0x00000002   PAD
    0x20001138   0x000004c0   Zero   RW         3395    .bss                y_global.o
    0x200015f8   0x00000058   Zero   RW         3530    .bss                y_kinematics.o
    0x20001650   0x00000009   Zero   RW         3567    .bss                y_ps2.o
    0x20001659   0x00000003   PAD
    0x2000165c   0x00000060   Zero   RW         3650    .bss                y_servo.o
    0x200016bc   0x00000414   Zero   RW         3968    .bss                y_usart.o
    0x20001ad0   0x00000120   Zero   RW         4045    .bss                y_ws2812b.o
    0x20001bf0   0x00000400   Zero   RW           91    STACK               startup_stm32f10x_md.o


==============================================================================

Image component sizes


      Code (inc. data)   RO Data    RW Data    ZI Data      Debug   Object Name

       172         18          0          4          0       1428   app_gpio.o
       784         72       1157        142          0       2599   app_ps2.o
       880        220          0          8          0       3648   app_sensor.o
       148         40          0          0          0        951   app_uart.o
         0          0          0          0          0       4532   core_cm3.o
       396         44          0          0          0      17221   main.o
       112         12          0          0          0     204484   misc.o
        36          8        236          0       1024        812   startup_stm32f10x_md.o
       178         18          0          0          0       4957   stm32f10x_dma.o
       476          6          0          0          0       5591   stm32f10x_gpio.o
        24          0          0          0          0       3432   stm32f10x_it.o
       792        110          0         20          0      12028   stm32f10x_rcc.o
       112          0          0          0          0       3758   stm32f10x_spi.o
       474         62          0          0          0       7461   stm32f10x_tim.o
       578         28          0          0          0       7148   stm32f10x_usart.o
       328         28          0         20          0      62885   system_stm32f10x.o
        96         12          0          0          0       2296   y_beep.o
        72          0          0          0          0       1018   y_delay.o
      1020         74          0          5       4114       8411   y_flash.o
      4244        718          0         52       1216      13255   y_global.o
      1568         64          0          0         88       2559   y_kinematics.o
        44          4          0          0          0        479   y_led.o
       376         20          0          0          9       2169   y_ps2.o
        94          0          0          0          0        515   y_rcc.o
       332         46          0          0          0       2658   y_sensor.o
       508         28          0          0         96       3702   y_servo.o
       508         26          0          0          0       7548   y_soft_i2c.o
       524          0          0         12          0       9648   y_tcs34725.o
       442         40          0          6          0      18697   y_timer.o
      1136         76          0          8       1044       6584   y_usart.o
       918         84         32          1        288      22900   y_ws2812b.o

    ----------------------------------------------------------------------
     17400       1858       1460        284       7884     445374   Object Totals
         0          0         32          0          0          0   (incl. Generated)
        28          0          3          6          5          0   (incl. Padding)

    ----------------------------------------------------------------------

      Code (inc. data)   RO Data    RW Data    ZI Data      Debug   Library Member Name

       636         62         80          0          0        188   acos.o
       544         70        152          0          0        124   atan.o
       156          8          0          0          0        104   cos.o
       252         22         48          0          0        124   cos_i.o
        34          6          0          0          0        204   dunder.o
        40          0          0          0          0         68   fpclassify.o
       170          0          0          0          0         96   poly.o
       904         76        200          0          0        140   rred.o
       160         10          0          0          0        108   sin.o
       236         12         40          0          0        128   sin_i.o
        76          0          0          0          0         84   sqrt.o
        56          8          0          0          0         84   __0sscanf.o
        28          0          0          0          0         68   _chval.o
       816          6          0          0          0        112   _scanf.o
       332          0          0          0          0         96   _scanf_int.o
        64          0          0          0          0         84   _sgetc.o
        40          6         64          0          0         68   ctype_c.o
         0          0          0          0          0          0   entry.o
         0          0          0          0          0          0   entry10a.o
         0          0          0          0          0          0   entry11a.o
         4          0          0          0          0          0   entry12b.o
         8          4          0          0          0          0   entry2.o
         4          0          0          0          0          0   entry5.o
         0          0          0          0          0          0   entry7b.o
         0          0          0          0          0          0   entry8b.o
         8          4          0          0          0          0   entry9a.o
        12          6          0          4          0         68   errno.o
        30          0          0          0          0          0   handlers.o
        36          8          0          0          0         68   init.o
        10          0          0          0          0         68   isspace_c.o
         0          0          0          0          0          0   iusefp.o
        30          0          0          0          0         68   llshl.o
        36          0          0          0          0         68   llsshr.o
        32          0          0          0          0         68   llushr.o
        36          0          0          0          0         68   memcpya.o
        36          0          0          0          0        108   memseta.o
      2268         96          0          0          0        616   printfa.o
        40          8          0          0          0         84   scanf_char.o
         0          0          0          4          0          0   stdout.o
        18          0          0          0          0         68   strcpy.o
        14          0          0          0          0         68   strlen.o
        44          0          0          0          0         80   uidiv.o
        98          0          0          0          0         92   uldiv.o
        48          0          0          0          0         68   cdcmple.o
        48          0          0          0          0         68   cdrcmple.o
        20          0          0          0          0         68   cfcmple.o
        20          0          0          0          0         68   cfrcmple.o
        56          0          0          0          0         88   d2f.o
       334          0          0          0          0        148   dadd.o
       222          0          0          0          0        100   ddiv.o
       186          0          0          0          0        176   depilogue.o
        62          0          0          0          0         80   dfixi.o
        48          0          0          0          0         68   dfixul.o
        34          0          0          0          0         76   dflti.o
        26          0          0          0          0         76   dfltui.o
       228          0          0          0          0         96   dmul.o
        46          0          0          0          0         80   dscalb.o
       162          0          0          0          0        100   dsqrt.o
        38          0          0          0          0         68   f2d.o
       176          0          0          0          0        140   fadd.o
       124          0          0          0          0         88   fdiv.o
       110          0          0          0          0        168   fepilogue.o
        50          0          0          0          0         68   ffixi.o
        40          0          0          0          0         68   ffixui.o
        18          0          0          0          0         68   fflti.o
        10          0          0          0          0         68   ffltui.o
       100          0          0          0          0         76   fmul.o

    ----------------------------------------------------------------------
      9524        412        584          8          0       5644   Library Totals
        10          0          0          0          0          0   (incl. Padding)

    ----------------------------------------------------------------------

      Code (inc. data)   RO Data    RW Data    ZI Data      Debug   Library Name

      3208        266        520          0          0       1368   m_ws.l
      4100        146         64          8          0       2104   mc_w.l
      2206          0          0          0          0       2172   mf_w.l

    ----------------------------------------------------------------------
      9524        412        584          8          0       5644   Library Totals

    ----------------------------------------------------------------------

==============================================================================


      Code (inc. data)   RO Data    RW Data    ZI Data      Debug   

     26924       2270       2044        292       7884     438534   Grand Totals
     26924       2270       2044        292       7884     438534   ELF Image Totals
     26924       2270       2044        292          0          0   ROM Totals

==============================================================================

    Total RO  Size (Code + RO Data)                28968 (  28.29kB)
    Total RW  Size (RW Data + ZI Data)              8176 (   7.98kB)
    Total ROM Size (Code + RO Data + RW Data)      29260 (  28.57kB)

==============================================================================

